Archive member included to satisfy reference by file (symbol)

../../libDaisy/build/libdaisy.a(daisy_seed.o)
                              build/hearing_aid.o (daisy::DaisySeed::StartAudio(void (*)(float const* const*, float**, unsigned int)))
../../libDaisy/build/libdaisy.a(codec_ak4556.o)
                              ../../libDaisy/build/libdaisy.a(daisy_seed.o) (daisy::Ak4556::Init(dsy_gpio_pin))
../../libDaisy/build/libdaisy.a(codec_wm8731.o)
                              ../../libDaisy/build/libdaisy.a(daisy_seed.o) (daisy::Wm8731::Init(daisy::Wm8731::Config const&, daisy::I2CHandle))
../../libDaisy/build/libdaisy.a(sdram.o)
                              ../../libDaisy/build/libdaisy.a(daisy_seed.o) (SdramHandle::Init())
../../libDaisy/build/libdaisy.a(audio.o)
                              ../../libDaisy/build/libdaisy.a(daisy_seed.o) (daisy::AudioHandle::Init(daisy::AudioHandle::Config const&, daisy::SaiHandle))
../../libDaisy/build/libdaisy.a(gpio.o)
                              ../../libDaisy/build/libdaisy.a(daisy_seed.o) (daisy::GPIO::Init(daisy::Pin, daisy::GPIO::Mode, daisy::GPIO::Pull, daisy::GPIO::Speed))
../../libDaisy/build/libdaisy.a(i2c.o)
                              ../../libDaisy/build/libdaisy.a(daisy_seed.o) (daisy::I2CHandle::Init(daisy::I2CHandle::Config const&))
../../libDaisy/build/libdaisy.a(qspi.o)
                              ../../libDaisy/build/libdaisy.a(daisy_seed.o) (daisy::QSPIHandle::Init(daisy::QSPIHandle::Config const&))
../../libDaisy/build/libdaisy.a(sai.o)
                              ../../libDaisy/build/libdaisy.a(daisy_seed.o) (daisy::SaiHandle::Init(daisy::SaiHandle::Config const&))
../../libDaisy/build/libdaisy.a(system.o)
                              ../../libDaisy/build/libdaisy.a(daisy_seed.o) (daisy::System::DeInit())
../../libDaisy/build/libdaisy.a(system_stm32h7xx.o)
                              build/startup_stm32h750xx.o (SystemInit)
../../libDaisy/build/libdaisy.a(usbd_conf.o)
                              ../../libDaisy/build/libdaisy.a(system.o) (hpcd_USB_OTG_HS)
../../libDaisy/build/libdaisy.a(usbh_conf.o)
                              ../../libDaisy/build/libdaisy.a(system.o) (hhcd_USB_OTG_HS)
../../libDaisy/build/libdaisy.a(hal_map.o)
                              ../../libDaisy/build/libdaisy.a(gpio.o) (dsy_hal_map_get_port)
../../libDaisy/build/libdaisy.a(stm32h7xx_hal.o)
                              ../../libDaisy/build/libdaisy.a(system.o) (HAL_Init)
../../libDaisy/build/libdaisy.a(stm32h7xx_hal_cortex.o)
                              ../../libDaisy/build/libdaisy.a(stm32h7xx_hal.o) (HAL_NVIC_SetPriorityGrouping)
../../libDaisy/build/libdaisy.a(stm32h7xx_hal_dma.o)
                              ../../libDaisy/build/libdaisy.a(i2c.o) (HAL_DMA_Init)
../../libDaisy/build/libdaisy.a(stm32h7xx_hal_gpio.o)
                              ../../libDaisy/build/libdaisy.a(sdram.o) (HAL_GPIO_Init)
../../libDaisy/build/libdaisy.a(stm32h7xx_hal_hcd.o)
                              ../../libDaisy/build/libdaisy.a(usbh_conf.o) (HAL_HCD_HC_Init)
../../libDaisy/build/libdaisy.a(stm32h7xx_hal_i2c.o)
                              ../../libDaisy/build/libdaisy.a(i2c.o) (HAL_I2C_Init)
../../libDaisy/build/libdaisy.a(stm32h7xx_hal_i2c_ex.o)
                              ../../libDaisy/build/libdaisy.a(i2c.o) (HAL_I2CEx_ConfigAnalogFilter)
../../libDaisy/build/libdaisy.a(stm32h7xx_hal_pcd.o)
                              ../../libDaisy/build/libdaisy.a(usbd_conf.o) (HAL_PCD_Init)
../../libDaisy/build/libdaisy.a(stm32h7xx_hal_pcd_ex.o)
                              ../../libDaisy/build/libdaisy.a(usbd_conf.o) (HAL_PCDEx_SetTxFiFo)
../../libDaisy/build/libdaisy.a(stm32h7xx_hal_pwr_ex.o)
                              ../../libDaisy/build/libdaisy.a(system.o) (HAL_PWREx_ConfigSupply)
../../libDaisy/build/libdaisy.a(stm32h7xx_hal_qspi.o)
                              ../../libDaisy/build/libdaisy.a(qspi.o) (HAL_QSPI_Init)
../../libDaisy/build/libdaisy.a(stm32h7xx_hal_rcc.o)
                              ../../libDaisy/build/libdaisy.a(system.o) (HAL_RCC_OscConfig)
../../libDaisy/build/libdaisy.a(stm32h7xx_hal_rcc_ex.o)
                              ../../libDaisy/build/libdaisy.a(system.o) (HAL_RCCEx_PeriphCLKConfig)
../../libDaisy/build/libdaisy.a(stm32h7xx_hal_sai.o)
                              ../../libDaisy/build/libdaisy.a(sai.o) (HAL_SAI_InitProtocol)
../../libDaisy/build/libdaisy.a(stm32h7xx_hal_sdram.o)
                              ../../libDaisy/build/libdaisy.a(sdram.o) (HAL_SDRAM_Init)
../../libDaisy/build/libdaisy.a(stm32h7xx_ll_fmc.o)
                              ../../libDaisy/build/libdaisy.a(stm32h7xx_hal_sdram.o) (FMC_SDRAM_Init)
../../libDaisy/build/libdaisy.a(stm32h7xx_ll_usb.o)
                              ../../libDaisy/build/libdaisy.a(stm32h7xx_hal_hcd.o) (USB_CoreInit)
../../libDaisy/build/libdaisy.a(usbd_core.o)
                              ../../libDaisy/build/libdaisy.a(usbd_conf.o) (USBD_LL_SetupStage)
[...]
Memory Configuration

Name             Origin             Length             Attributes
FLASH            0x08000000         0x00020000         xr
DTCMRAM          0x20000000         0x00020000         xrw
SRAM             0x24000000         0x00080000         xrw
RAM_D2           0x30000000         0x00048000         xrw
RAM_D3           0x38000000         0x00010000         xrw
BACKUP_SRAM      0x38800000         0x00001000         xrw
ITCMRAM          0x00000000         0x00010000         xrw
SDRAM            0xc0000000         0x04000000         xrw
QSPIFLASH        0x90000000         0x00800000         xr
*default*        0x00000000         0xffffffff

Linker script and memory map

LOAD /Applications/ArmGNUToolchain/14.2.rel1/arm-none-eabi/bin/../lib/gcc/arm-none-eabi/14.2.1/thumb/v7e-m+dp/hard/crti.o
LOAD /Applications/ArmGNUToolchain/14.2.rel1/arm-none-eabi/bin/../lib/gcc/arm-none-eabi/14.2.1/thumb/v7e-m+dp/hard/crtbegin.o
LOAD /Applications/ArmGNUToolchain/14.2.rel1/arm-none-eabi/bin/../lib/gcc/arm-none-eabi/14.2.1/../../../../arm-none-eabi/lib/thumb/v7e-m+dp/hard/crt0.o
LOAD build/startup_stm32h750xx.o
LOAD build/hearing_aid.o
LOAD ../../libDaisy/build/libdaisy.a
LOAD /Applications/ArmGNUToolchain/14.2.rel1/arm-none-eabi/bin/../lib/gcc/arm-none-eabi/14.2.1/../../../../arm-none-eabi/lib/thumb/v7e-m+dp/hard/libnosys.a
LOAD ../../DaisySP//build/libdaisysp.a
LOAD /Applications/ArmGNUToolchain/14.2.rel1/arm-none-eabi/bin/../lib/gcc/arm-none-eabi/14.2.1/../../../../arm-none-eabi/lib/thumb/v7e-m+dp/hard/libstdc++_nano.a
LOAD /Applications/ArmGNUToolchain/14.2.rel1/arm-none-eabi/bin/../lib/gcc/arm-none-eabi/14.2.1/../../../../arm-none-eabi/lib/thumb/v7e-m+dp/hard/libm.a
LOAD /Applications/ArmGNUToolchain/14.2.rel1/arm-none-eabi/bin/../lib/gcc/arm-none-eabi/14.2.1/../../../../arm-none-eabi/lib/thumb/v7e-m+dp/hard/libc_nano.a
START GROUP
LOAD /Applications/ArmGNUToolchain/14.2.rel1/arm-none-eabi/bin/../lib/gcc/arm-none-eabi/14.2.1/thumb/v7e-m+dp/hard/libgcc.a
LOAD /Applications/ArmGNUToolchain/14.2.rel1/arm-none-eabi/bin/../lib/gcc/arm-none-eabi/14.2.1/../../../../arm-none-eabi/lib/thumb/v7e-m+dp/hard/libc_nano.a
END GROUP
START GROUP
LOAD /Applications/ArmGNUToolchain/14.2.rel1/arm-none-eabi/bin/../lib/gcc/arm-none-eabi/14.2.1/thumb/v7e-m+dp/hard/libgcc.a
LOAD /Applications/ArmGNUToolchain/14.2.rel1/arm-none-eabi/bin/../lib/gcc/arm-none-eabi/14.2.1/../../../../arm-none-eabi/lib/thumb/v7e-m+dp/hard/libc_nano.a
LOAD /Applications/ArmGNUToolchain/14.2.rel1/arm-none-eabi/bin/../lib/gcc/arm-none-eabi/14.2.1/../../../../arm-none-eabi/lib/thumb/v7e-m+dp/hard/libnosys.a
END GROUP
START GROUP
LOAD /Applications/ArmGNUToolchain/14.2.rel1/arm-none-eabi/bin/../lib/gcc/arm-none-eabi/14.2.1/thumb/v7e-m+dp/hard/libgcc.a
LOAD /Applications/ArmGNUToolchain/14.2.rel1/arm-none-eabi/bin/../lib/gcc/arm-none-eabi/14.2.1/../../../../arm-none-eabi/lib/thumb/v7e-m+dp/hard/libc_nano.a
LOAD /Applications/ArmGNUToolchain/14.2.rel1/arm-none-eabi/bin/../lib/gcc/arm-none-eabi/14.2.1/../../../../arm-none-eabi/lib/thumb/v7e-m+dp/hard/libnosys.a
END GROUP
LOAD /Applications/ArmGNUToolchain/14.2.rel1/arm-none-eabi/bin/../lib/gcc/arm-none-eabi/14.2.1/thumb/v7e-m+dp/hard/crtend.o
LOAD /Applications/ArmGNUToolchain/14.2.rel1/arm-none-eabi/bin/../lib/gcc/arm-none-eabi/14.2.1/thumb/v7e-m+dp/hard/crtn.o
                0x20020000                        _estack = 0x20020000

.isr_vector     0x08000000      0x298
                0x08000000                        . = ALIGN (0x4)
 *(.isr_vector)
 .isr_vector    0x08000000      0x298 build/startup_stm32h750xx.o
                0x08000000                g_pfnVectors
                0x08000298                        . = ALIGN (0x4)

.text           0x08000298     0xf500
                0x08000298                        . = ALIGN (0x4)
                0x08000298                        _stext = .
 *(.text)
 .text          0x08000298      0x378 /Applications/ArmGNUToolchain/14.2.rel1/arm-none-eabi/bin/../lib/gcc/arm-none-eabi/14.2.1/thumb/v7e-m+dp/hard/libgcc.a(_arm_addsubdf3.o)
                0x08000298                __aeabi_drsub
                0x080002a0                __subdf3
                0x080002a0                __aeabi_dsub
                0x080002a4                __aeabi_dadd
                0x080002a4                __adddf3
                0x0800051c                __aeabi_ui2d
                0x0800051c                __floatunsidf
                0x0800053c                __floatsidf
                0x0800053c                __aeabi_i2d
                0x08000560                __extendsfdf2
                0x08000560                __aeabi_f2d
                0x080005a4                __aeabi_ul2d
                0x080005a4                __floatundidf
                0x080005b4                __aeabi_l2d
                0x080005b4                __floatdidf
 .text          0x08000610       0x30 /Applications/ArmGNUToolchain/14.2.rel1/arm-none-eabi/bin/../lib/gcc/arm-none-eabi/14.2.1/thumb/v7e-m+dp/hard/libgcc.a(_aeabi_uldivmod.o)
                0x08000610                __aeabi_uldivmod
 .text          0x08000640        0x4 /Applications/ArmGNUToolchain/14.2.rel1/arm-none-eabi/bin/../lib/gcc/arm-none-eabi/14.2.1/thumb/v7e-m+dp/hard/libgcc.a(_dvmd_tls.o)
                0x08000640                __aeabi_ldiv0
                0x08000640                __aeabi_idiv0
 *(.text*)
 .text.deregister_tm_clones
                0x08000644       0x1c /Applications/ArmGNUToolchain/14.2.rel1/arm-none-eabi/bin/../lib/gcc/arm-none-eabi/14.2.1/thumb/v7e-m+dp/hard/crtbegin.o
 .text.register_tm_clones
                0x08000660       0x24 /Applications/ArmGNUToolchain/14.2.rel1/arm-none-eabi/bin/../lib/gcc/arm-none-eabi/14.2.1/thumb/v7e-m+dp/hard/crtbegin.o
 .text.__do_global_dtors_aux
                0x08000684       0x28 /Applications/ArmGNUToolchain/14.2.rel1/arm-none-eabi/bin/../lib/gcc/arm-none-eabi/14.2.1/thumb/v7e-m+dp/hard/crtbegin.o
 .text.frame_dummy
                0x080006ac       0x24 /Applications/ArmGNUToolchain/14.2.rel1/arm-none-eabi/bin/../lib/gcc/arm-none-eabi/14.2.1/thumb/v7e-m+dp/hard/crtbegin.o
 .text.Default_Handler
                0x080006d0        0x4 build/startup_stm32h750xx.o
                0x080006d0                SAI1_IRQHandler
                0x080006d0                HASH_RNG_IRQHandler
                0x080006d0                EXTI2_IRQHandler
                0x080006d0                TIM8_CC_IRQHandler
                0x080006d0                HRTIM1_Master_IRQHandler
                0x080006d0                DebugMon_Handler
                0x080006d0                TIM1_CC_IRQHandler
                0x080006d0                BDMA_Channel6_IRQHandler
                0x080006d0                DMA2_Stream5_IRQHandler
                0x080006d0                HRTIM1_FLT_IRQHandler
                0x080006d0                JPEG_IRQHandler
                0x080006d0                BDMA_Channel1_IRQHandler
                0x080006d0                HRTIM1_TIMD_IRQHandler
                0x080006d0                TAMP_STAMP_IRQHandler
                0x080006d0                PendSV_Handler
                0x080006d0                NMI_Handler
                0x080006d0                EXTI3_IRQHandler
                0x080006d0                LPTIM4_IRQHandler
                0x080006d0                TIM8_TRG_COM_TIM14_IRQHandler
                0x080006d0                LPTIM2_IRQHandler
                0x080006d0                DFSDM1_FLT1_IRQHandler
                0x080006d0                DMAMUX2_OVR_IRQHandler
                0x080006d0                TIM8_UP_TIM13_IRQHandler
                0x080006d0                I2C3_ER_IRQHandler
                0x080006d0                DFSDM1_FLT2_IRQHandler
                0x080006d0                MDMA_IRQHandler
                0x080006d0                LPTIM3_IRQHandler
                0x080006d0                HSEM1_IRQHandler
                0x080006d0                EXTI0_IRQHandler
                0x080006d0                DMA1_Stream2_IRQHandler
                0x080006d0                FPU_IRQHandler
                0x080006d0                OTG_HS_WKUP_IRQHandler
                0x080006d0                FDCAN1_IT1_IRQHandler
                0x080006d0                UsageFault_Handler
                0x080006d0                LTDC_ER_IRQHandler
                0x080006d0                HRTIM1_TIME_IRQHandler
                0x080006d0                TIM6_DAC_IRQHandler
                0x080006d0                DCMI_IRQHandler
                0x080006d0                HRTIM1_TIMC_IRQHandler
                0x080006d0                SAI2_IRQHandler
                0x080006d0                DFSDM1_FLT3_IRQHandler
                0x080006d0                TIM17_IRQHandler
                0x080006d0                CRYP_IRQHandler
                0x080006d0                BDMA_Channel7_IRQHandler
                0x080006d0                LPTIM5_IRQHandler
                0x080006d0                ADC3_IRQHandler
                0x080006d0                DMA2_Stream0_IRQHandler
                0x080006d0                BDMA_Channel2_IRQHandler
                0x080006d0                DMAMUX1_OVR_IRQHandler
                0x080006d0                TIM16_IRQHandler
                0x080006d0                BDMA_Channel5_IRQHandler
                0x080006d0                RCC_IRQHandler
                0x080006d0                TIM8_BRK_TIM12_IRQHandler
                0x080006d0                TIM1_TRG_COM_IRQHandler
                0x080006d0                Default_Handler
                0x080006d0                ECC_IRQHandler
                0x080006d0                CEC_IRQHandler
                0x080006d0                EXTI15_10_IRQHandler
                0x080006d0                BDMA_Channel0_IRQHandler
                0x080006d0                ADC_IRQHandler
                0x080006d0                DMA1_Stream7_IRQHandler
                0x080006d0                HRTIM1_TIMA_IRQHandler
                0x080006d0                TIM7_IRQHandler
                0x080006d0                SDMMC1_IRQHandler
                0x080006d0                DMA2_Stream7_IRQHandler
                0x080006d0                TIM15_IRQHandler
                0x080006d0                PVD_AVD_IRQHandler
                0x080006d0                EXTI9_5_IRQHandler
                0x080006d0                RTC_WKUP_IRQHandler
                0x080006d0                LTDC_IRQHandler
                0x080006d0                SAI3_IRQHandler
                0x080006d0                ETH_WKUP_IRQHandler
                0x080006d0                SPDIF_RX_IRQHandler
                0x080006d0                MemManage_Handler
                0x080006d0                SVC_Handler
                0x080006d0                CRS_IRQHandler
                0x080006d0                EXTI4_IRQHandler
                0x080006d0                HRTIM1_TIMB_IRQHandler
                0x080006d0                FDCAN2_IT1_IRQHandler
                0x080006d0                ETH_IRQHandler
                0x080006d0                TIM1_UP_IRQHandler
                0x080006d0                BDMA_Channel4_IRQHandler
                0x080006d0                WWDG_IRQHandler
                0x080006d0                SPI6_IRQHandler
                0x080006d0                I2C4_EV_IRQHandler
                0x080006d0                MDIOS_IRQHandler
                0x080006d0                FDCAN2_IT0_IRQHandler
                0x080006d0                FDCAN1_IT0_IRQHandler
                0x080006d0                OTG_FS_WKUP_IRQHandler
                0x080006d0                DMA2D_IRQHandler
                0x080006d0                TIM1_BRK_IRQHandler
                0x080006d0                EXTI1_IRQHandler
                0x080006d0                SDMMC2_IRQHandler
                0x080006d0                OTG_FS_EP1_OUT_IRQHandler
                0x080006d0                BDMA_Channel3_IRQHandler
                0x080006d0                MDIOS_WKUP_IRQHandler
                0x080006d0                DFSDM1_FLT0_IRQHandler
                0x080006d0                SAI4_IRQHandler
                0x080006d0                I2C2_ER_IRQHandler
                0x080006d0                DMA2_Stream1_IRQHandler
                0x080006d0                FLASH_IRQHandler
                0x080006d0                BusFault_Handler
                0x080006d0                OTG_FS_IRQHandler
                0x080006d0                WAKEUP_PIN_IRQHandler
                0x080006d0                OTG_FS_EP1_IN_IRQHandler
                0x080006d0                I2C1_ER_IRQHandler
                0x080006d0                FMC_IRQHandler
                0x080006d0                FDCAN_CAL_IRQHandler
                0x080006d0                SWPMI1_IRQHandler
                0x080006d0                COMP1_IRQHandler
                0x080006d0                LPTIM1_IRQHandler
                0x080006d0                I2C4_ER_IRQHandler
                0x080006d0                DMA2_Stream6_IRQHandler
                0x080006d0                RTC_Alarm_IRQHandler
 .text.Reset_Handler
                0x080006d4       0x48 build/startup_stm32h750xx.o
                0x080006d4                Reset_Handler
 .text._ZN5daisy9DaisySeedD2Ev
                0x0800071c        0x4 build/hearing_aid.o
                0x0800071c                daisy::DaisySeed::~DaisySeed()
                0x0800071c                daisy::DaisySeed::~DaisySeed()
 .text._Z13AudioCallbackPKPKfPPfj
                0x08000720       0x98 build/hearing_aid.o
                0x08000720                AudioCallback(float const* const*, float**, unsigned int)
 .text._Z16InitCMSISFiltersv
                0x080007b8       0x44 build/hearing_aid.o
                0x080007b8                InitCMSISFilters()
 *fill*         0x080007fc        0x4 
 .text._Z21create_hamming_windowPfi
                0x08000800       0x60 build/hearing_aid.o
                0x08000800                create_hamming_window(float*, int)
 .text.startup.main
                0x08000860       0x40 build/hearing_aid.o
                0x08000860                main
 .text.startup._GLOBAL__sub_I_hw
                0x080008a0       0x28 build/hearing_aid.o
 .text._ZN5daisy9DaisySeed10StartAudioEPFvPKPKfPPfjE
                0x080008c8        0x8 ../../libDaisy/build/libdaisy.a(daisy_seed.o)
                0x080008c8                daisy::DaisySeed::StartAudio(void (*)(float const* const*, float**, unsigned int))
 .text._ZN5daisy9DaisySeed18SetAudioSampleRateENS_9SaiHandle6Config10SampleRateE
                0x080008d0       0x38 ../../libDaisy/build/libdaisy.a(daisy_seed.o)
                0x080008d0                daisy::DaisySeed::SetAudioSampleRate(daisy::SaiHandle::Config::SampleRate)
 .text._ZN5daisy9DaisySeed17SetAudioBlockSizeEj
                0x08000908       0x38 ../../libDaisy/build/libdaisy.a(daisy_seed.o)
                0x08000908                daisy::DaisySeed::SetAudioBlockSize(unsigned int)
 .text._ZN5daisy9DaisySeed17CheckBoardVersionEv
                0x08000940       0x6c ../../libDaisy/build/libdaisy.a(daisy_seed.o)
                0x08000940                daisy::DaisySeed::CheckBoardVersion()
 .text._ZN5daisy9DaisySeed14ConfigureAudioEv
                0x080009ac      0x108 ../../libDaisy/build/libdaisy.a(daisy_seed.o)
                0x080009ac                daisy::DaisySeed::ConfigureAudio()
 .text._ZN5daisy9DaisySeed4InitEb
                0x08000ab4       0xf4 ../../libDaisy/build/libdaisy.a(daisy_seed.o)
                0x08000ab4                daisy::DaisySeed::Init(bool)
 .text._ZN5daisy6Ak45564InitE12dsy_gpio_pin
                0x08000ba8       0x40 ../../libDaisy/build/libdaisy.a(codec_ak4556.o)
                0x08000ba8                daisy::Ak4556::Init(dsy_gpio_pin)
 .text._ZN5daisy6Wm873120WriteControlRegisterEht
                0x08000be8       0x3c ../../libDaisy/build/libdaisy.a(codec_wm8731.o)
                0x08000be8                daisy::Wm8731::WriteControlRegister(unsigned char, unsigned short)
 .text._ZN5daisy6Wm87314InitERKNS0_6ConfigENS_9I2CHandleE
                0x08000c24      0x1ac ../../libDaisy/build/libdaisy.a(codec_wm8731.o)
                0x08000c24                daisy::Wm8731::Init(daisy::Wm8731::Config const&, daisy::I2CHandle)
 .text._ZN11SdramHandle10DeviceInitEv
                0x08000dd0       0x88 ../../libDaisy/build/libdaisy.a(sdram.o)
                0x08000dd0                SdramHandle::DeviceInit()
 .text._ZN11SdramHandle4InitEv
                0x08000e58       0x80 ../../libDaisy/build/libdaisy.a(sdram.o)
                0x08000e58                SdramHandle::Init()
 .text.HAL_SDRAM_MspInit
                0x08000ed8      0x19c ../../libDaisy/build/libdaisy.a(sdram.o)
                0x08000ed8                HAL_SDRAM_MspInit
 .text._ZN5daisy11AudioHandle4Impl16InternalCallbackEPlS2_j
                0x08001074      0xd14 ../../libDaisy/build/libdaisy.a(audio.o)
                0x08001074                daisy::AudioHandle::Impl::InternalCallback(long*, long*, unsigned int)
 .text._ZN5daisy11AudioHandle4InitERKNS0_6ConfigENS_9SaiHandleE
                0x08001d88       0x70 ../../libDaisy/build/libdaisy.a(audio.o)
                0x08001d88                daisy::AudioHandle::Init(daisy::AudioHandle::Config const&, daisy::SaiHandle)
 .text._ZNK5daisy11AudioHandle9GetConfigEv
                0x08001df8        0x8 ../../libDaisy/build/libdaisy.a(audio.o)
                0x08001df8                daisy::AudioHandle::GetConfig() const
 .text._ZN5daisy11AudioHandle12SetBlockSizeEj
                0x08001e00       0x1c ../../libDaisy/build/libdaisy.a(audio.o)
                0x08001e00                daisy::AudioHandle::SetBlockSize(unsigned int)
 .text._ZN5daisy11AudioHandle13GetSampleRateEv
                0x08001e1c        0x8 ../../libDaisy/build/libdaisy.a(audio.o)
                0x08001e1c                daisy::AudioHandle::GetSampleRate()
 .text._ZN5daisy11AudioHandle13SetSampleRateENS_9SaiHandle6Config10SampleRateE
                0x08001e24       0x84 ../../libDaisy/build/libdaisy.a(audio.o)
                0x08001e24                daisy::AudioHandle::SetSampleRate(daisy::SaiHandle::Config::SampleRate)
 .text._ZN5daisy11AudioHandle5StartEPFvPKPKfPPfjE
                0x08001ea8       0x44 ../../libDaisy/build/libdaisy.a(audio.o)
                0x08001ea8                daisy::AudioHandle::Start(void (*)(float const* const*, float**, unsigned int))
 .text.startup._GLOBAL__sub_I__ZN5daisy11AudioHandle4Impl4InitENS0_6ConfigENS_9SaiHandleE
                0x08001eec       0x20 ../../libDaisy/build/libdaisy.a(audio.o)
 .text._ZN5daisy4GPIO4InitENS_3PinENS0_4ModeENS0_4PullENS0_5SpeedE
                0x08001f0c      0x21c ../../libDaisy/build/libdaisy.a(gpio.o)
                0x08001f0c                daisy::GPIO::Init(daisy::Pin, daisy::GPIO::Mode, daisy::GPIO::Pull, daisy::GPIO::Speed)
 .text._ZN5daisy4GPIO4ReadEv
                0x08002128       0x18 ../../libDaisy/build/libdaisy.a(gpio.o)
                0x08002128                daisy::GPIO::Read()
 .text._ZN5daisy4GPIO5WriteEb
                0x08002140       0x14 ../../libDaisy/build/libdaisy.a(gpio.o)
                0x08002140                daisy::GPIO::Write(bool)
 .text.dsy_gpio_init
                0x08002154      0x1bc ../../libDaisy/build/libdaisy.a(gpio.o)
                0x08002154                dsy_gpio_init
 .text.dsy_gpio_write
                0x08002310       0x24 ../../libDaisy/build/libdaisy.a(gpio.o)
                0x08002310                dsy_gpio_write
 .text._ZN5daisy9I2CHandle4Impl8InitPinsEv
                0x08002334       0x58 ../../libDaisy/build/libdaisy.a(i2c.o)
                0x08002334                daisy::I2CHandle::Impl::InitPins()
 .text.HAL_I2C_MspInit
                0x0800238c      0x1b4 ../../libDaisy/build/libdaisy.a(i2c.o)
                0x0800238c                HAL_I2C_MspInit
 .text.dsy_i2c_global_init
                0x08002540       0x70 ../../libDaisy/build/libdaisy.a(i2c.o)
                0x08002540                dsy_i2c_global_init
 .text.DMA1_Stream6_IRQHandler
                0x080025b0       0x30 ../../libDaisy/build/libdaisy.a(i2c.o)
                0x080025b0                DMA1_Stream6_IRQHandler
 .text.I2C1_EV_IRQHandler
                0x080025e0        0xc ../../libDaisy/build/libdaisy.a(i2c.o)
                0x080025e0                I2C1_EV_IRQHandler
 .text.I2C2_EV_IRQHandler
                0x080025ec        0xc ../../libDaisy/build/libdaisy.a(i2c.o)
                0x080025ec                I2C2_EV_IRQHandler
 .text.I2C3_EV_IRQHandler
                0x080025f8        0xc ../../libDaisy/build/libdaisy.a(i2c.o)
                0x080025f8                I2C3_EV_IRQHandler
 .text._ZN5daisy9I2CHandle4InitERKNS0_6ConfigE
                0x08002604      0x120 ../../libDaisy/build/libdaisy.a(i2c.o)
                0x08002604                daisy::I2CHandle::Init(daisy::I2CHandle::Config const&)
 .text._ZN5daisy9I2CHandle16TransmitBlockingEtPhtm
                0x08002724       0x50 ../../libDaisy/build/libdaisy.a(i2c.o)
                0x08002724                daisy::I2CHandle::TransmitBlocking(unsigned short, unsigned char*, unsigned short, unsigned long)
 .text.startup._GLOBAL__sub_I__ZN5daisy9I2CHandle4Impl10GlobalInitEv
                0x08002774       0x18 ../../libDaisy/build/libdaisy.a(i2c.o)
 .text._ZN5daisy10QSPIHandle4Impl11WriteEnableEv
                0x0800278c       0x88 ../../libDaisy/build/libdaisy.a(qspi.o)
                0x0800278c                daisy::QSPIHandle::Impl::WriteEnable()
 *fill*         0x08002814        0x4 
 .text._ZN5daisy10QSPIHandle4Impl17DummyCyclesConfigENS0_6Config6DeviceE
                0x08002818      0x108 ../../libDaisy/build/libdaisy.a(qspi.o)
                0x08002818                daisy::QSPIHandle::Impl::DummyCyclesConfig(daisy::QSPIHandle::Config::Device)
 .text._ZN5daisy10QSPIHandle4Impl10QuadEnableEv
                0x08002920      0x140 ../../libDaisy/build/libdaisy.a(qspi.o)
                0x08002920                daisy::QSPIHandle::Impl::QuadEnable()
 .text._ZN5daisy10QSPIHandle4InitERKNS0_6ConfigE
                0x08002a60      0x180 ../../libDaisy/build/libdaisy.a(qspi.o)
                0x08002a60                daisy::QSPIHandle::Init(daisy::QSPIHandle::Config const&)
 .text.HAL_QSPI_MspInit
                0x08002be0      0x11c ../../libDaisy/build/libdaisy.a(qspi.o)
                0x08002be0                HAL_QSPI_MspInit
 .text.HAL_QSPI_MspDeInit
                0x08002cfc       0x54 ../../libDaisy/build/libdaisy.a(qspi.o)
                0x08002cfc                HAL_QSPI_MspDeInit
 .text.QUADSPI_IRQHandler
                0x08002d50        0xc ../../libDaisy/build/libdaisy.a(qspi.o)
                0x08002d50                QUADSPI_IRQHandler
 .text.startup._GLOBAL__sub_I__ZN5daisy10QSPIHandle4Impl4InitERKNS0_6ConfigE
                0x08002d5c       0x28 ../../libDaisy/build/libdaisy.a(qspi.o)
 .text._ZN5daisy9SaiHandle4Impl8InitPinsEv
                0x08002d84       0xa4 ../../libDaisy/build/libdaisy.a(sai.o)
                0x08002d84                daisy::SaiHandle::Impl::InitPins()
 .text.HAL_SAI_MspInit
                0x08002e28      0x2a8 ../../libDaisy/build/libdaisy.a(sai.o)
                0x08002e28                HAL_SAI_MspInit
 .text.DMA1_Stream0_IRQHandler
                0x080030d0        0xc ../../libDaisy/build/libdaisy.a(sai.o)
                0x080030d0                DMA1_Stream0_IRQHandler
 .text.DMA1_Stream1_IRQHandler
                0x080030dc        0xc ../../libDaisy/build/libdaisy.a(sai.o)
                0x080030dc                DMA1_Stream1_IRQHandler
 .text.DMA1_Stream3_IRQHandler
                0x080030e8        0xc ../../libDaisy/build/libdaisy.a(sai.o)
                0x080030e8                DMA1_Stream3_IRQHandler
 .text.DMA1_Stream4_IRQHandler
                0x080030f4        0xc ../../libDaisy/build/libdaisy.a(sai.o)
                0x080030f4                DMA1_Stream4_IRQHandler
 .text.HAL_SAI_RxHalfCpltCallback
                0x08003100       0x78 ../../libDaisy/build/libdaisy.a(sai.o)
                0x08003100                HAL_SAI_RxHalfCpltCallback
 .text.HAL_SAI_RxCpltCallback
                0x08003178       0x70 ../../libDaisy/build/libdaisy.a(sai.o)
                0x08003178                HAL_SAI_RxCpltCallback
 .text._ZN5daisy9SaiHandle4InitERKNS0_6ConfigE
                0x080031e8      0x1fc ../../libDaisy/build/libdaisy.a(sai.o)
                0x080031e8                daisy::SaiHandle::Init(daisy::SaiHandle::Config const&)
 .text._ZNK5daisy9SaiHandle9GetConfigEv
                0x080033e4        0x4 ../../libDaisy/build/libdaisy.a(sai.o)
                0x080033e4                daisy::SaiHandle::GetConfig() const
 .text._ZN5daisy9SaiHandle8StartDmaEPlS1_jPFvS1_S1_jE
                0x080033e8       0xac ../../libDaisy/build/libdaisy.a(sai.o)
                0x080033e8                daisy::SaiHandle::StartDma(long*, long*, unsigned int, void (*)(long*, long*, unsigned int))
 .text._ZN5daisy9SaiHandle13GetSampleRateEv
                0x08003494       0x24 ../../libDaisy/build/libdaisy.a(sai.o)
                0x08003494                daisy::SaiHandle::GetSampleRate()
 .text._ZNK5daisy9SaiHandle9GetOffsetEv
                0x080034b8        0x8 ../../libDaisy/build/libdaisy.a(sai.o)
                0x080034b8                daisy::SaiHandle::GetOffset() const
 .text._ZN5daisy11TimerHandleD2Ev
                0x080034c0        0x4 ../../libDaisy/build/libdaisy.a(system.o)
                0x080034c0                daisy::TimerHandle::~TimerHandle()
                0x080034c0                daisy::TimerHandle::~TimerHandle()
 .text.SysTick_Handler
                0x080034c4       0x10 ../../libDaisy/build/libdaisy.a(system.o)
                0x080034c4                SysTick_Handler
 .text.OTG_HS_EP1_OUT_IRQHandler
                0x080034d4       0x24 ../../libDaisy/build/libdaisy.a(system.o)
                0x080034d4                OTG_HS_EP1_OUT_IRQHandler
 .text.OTG_HS_EP1_IN_IRQHandler
                0x080034f8       0x24 ../../libDaisy/build/libdaisy.a(system.o)
                0x080034f8                OTG_HS_EP1_IN_IRQHandler
 .text.OTG_HS_IRQHandler
                0x0800351c       0x24 ../../libDaisy/build/libdaisy.a(system.o)
                0x0800351c                OTG_HS_IRQHandler
 .text.HardFault_Handler
                0x08003540       0xe0 ../../libDaisy/build/libdaisy.a(system.o)
                0x08003540                HardFault_Handler
 .text._ZN5daisy6System5DelayEm
                0x08003620        0x4 ../../libDaisy/build/libdaisy.a(system.o)
                0x08003620                daisy::System::Delay(unsigned long)
 .text._ZN5daisy6System20GetBootloaderVersionEv
                0x08003624       0x34 ../../libDaisy/build/libdaisy.a(system.o)
                0x08003624                daisy::System::GetBootloaderVersion()
 .text._ZN5daisy6System15ConfigureClocksEv
                0x08003658      0x194 ../../libDaisy/build/libdaisy.a(system.o)
                0x08003658                daisy::System::ConfigureClocks()
 .text._ZN5daisy6System12ConfigureMpuEv
                0x080037ec       0x7c ../../libDaisy/build/libdaisy.a(system.o)
                0x080037ec                daisy::System::ConfigureMpu()
 .text._ZN5daisy6System4InitERKNS0_6ConfigE
                0x08003868       0xec ../../libDaisy/build/libdaisy.a(system.o)
                0x08003868                daisy::System::Init(daisy::System::Config const&)
 .text._ZN5daisy6System12GetPClk1FreqEv
                0x08003954        0x4 ../../libDaisy/build/libdaisy.a(system.o)
                0x08003954                daisy::System::GetPClk1Freq()
 .text._ZN5daisy6System22GetProgramMemoryRegionEv
                0x08003958       0x78 ../../libDaisy/build/libdaisy.a(system.o)
                0x08003958                daisy::System::GetProgramMemoryRegion()
 .text.startup._GLOBAL__sub_I__ZN5daisy9boot_infoE
                0x080039d0       0x20 ../../libDaisy/build/libdaisy.a(system.o)
 .text.SystemInit
                0x080039f0       0x98 ../../libDaisy/build/libdaisy.a(system_stm32h7xx.o)
                0x080039f0                SystemInit
 .text.HAL_PCD_SetupStageCallback
                0x08003a88        0xc ../../libDaisy/build/libdaisy.a(usbd_conf.o)
                0x08003a88                HAL_PCD_SetupStageCallback
 .text.HAL_PCD_DataOutStageCallback
                0x08003a94       0x14 ../../libDaisy/build/libdaisy.a(usbd_conf.o)
                0x08003a94                HAL_PCD_DataOutStageCallback
 .text.HAL_PCD_DataInStageCallback
                0x08003aa8       0x14 ../../libDaisy/build/libdaisy.a(usbd_conf.o)
                0x08003aa8                HAL_PCD_DataInStageCallback
 .text.HAL_PCD_SOFCallback
                0x08003abc        0x8 ../../libDaisy/build/libdaisy.a(usbd_conf.o)
                0x08003abc                HAL_PCD_SOFCallback
 .text.HAL_PCD_ResetCallback
                0x08003ac4       0x24 ../../libDaisy/build/libdaisy.a(usbd_conf.o)
                0x08003ac4                HAL_PCD_ResetCallback
 .text.HAL_PCD_SuspendCallback
                0x08003ae8       0x30 ../../libDaisy/build/libdaisy.a(usbd_conf.o)
                0x08003ae8                HAL_PCD_SuspendCallback
 .text.HAL_PCD_ResumeCallback
                0x08003b18        0x8 ../../libDaisy/build/libdaisy.a(usbd_conf.o)
                0x08003b18                HAL_PCD_ResumeCallback
 .text.HAL_PCD_ISOOUTIncompleteCallback
                0x08003b20        0x8 ../../libDaisy/build/libdaisy.a(usbd_conf.o)
                0x08003b20                HAL_PCD_ISOOUTIncompleteCallback
 .text.HAL_PCD_ISOINIncompleteCallback
                0x08003b28        0x8 ../../libDaisy/build/libdaisy.a(usbd_conf.o)
                0x08003b28                HAL_PCD_ISOINIncompleteCallback
 .text.HAL_PCD_ConnectCallback
                0x08003b30        0x8 ../../libDaisy/build/libdaisy.a(usbd_conf.o)
                0x08003b30                HAL_PCD_ConnectCallback
 .text.HAL_PCD_DisconnectCallback
                0x08003b38        0x8 ../../libDaisy/build/libdaisy.a(usbd_conf.o)
                0x08003b38                HAL_PCD_DisconnectCallback
 .text.USBD_LL_OpenEP
                0x08003b40       0x1c ../../libDaisy/build/libdaisy.a(usbd_conf.o)
                0x08003b40                USBD_LL_OpenEP
 .text.USBD_LL_StallEP
                0x08003b5c       0x18 ../../libDaisy/build/libdaisy.a(usbd_conf.o)
                0x08003b5c                USBD_LL_StallEP
 .text.USBD_LL_ClearStallEP
                0x08003b74       0x18 ../../libDaisy/build/libdaisy.a(usbd_conf.o)
                0x08003b74                USBD_LL_ClearStallEP
 .text.USBD_LL_IsStallEP
                0x08003b8c       0x28 ../../libDaisy/build/libdaisy.a(usbd_conf.o)
                0x08003b8c                USBD_LL_IsStallEP
 .text.USBD_LL_SetUSBAddress
                0x08003bb4       0x18 ../../libDaisy/build/libdaisy.a(usbd_conf.o)
                0x08003bb4                USBD_LL_SetUSBAddress
 .text.USBD_LL_Transmit
                0x08003bcc       0x18 ../../libDaisy/build/libdaisy.a(usbd_conf.o)
                0x08003bcc                USBD_LL_Transmit
 .text.USBD_LL_PrepareReceive
                0x08003be4       0x18 ../../libDaisy/build/libdaisy.a(usbd_conf.o)
                0x08003be4                USBD_LL_PrepareReceive
 .text.HAL_HCD_SOF_Callback
                0x08003bfc        0x8 ../../libDaisy/build/libdaisy.a(usbh_conf.o)
                0x08003bfc                HAL_HCD_SOF_Callback
 .text.HAL_HCD_Connect_Callback
                0x08003c04        0x8 ../../libDaisy/build/libdaisy.a(usbh_conf.o)
                0x08003c04                HAL_HCD_Connect_Callback
 .text.HAL_HCD_Disconnect_Callback
                0x08003c0c        0x8 ../../libDaisy/build/libdaisy.a(usbh_conf.o)
                0x08003c0c                HAL_HCD_Disconnect_Callback
 .text.HAL_HCD_HC_NotifyURBChange_Callback
                0x08003c14        0x4 ../../libDaisy/build/libdaisy.a(usbh_conf.o)
                0x08003c14                HAL_HCD_HC_NotifyURBChange_Callback
 .text.HAL_HCD_PortEnabled_Callback
                0x08003c18        0x8 ../../libDaisy/build/libdaisy.a(usbh_conf.o)
                0x08003c18                HAL_HCD_PortEnabled_Callback
 .text.HAL_HCD_PortDisabled_Callback
                0x08003c20        0x8 ../../libDaisy/build/libdaisy.a(usbh_conf.o)
                0x08003c20                HAL_HCD_PortDisabled_Callback
 .text.USBH_LL_Stop
                0x08003c28       0x18 ../../libDaisy/build/libdaisy.a(usbh_conf.o)
                0x08003c28                USBH_LL_Stop
 .text.dsy_hal_map_get_port
                0x08003c40       0x10 ../../libDaisy/build/libdaisy.a(hal_map.o)
                0x08003c40                dsy_hal_map_get_port
 .text.dsy_hal_map_get_pin
                0x08003c50       0x10 ../../libDaisy/build/libdaisy.a(hal_map.o)
                0x08003c50                dsy_hal_map_get_pin
 .text.dsy_hal_map_gpio_clk_enable
                0x08003c60      0x150 ../../libDaisy/build/libdaisy.a(hal_map.o)
                0x08003c60                dsy_hal_map_gpio_clk_enable
 .text.HAL_MspInit
                0x08003db0        0x4 ../../libDaisy/build/libdaisy.a(stm32h7xx_hal.o)
                0x08003db0                HAL_MspInit
 .text.HAL_InitTick
                0x08003db4       0x4c ../../libDaisy/build/libdaisy.a(stm32h7xx_hal.o)
                0x08003db4                HAL_InitTick
 .text.HAL_Init
                0x08003e00       0x60 ../../libDaisy/build/libdaisy.a(stm32h7xx_hal.o)
                0x08003e00                HAL_Init
 .text.HAL_IncTick
                0x08003e60       0x18 ../../libDaisy/build/libdaisy.a(stm32h7xx_hal.o)
                0x08003e60                HAL_IncTick
 .text.HAL_GetTick
                0x08003e78        0xc ../../libDaisy/build/libdaisy.a(stm32h7xx_hal.o)
                0x08003e78                HAL_GetTick
 .text.HAL_Delay
                0x08003e84       0x24 ../../libDaisy/build/libdaisy.a(stm32h7xx_hal.o)
                0x08003e84                HAL_Delay
 .text.HAL_GetREVID
                0x08003ea8        0xc ../../libDaisy/build/libdaisy.a(stm32h7xx_hal.o)
                0x08003ea8                HAL_GetREVID
 .text.HAL_NVIC_SetPriorityGrouping
                0x08003eb4       0x24 ../../libDaisy/build/libdaisy.a(stm32h7xx_hal_cortex.o)
                0x08003eb4                HAL_NVIC_SetPriorityGrouping
 .text.HAL_NVIC_SetPriority
                0x08003ed8       0x78 ../../libDaisy/build/libdaisy.a(stm32h7xx_hal_cortex.o)
                0x08003ed8                HAL_NVIC_SetPriority
 .text.HAL_NVIC_EnableIRQ
                0x08003f50       0x1c ../../libDaisy/build/libdaisy.a(stm32h7xx_hal_cortex.o)
                0x08003f50                HAL_NVIC_EnableIRQ
 .text.HAL_NVIC_DisableIRQ
                0x08003f6c       0x24 ../../libDaisy/build/libdaisy.a(stm32h7xx_hal_cortex.o)
                0x08003f6c                HAL_NVIC_DisableIRQ
 .text.HAL_SYSTICK_Config
                0x08003f90       0x2c ../../libDaisy/build/libdaisy.a(stm32h7xx_hal_cortex.o)
                0x08003f90                HAL_SYSTICK_Config
 .text.HAL_MPU_Disable
                0x08003fbc       0x1c ../../libDaisy/build/libdaisy.a(stm32h7xx_hal_cortex.o)
                0x08003fbc                HAL_MPU_Disable
 .text.HAL_MPU_Enable
                0x08003fd8       0x20 ../../libDaisy/build/libdaisy.a(stm32h7xx_hal_cortex.o)
                0x08003fd8                HAL_MPU_Enable
 .text.HAL_MPU_ConfigRegion
                0x08003ff8       0x64 ../../libDaisy/build/libdaisy.a(stm32h7xx_hal_cortex.o)
                0x08003ff8                HAL_MPU_ConfigRegion
 .text.HAL_SYSTICK_Callback
                0x0800405c        0x4 ../../libDaisy/build/libdaisy.a(stm32h7xx_hal_cortex.o)
                0x0800405c                HAL_SYSTICK_Callback
 .text.HAL_SYSTICK_IRQHandler
                0x08004060        0x8 ../../libDaisy/build/libdaisy.a(stm32h7xx_hal_cortex.o)
                0x08004060                HAL_SYSTICK_IRQHandler
 .text.DMA_CalcBaseAndBitshift
                0x08004068      0x100 ../../libDaisy/build/libdaisy.a(stm32h7xx_hal_dma.o)
 .text.DMA_CalcDMAMUXChannelBaseAndMask
                0x08004168       0xd4 ../../libDaisy/build/libdaisy.a(stm32h7xx_hal_dma.o)
 .text.HAL_DMA_Init
                0x0800423c      0x360 ../../libDaisy/build/libdaisy.a(stm32h7xx_hal_dma.o)
                0x0800423c                HAL_DMA_Init
 .text.HAL_DMA_Start_IT
                0x0800459c      0x26c ../../libDaisy/build/libdaisy.a(stm32h7xx_hal_dma.o)
                0x0800459c                HAL_DMA_Start_IT
 .text.HAL_DMA_Abort_IT
                0x08004808      0x134 ../../libDaisy/build/libdaisy.a(stm32h7xx_hal_dma.o)
                0x08004808                HAL_DMA_Abort_IT
 .text.HAL_DMA_IRQHandler
                0x0800493c      0x424 ../../libDaisy/build/libdaisy.a(stm32h7xx_hal_dma.o)
                0x0800493c                HAL_DMA_IRQHandler
 .text.HAL_DMA_GetError
                0x08004d60        0x4 ../../libDaisy/build/libdaisy.a(stm32h7xx_hal_dma.o)
                0x08004d60                HAL_DMA_GetError
 .text.HAL_GPIO_Init
                0x08004d64      0x41c ../../libDaisy/build/libdaisy.a(stm32h7xx_hal_gpio.o)
                0x08004d64                HAL_GPIO_Init
 .text.HAL_GPIO_DeInit
                0x08005180      0x258 ../../libDaisy/build/libdaisy.a(stm32h7xx_hal_gpio.o)
                0x08005180                HAL_GPIO_DeInit
 .text.HAL_GPIO_ReadPin
                0x080053d8        0xc ../../libDaisy/build/libdaisy.a(stm32h7xx_hal_gpio.o)
                0x080053d8                HAL_GPIO_ReadPin
 .text.HAL_GPIO_WritePin
                0x080053e4        0x8 ../../libDaisy/build/libdaisy.a(stm32h7xx_hal_gpio.o)
                0x080053e4                HAL_GPIO_WritePin
 .text.HAL_HCD_IRQHandler
                0x080053ec      0x768 ../../libDaisy/build/libdaisy.a(stm32h7xx_hal_hcd.o)
                0x080053ec                HAL_HCD_IRQHandler
 .text.HAL_HCD_Stop
                0x08005b54       0x28 ../../libDaisy/build/libdaisy.a(stm32h7xx_hal_hcd.o)
                0x08005b54                HAL_HCD_Stop
 .text.I2C_WaitOnTXISFlagUntilTimeout
                0x08005b7c       0xcc ../../libDaisy/build/libdaisy.a(stm32h7xx_hal_i2c.o)
 .text.I2C_WaitOnSTOPFlagUntilTimeout
                0x08005c48       0xa8 ../../libDaisy/build/libdaisy.a(stm32h7xx_hal_i2c.o)
 .text.HAL_I2C_Init
                0x08005cf0       0xac ../../libDaisy/build/libdaisy.a(stm32h7xx_hal_i2c.o)
                0x08005cf0                HAL_I2C_Init
 .text.HAL_I2C_Master_Transmit
                0x08005d9c      0x1a8 ../../libDaisy/build/libdaisy.a(stm32h7xx_hal_i2c.o)
                0x08005d9c                HAL_I2C_Master_Transmit
 .text.HAL_I2C_Slave_Transmit
                0x08005f44      0x1e4 ../../libDaisy/build/libdaisy.a(stm32h7xx_hal_i2c.o)
                0x08005f44                HAL_I2C_Slave_Transmit
 .text.HAL_I2C_EV_IRQHandler
                0x08006128       0x10 ../../libDaisy/build/libdaisy.a(stm32h7xx_hal_i2c.o)
                0x08006128                HAL_I2C_EV_IRQHandler
 .text.HAL_I2C_GetState
                0x08006138        0x8 ../../libDaisy/build/libdaisy.a(stm32h7xx_hal_i2c.o)
                0x08006138                HAL_I2C_GetState
 .text.HAL_I2CEx_ConfigAnalogFilter
                0x08006140       0x54 ../../libDaisy/build/libdaisy.a(stm32h7xx_hal_i2c_ex.o)
                0x08006140                HAL_I2CEx_ConfigAnalogFilter
 .text.HAL_I2CEx_ConfigDigitalFilter
                0x08006194       0x58 ../../libDaisy/build/libdaisy.a(stm32h7xx_hal_i2c_ex.o)
                0x08006194                HAL_I2CEx_ConfigDigitalFilter
 .text.HAL_PCD_IRQHandler
                0x080061ec      0x6f8 ../../libDaisy/build/libdaisy.a(stm32h7xx_hal_pcd.o)
                0x080061ec                HAL_PCD_IRQHandler
 .text.HAL_PCD_SetAddress
                0x080068e4       0x2c ../../libDaisy/build/libdaisy.a(stm32h7xx_hal_pcd.o)
                0x080068e4                HAL_PCD_SetAddress
 .text.HAL_PCD_EP_Open
                0x08006910       0x70 ../../libDaisy/build/libdaisy.a(stm32h7xx_hal_pcd.o)
                0x08006910                HAL_PCD_EP_Open
 .text.HAL_PCD_EP_Receive
                0x08006980       0x4c ../../libDaisy/build/libdaisy.a(stm32h7xx_hal_pcd.o)
                0x08006980                HAL_PCD_EP_Receive
 .text.HAL_PCD_EP_Transmit
                0x080069cc       0x50 ../../libDaisy/build/libdaisy.a(stm32h7xx_hal_pcd.o)
                0x080069cc                HAL_PCD_EP_Transmit
 .text.HAL_PCD_EP_SetStall
                0x08006a1c       0x84 ../../libDaisy/build/libdaisy.a(stm32h7xx_hal_pcd.o)
                0x08006a1c                HAL_PCD_EP_SetStall
 .text.HAL_PCD_EP_ClrStall
                0x08006aa0       0x70 ../../libDaisy/build/libdaisy.a(stm32h7xx_hal_pcd.o)
                0x08006aa0                HAL_PCD_EP_ClrStall
 .text.HAL_PCDEx_LPM_Callback
                0x08006b10        0x4 ../../libDaisy/build/libdaisy.a(stm32h7xx_hal_pcd_ex.o)
                0x08006b10                HAL_PCDEx_LPM_Callback
 .text.HAL_PWREx_ConfigSupply
                0x08006b14       0x4c ../../libDaisy/build/libdaisy.a(stm32h7xx_hal_pwr_ex.o)
                0x08006b14                HAL_PWREx_ConfigSupply
 .text.HAL_PWREx_EnableUSBVoltageDetector
                0x08006b60       0x10 ../../libDaisy/build/libdaisy.a(stm32h7xx_hal_pwr_ex.o)
                0x08006b60                HAL_PWREx_EnableUSBVoltageDetector
 .text.QSPI_Config
                0x08006b70      0x188 ../../libDaisy/build/libdaisy.a(stm32h7xx_hal_qspi.o)
 .text.HAL_QSPI_Init
                0x08006cf8       0xe8 ../../libDaisy/build/libdaisy.a(stm32h7xx_hal_qspi.o)
                0x08006cf8                HAL_QSPI_Init
 .text.HAL_QSPI_DeInit
                0x08006de0       0x3c ../../libDaisy/build/libdaisy.a(stm32h7xx_hal_qspi.o)
                0x08006de0                HAL_QSPI_DeInit
 .text.HAL_QSPI_Command
                0x08006e1c       0xf8 ../../libDaisy/build/libdaisy.a(stm32h7xx_hal_qspi.o)
                0x08006e1c                HAL_QSPI_Command
 .text.HAL_QSPI_Transmit
                0x08006f14      0x11c ../../libDaisy/build/libdaisy.a(stm32h7xx_hal_qspi.o)
                0x08006f14                HAL_QSPI_Transmit
 .text.HAL_QSPI_Receive
                0x08007030      0x124 ../../libDaisy/build/libdaisy.a(stm32h7xx_hal_qspi.o)
                0x08007030                HAL_QSPI_Receive
 .text.HAL_QSPI_AutoPolling
                0x08007154      0x11c ../../libDaisy/build/libdaisy.a(stm32h7xx_hal_qspi.o)
                0x08007154                HAL_QSPI_AutoPolling
 .text.HAL_QSPI_MemoryMapped
                0x08007270       0xc4 ../../libDaisy/build/libdaisy.a(stm32h7xx_hal_qspi.o)
                0x08007270                HAL_QSPI_MemoryMapped
 .text.HAL_QSPI_ErrorCallback
                0x08007334        0x4 ../../libDaisy/build/libdaisy.a(stm32h7xx_hal_qspi.o)
                0x08007334                HAL_QSPI_ErrorCallback
 .text.QSPI_DMAAbortCplt
                0x08007338       0x38 ../../libDaisy/build/libdaisy.a(stm32h7xx_hal_qspi.o)
 .text.HAL_QSPI_AbortCpltCallback
                0x08007370        0x4 ../../libDaisy/build/libdaisy.a(stm32h7xx_hal_qspi.o)
                0x08007370                HAL_QSPI_AbortCpltCallback
 .text.HAL_QSPI_CmdCpltCallback
                0x08007374        0x4 ../../libDaisy/build/libdaisy.a(stm32h7xx_hal_qspi.o)
                0x08007374                HAL_QSPI_CmdCpltCallback
 .text.HAL_QSPI_RxCpltCallback
                0x08007378        0x4 ../../libDaisy/build/libdaisy.a(stm32h7xx_hal_qspi.o)
                0x08007378                HAL_QSPI_RxCpltCallback
 .text.HAL_QSPI_TxCpltCallback
                0x0800737c        0x4 ../../libDaisy/build/libdaisy.a(stm32h7xx_hal_qspi.o)
                0x0800737c                HAL_QSPI_TxCpltCallback
 .text.HAL_QSPI_FifoThresholdCallback
                0x08007380        0x4 ../../libDaisy/build/libdaisy.a(stm32h7xx_hal_qspi.o)
                0x08007380                HAL_QSPI_FifoThresholdCallback
 .text.HAL_QSPI_StatusMatchCallback
                0x08007384        0x4 ../../libDaisy/build/libdaisy.a(stm32h7xx_hal_qspi.o)
                0x08007384                HAL_QSPI_StatusMatchCallback
 .text.HAL_QSPI_TimeOutCallback
                0x08007388        0x4 ../../libDaisy/build/libdaisy.a(stm32h7xx_hal_qspi.o)
                0x08007388                HAL_QSPI_TimeOutCallback
 .text.HAL_QSPI_IRQHandler
                0x0800738c      0x210 ../../libDaisy/build/libdaisy.a(stm32h7xx_hal_qspi.o)
                0x0800738c                HAL_QSPI_IRQHandler
 .text.HAL_RCC_OscConfig
                0x0800759c      0x518 ../../libDaisy/build/libdaisy.a(stm32h7xx_hal_rcc.o)
                0x0800759c                HAL_RCC_OscConfig
 .text.HAL_RCC_GetSysClockFreq
                0x08007ab4      0x11c ../../libDaisy/build/libdaisy.a(stm32h7xx_hal_rcc.o)
                0x08007ab4                HAL_RCC_GetSysClockFreq
 .text.HAL_RCC_ClockConfig
                0x08007bd0      0x238 ../../libDaisy/build/libdaisy.a(stm32h7xx_hal_rcc.o)
                0x08007bd0                HAL_RCC_ClockConfig
 .text.HAL_RCC_GetHCLKFreq
                0x08007e08       0x2c ../../libDaisy/build/libdaisy.a(stm32h7xx_hal_rcc.o)
                0x08007e08                HAL_RCC_GetHCLKFreq
 .text.HAL_RCC_GetPCLK1Freq
                0x08007e34       0x38 ../../libDaisy/build/libdaisy.a(stm32h7xx_hal_rcc.o)
                0x08007e34                HAL_RCC_GetPCLK1Freq
 .text.HAL_RCC_GetPCLK2Freq
                0x08007e6c       0x38 ../../libDaisy/build/libdaisy.a(stm32h7xx_hal_rcc.o)
                0x08007e6c                HAL_RCC_GetPCLK2Freq
 .text.RCCEx_PLL2_Config.part.0
                0x08007ea4       0xe0 ../../libDaisy/build/libdaisy.a(stm32h7xx_hal_rcc_ex.o)
 .text.RCCEx_PLL3_Config.part.0
                0x08007f84       0xe0 ../../libDaisy/build/libdaisy.a(stm32h7xx_hal_rcc_ex.o)
 .text.HAL_RCCEx_PeriphCLKConfig
                0x08008064      0xcd8 ../../libDaisy/build/libdaisy.a(stm32h7xx_hal_rcc_ex.o)
                0x08008064                HAL_RCCEx_PeriphCLKConfig
 .text.HAL_RCCEx_GetD3PCLK1Freq
                0x08008d3c       0x24 ../../libDaisy/build/libdaisy.a(stm32h7xx_hal_rcc_ex.o)
                0x08008d3c                HAL_RCCEx_GetD3PCLK1Freq
 .text.HAL_RCCEx_GetPLL2ClockFreq
                0x08008d60      0x134 ../../libDaisy/build/libdaisy.a(stm32h7xx_hal_rcc_ex.o)
                0x08008d60                HAL_RCCEx_GetPLL2ClockFreq
 .text.HAL_RCCEx_GetPLL3ClockFreq
                0x08008e94      0x134 ../../libDaisy/build/libdaisy.a(stm32h7xx_hal_rcc_ex.o)
                0x08008e94                HAL_RCCEx_GetPLL3ClockFreq
 .text.HAL_RCCEx_GetPLL1ClockFreq
                0x08008fc8      0x134 ../../libDaisy/build/libdaisy.a(stm32h7xx_hal_rcc_ex.o)
                0x08008fc8                HAL_RCCEx_GetPLL1ClockFreq
 .text.HAL_RCCEx_GetPeriphCLKFreq
                0x080090fc      0x164 ../../libDaisy/build/libdaisy.a(stm32h7xx_hal_rcc_ex.o)
                0x080090fc                HAL_RCCEx_GetPeriphCLKFreq
 .text.HAL_RCCEx_GetD1SysClockFreq
                0x08009260       0x2c ../../libDaisy/build/libdaisy.a(stm32h7xx_hal_rcc_ex.o)
                0x08009260                HAL_RCCEx_GetD1SysClockFreq
 .text.HAL_SAI_Init
                0x0800928c      0x38c ../../libDaisy/build/libdaisy.a(stm32h7xx_hal_sai.o)
                0x0800928c                HAL_SAI_Init
 .text.HAL_SAI_InitProtocol
                0x08009618      0x164 ../../libDaisy/build/libdaisy.a(stm32h7xx_hal_sai.o)
                0x08009618                HAL_SAI_InitProtocol
 .text.HAL_SAI_Transmit_DMA
                0x0800977c      0x110 ../../libDaisy/build/libdaisy.a(stm32h7xx_hal_sai.o)
                0x0800977c                HAL_SAI_Transmit_DMA
 .text.HAL_SAI_Receive_DMA
                0x0800988c       0xc4 ../../libDaisy/build/libdaisy.a(stm32h7xx_hal_sai.o)
                0x0800988c                HAL_SAI_Receive_DMA
 .text.HAL_SAI_TxCpltCallback
                0x08009950        0x4 ../../libDaisy/build/libdaisy.a(stm32h7xx_hal_sai.o)
                0x08009950                HAL_SAI_TxCpltCallback
 .text.SAI_DMATxCplt
                0x08009954       0x5c ../../libDaisy/build/libdaisy.a(stm32h7xx_hal_sai.o)
 .text.HAL_SAI_TxHalfCpltCallback
                0x080099b0        0x4 ../../libDaisy/build/libdaisy.a(stm32h7xx_hal_sai.o)
                0x080099b0                HAL_SAI_TxHalfCpltCallback
 .text.SAI_DMATxHalfCplt
                0x080099b4        0xc ../../libDaisy/build/libdaisy.a(stm32h7xx_hal_sai.o)
 .text.SAI_DMARxCplt
                0x080099c0       0x5c ../../libDaisy/build/libdaisy.a(stm32h7xx_hal_sai.o)
 .text.SAI_DMARxHalfCplt
                0x08009a1c        0xc ../../libDaisy/build/libdaisy.a(stm32h7xx_hal_sai.o)
 .text.HAL_SAI_ErrorCallback
                0x08009a28        0x4 ../../libDaisy/build/libdaisy.a(stm32h7xx_hal_sai.o)
                0x08009a28                HAL_SAI_ErrorCallback
 .text.SAI_DMAError
                0x08009a2c       0x6c ../../libDaisy/build/libdaisy.a(stm32h7xx_hal_sai.o)
 .text.HAL_SDRAM_Init
                0x08009a98       0x54 ../../libDaisy/build/libdaisy.a(stm32h7xx_hal_sdram.o)
                0x08009a98                HAL_SDRAM_Init
 .text.HAL_SDRAM_SendCommand
                0x08009aec       0x40 ../../libDaisy/build/libdaisy.a(stm32h7xx_hal_sdram.o)
                0x08009aec                HAL_SDRAM_SendCommand
 .text.HAL_SDRAM_ProgramRefreshRate
                0x08009b2c       0x30 ../../libDaisy/build/libdaisy.a(stm32h7xx_hal_sdram.o)
                0x08009b2c                HAL_SDRAM_ProgramRefreshRate
 .text.FMC_SDRAM_Init
                0x08009b5c       0x6c ../../libDaisy/build/libdaisy.a(stm32h7xx_ll_fmc.o)
                0x08009b5c                FMC_SDRAM_Init
 .text.FMC_SDRAM_Timing_Init
                0x08009bc8       0x7c ../../libDaisy/build/libdaisy.a(stm32h7xx_ll_fmc.o)
                0x08009bc8                FMC_SDRAM_Timing_Init
 .text.FMC_SDRAM_SendCommand
                0x08009c44       0x28 ../../libDaisy/build/libdaisy.a(stm32h7xx_ll_fmc.o)
                0x08009c44                FMC_SDRAM_SendCommand
 .text.FMC_SDRAM_ProgramRefreshRate
                0x08009c6c       0x14 ../../libDaisy/build/libdaisy.a(stm32h7xx_ll_fmc.o)
                0x08009c6c                FMC_SDRAM_ProgramRefreshRate
 .text.USB_SetTurnaroundTime
                0x08009c80      0x104 ../../libDaisy/build/libdaisy.a(stm32h7xx_ll_usb.o)
                0x08009c80                USB_SetTurnaroundTime
 .text.USB_FlushTxFifo
                0x08009d84       0x34 ../../libDaisy/build/libdaisy.a(stm32h7xx_ll_usb.o)
                0x08009d84                USB_FlushTxFifo
 .text.USB_GetDevSpeed
                0x08009db8       0x24 ../../libDaisy/build/libdaisy.a(stm32h7xx_ll_usb.o)
                0x08009db8                USB_GetDevSpeed
 .text.USB_ActivateEndpoint
                0x08009ddc       0x8c ../../libDaisy/build/libdaisy.a(stm32h7xx_ll_usb.o)
                0x08009ddc                USB_ActivateEndpoint
 .text.USB_EPStartXfer
                0x08009e68      0x210 ../../libDaisy/build/libdaisy.a(stm32h7xx_ll_usb.o)
                0x08009e68                USB_EPStartXfer
 .text.USB_EP0StartXfer
                0x0800a078       0xf8 ../../libDaisy/build/libdaisy.a(stm32h7xx_ll_usb.o)
                0x0800a078                USB_EP0StartXfer
 .text.USB_WritePacket
                0x0800a170       0x2c ../../libDaisy/build/libdaisy.a(stm32h7xx_ll_usb.o)
                0x0800a170                USB_WritePacket
 .text.USB_ReadPacket
                0x0800a19c       0x28 ../../libDaisy/build/libdaisy.a(stm32h7xx_ll_usb.o)
                0x0800a19c                USB_ReadPacket
 .text.USB_EPSetStall
                0x0800a1c4       0x70 ../../libDaisy/build/libdaisy.a(stm32h7xx_ll_usb.o)
                0x0800a1c4                USB_EPSetStall
 .text.USB_EPClearStall
                0x0800a234       0x58 ../../libDaisy/build/libdaisy.a(stm32h7xx_ll_usb.o)
                0x0800a234                USB_EPClearStall
 .text.USB_SetDevAddress
                0x0800a28c       0x24 ../../libDaisy/build/libdaisy.a(stm32h7xx_ll_usb.o)
                0x0800a28c                USB_SetDevAddress
 .text.USB_ReadInterrupts
                0x0800a2b0       0x14 ../../libDaisy/build/libdaisy.a(stm32h7xx_ll_usb.o)
                0x0800a2b0                USB_ReadInterrupts
 .text.USB_ReadDevAllOutEpInterrupt
                0x0800a2c4       0x1c ../../libDaisy/build/libdaisy.a(stm32h7xx_ll_usb.o)
                0x0800a2c4                USB_ReadDevAllOutEpInterrupt
 .text.USB_ReadDevAllInEpInterrupt
                0x0800a2e0       0x1c ../../libDaisy/build/libdaisy.a(stm32h7xx_ll_usb.o)
                0x0800a2e0                USB_ReadDevAllInEpInterrupt
 .text.USB_ReadDevOutEPInterrupt
                0x0800a2fc       0x1c ../../libDaisy/build/libdaisy.a(stm32h7xx_ll_usb.o)
                0x0800a2fc                USB_ReadDevOutEPInterrupt
 .text.USB_ReadDevInEPInterrupt
                0x0800a318       0x38 ../../libDaisy/build/libdaisy.a(stm32h7xx_ll_usb.o)
                0x0800a318                USB_ReadDevInEPInterrupt
 .text.USB_GetMode
                0x0800a350        0x8 ../../libDaisy/build/libdaisy.a(stm32h7xx_ll_usb.o)
                0x0800a350                USB_GetMode
 .text.USB_ActivateSetup
                0x0800a358       0x34 ../../libDaisy/build/libdaisy.a(stm32h7xx_ll_usb.o)
                0x0800a358                USB_ActivateSetup
 .text.USB_EP0_OutStart
                0x0800a38c       0x50 ../../libDaisy/build/libdaisy.a(stm32h7xx_ll_usb.o)
                0x0800a38c                USB_EP0_OutStart
 .text.USB_InitFSLSPClkSel
                0x0800a3dc       0x44 ../../libDaisy/build/libdaisy.a(stm32h7xx_ll_usb.o)
                0x0800a3dc                USB_InitFSLSPClkSel
 .text.USB_HC_ReadInterrupt
                0x0800a420        0x8 ../../libDaisy/build/libdaisy.a(stm32h7xx_ll_usb.o)
                0x0800a420                USB_HC_ReadInterrupt
 .text.USB_HC_Halt
                0x0800a428       0xc0 ../../libDaisy/build/libdaisy.a(stm32h7xx_ll_usb.o)
                0x0800a428                USB_HC_Halt
 .text.USB_StopHost
                0x0800a4e8      0x2f0 ../../libDaisy/build/libdaisy.a(stm32h7xx_ll_usb.o)
                0x0800a4e8                USB_StopHost
 .text.USBD_SetClassConfig
                0x0800a7d8       0x1c ../../libDaisy/build/libdaisy.a(usbd_core.o)
                0x0800a7d8                USBD_SetClassConfig
 .text.USBD_ClrClassConfig
                0x0800a7f4       0x10 ../../libDaisy/build/libdaisy.a(usbd_core.o)
                0x0800a7f4                USBD_ClrClassConfig
 .text.USBD_LL_SetupStage
                0x0800a804       0x5c ../../libDaisy/build/libdaisy.a(usbd_core.o)
                0x0800a804                USBD_LL_SetupStage
 .text.USBD_LL_DataOutStage
                0x0800a860       0x70 ../../libDaisy/build/libdaisy.a(usbd_core.o)
                0x0800a860                USBD_LL_DataOutStage
 .text.USBD_LL_DataInStage
                0x0800a8d0       0xc4 ../../libDaisy/build/libdaisy.a(usbd_core.o)
                0x0800a8d0                USBD_LL_DataInStage
 .text.USBD_LL_Reset
                0x0800a994       0x50 ../../libDaisy/build/libdaisy.a(usbd_core.o)
                0x0800a994                USBD_LL_Reset
 .text.USBD_LL_SetSpeed
                0x0800a9e4        0x8 ../../libDaisy/build/libdaisy.a(usbd_core.o)
                0x0800a9e4                USBD_LL_SetSpeed
 .text.USBD_LL_Suspend
                0x0800a9ec       0x14 ../../libDaisy/build/libdaisy.a(usbd_core.o)
                0x0800a9ec                USBD_LL_Suspend
 .text.USBD_LL_Resume
                0x0800aa00       0x10 ../../libDaisy/build/libdaisy.a(usbd_core.o)
                0x0800aa00                USBD_LL_Resume
 .text.USBD_LL_SOF
                0x0800aa10       0x1c ../../libDaisy/build/libdaisy.a(usbd_core.o)
                0x0800aa10                USBD_LL_SOF
 .text.USBD_LL_IsoINIncomplete
                0x0800aa2c        0x4 ../../libDaisy/build/libdaisy.a(usbd_core.o)
                0x0800aa2c                USBD_LL_IsoINIncomplete
 .text.USBD_LL_IsoOUTIncomplete
                0x0800aa30        0x4 ../../libDaisy/build/libdaisy.a(usbd_core.o)
                0x0800aa30                USBD_LL_IsoOUTIncomplete
 .text.USBD_LL_DevConnected
                0x0800aa34        0x4 ../../libDaisy/build/libdaisy.a(usbd_core.o)
                0x0800aa34                USBD_LL_DevConnected
 .text.USBD_LL_DevDisconnected
                0x0800aa38       0x18 ../../libDaisy/build/libdaisy.a(usbd_core.o)
                0x0800aa38                USBD_LL_DevDisconnected
 .text.USBD_StdDevReq
                0x0800aa50      0x300 ../../libDaisy/build/libdaisy.a(usbd_ctlreq.o)
                0x0800aa50                USBD_StdDevReq
 .text.USBD_StdItfReq
                0x0800ad50       0x68 ../../libDaisy/build/libdaisy.a(usbd_ctlreq.o)
                0x0800ad50                USBD_StdItfReq
 .text.USBD_StdEPReq
                0x0800adb8      0x138 ../../libDaisy/build/libdaisy.a(usbd_ctlreq.o)
                0x0800adb8                USBD_StdEPReq
 .text.USBD_ParseSetupRequest
                0x0800aef0       0x18 ../../libDaisy/build/libdaisy.a(usbd_ctlreq.o)
                0x0800aef0                USBD_ParseSetupRequest
 .text.USBD_CtlSendData
                0x0800af08       0x1c ../../libDaisy/build/libdaisy.a(usbd_ioreq.o)
                0x0800af08                USBD_CtlSendData
 .text.USBD_CtlContinueSendData
                0x0800af24       0x14 ../../libDaisy/build/libdaisy.a(usbd_ioreq.o)
                0x0800af24                USBD_CtlContinueSendData
 .text.USBD_CtlContinueRx
                0x0800af38       0x14 ../../libDaisy/build/libdaisy.a(usbd_ioreq.o)
                0x0800af38                USBD_CtlContinueRx
 .text.USBD_CtlSendStatus
                0x0800af4c       0x18 ../../libDaisy/build/libdaisy.a(usbd_ioreq.o)
                0x0800af4c                USBD_CtlSendStatus
 .text.USBD_CtlReceiveStatus
                0x0800af64       0x18 ../../libDaisy/build/libdaisy.a(usbd_ioreq.o)
                0x0800af64                USBD_CtlReceiveStatus
 .text.USBH_LL_IncTimer
                0x0800af7c       0x20 ../../libDaisy/build/libdaisy.a(usbh_core.o)
                0x0800af7c                USBH_LL_IncTimer
 .text.USBH_LL_PortEnabled
                0x0800af9c        0x8 ../../libDaisy/build/libdaisy.a(usbh_core.o)
                0x0800af9c                USBH_LL_PortEnabled
 .text.USBH_LL_PortDisabled
                0x0800afa4        0x8 ../../libDaisy/build/libdaisy.a(usbh_core.o)
                0x0800afa4                USBH_LL_PortDisabled
 .text.USBH_LL_Connect
                0x0800afac       0x18 ../../libDaisy/build/libdaisy.a(usbh_core.o)
                0x0800afac                USBH_LL_Connect
 .text.USBH_LL_Disconnect
                0x0800afc4       0x2c ../../libDaisy/build/libdaisy.a(usbh_core.o)
                0x0800afc4                USBH_LL_Disconnect
 .text.USBH_FreePipe
                0x0800aff0       0x18 ../../libDaisy/build/libdaisy.a(usbh_pipes.o)
                0x0800aff0                USBH_FreePipe
 .text._ZN5daisy6Random4InitEv
                0x0800b008       0x3c ../../libDaisy/build/libdaisy.a(rng.o)
                0x0800b008                daisy::Random::Init()
 .text._ZN5daisy9SpiHandle4Impl7InitDmaEv
                0x0800b044       0xec ../../libDaisy/build/libdaisy.a(spi.o)
                0x0800b044                daisy::SpiHandle::Impl::InitDma()
 .text._ZN5daisy9SpiHandle4Impl10StartDmaTxEPhjPFvPvEPFvS3_NS0_6ResultEES3_
                0x0800b130       0x84 ../../libDaisy/build/libdaisy.a(spi.o)
                0x0800b130                daisy::SpiHandle::Impl::StartDmaTx(unsigned char*, unsigned int, void (*)(void*), void (*)(void*, daisy::SpiHandle::Result), void*)
 .text._ZN5daisy9SpiHandle4Impl10StartDmaRxEPhjPFvPvEPFvS3_NS0_6ResultEES3_
                0x0800b1b4       0x84 ../../libDaisy/build/libdaisy.a(spi.o)
                0x0800b1b4                daisy::SpiHandle::Impl::StartDmaRx(unsigned char*, unsigned int, void (*)(void*), void (*)(void*, daisy::SpiHandle::Result), void*)
 .text._ZN5daisy9SpiHandle4Impl12StartDmaRxTxEPhS2_jPFvPvEPFvS3_NS0_6ResultEES3_
                0x0800b238       0x88 ../../libDaisy/build/libdaisy.a(spi.o)
                0x0800b238                daisy::SpiHandle::Impl::StartDmaRxTx(unsigned char*, unsigned char*, unsigned int, void (*)(void*), void (*)(void*, daisy::SpiHandle::Result), void*)
 .text._ZN5daisy9SpiHandle4Impl8InitPinsEv
                0x0800b2c0      0x220 ../../libDaisy/build/libdaisy.a(spi.o)
                0x0800b2c0                daisy::SpiHandle::Impl::InitPins()
 .text.HAL_SPI_MspInit
                0x0800b4e0      0x1a8 ../../libDaisy/build/libdaisy.a(spi.o)
                0x0800b4e0                HAL_SPI_MspInit
 .text.dsy_spi_global_init
                0x0800b688       0x80 ../../libDaisy/build/libdaisy.a(spi.o)
                0x0800b688                dsy_spi_global_init
 .text.SPI1_IRQHandler
                0x0800b708        0xc ../../libDaisy/build/libdaisy.a(spi.o)
                0x0800b708                SPI1_IRQHandler
 .text.SPI2_IRQHandler
                0x0800b714        0xc ../../libDaisy/build/libdaisy.a(spi.o)
                0x0800b714                SPI2_IRQHandler
 .text.SPI3_IRQHandler
                0x0800b720        0xc ../../libDaisy/build/libdaisy.a(spi.o)
                0x0800b720                SPI3_IRQHandler
 .text.SPI4_IRQHandler
                0x0800b72c        0xc ../../libDaisy/build/libdaisy.a(spi.o)
                0x0800b72c                SPI4_IRQHandler
 .text.SPI5_IRQHandler
                0x0800b738        0xc ../../libDaisy/build/libdaisy.a(spi.o)
                0x0800b738                SPI5_IRQHandler
 .text.DMA2_Stream2_IRQHandler
                0x0800b744       0x34 ../../libDaisy/build/libdaisy.a(spi.o)
                0x0800b744                DMA2_Stream2_IRQHandler
 .text.DMA2_Stream3_IRQHandler
                0x0800b778       0x34 ../../libDaisy/build/libdaisy.a(spi.o)
                0x0800b778                DMA2_Stream3_IRQHandler
 .text.HAL_SPI_TxCpltCallback
                0x0800b7ac       0xc0 ../../libDaisy/build/libdaisy.a(spi.o)
                0x0800b7ac                HAL_SPI_TxCpltCallback
 .text.HAL_SPI_RxCpltCallback
                0x0800b86c       0xc0 ../../libDaisy/build/libdaisy.a(spi.o)
                0x0800b86c                HAL_SPI_RxCpltCallback
 .text.HAL_SPI_TxRxCpltCallback
                0x0800b92c       0xc0 ../../libDaisy/build/libdaisy.a(spi.o)
                0x0800b92c                HAL_SPI_TxRxCpltCallback
 .text.HAL_SPI_ErrorCallback
                0x0800b9ec       0xc8 ../../libDaisy/build/libdaisy.a(spi.o)
                0x0800b9ec                HAL_SPI_ErrorCallback
 *fill*         0x0800bab4        0x4 
 .text.startup._GLOBAL__sub_I__Z19MapInstanceToHandleP11SPI_TypeDef
                0x0800bab8      0x1bc ../../libDaisy/build/libdaisy.a(spi.o)
 .text.HAL_TIM_Base_MspInit
                0x0800bc74      0x19c ../../libDaisy/build/libdaisy.a(tim.o)
                0x0800bc74                HAL_TIM_Base_MspInit
 .text.HAL_TIM_PeriodElapsedCallback
                0x0800be10       0x44 ../../libDaisy/build/libdaisy.a(tim.o)
                0x0800be10                HAL_TIM_PeriodElapsedCallback
 .text.TIM2_IRQHandler
                0x0800be54        0xc ../../libDaisy/build/libdaisy.a(tim.o)
                0x0800be54                TIM2_IRQHandler
 .text.TIM3_IRQHandler
                0x0800be60        0xc ../../libDaisy/build/libdaisy.a(tim.o)
                0x0800be60                TIM3_IRQHandler
 .text.TIM4_IRQHandler
                0x0800be6c        0xc ../../libDaisy/build/libdaisy.a(tim.o)
                0x0800be6c                TIM4_IRQHandler
 .text.TIM5_IRQHandler
                0x0800be78        0xc ../../libDaisy/build/libdaisy.a(tim.o)
                0x0800be78                TIM5_IRQHandler
 .text._ZN5daisy11TimerHandle4InitERKNS0_6ConfigE
                0x0800be84       0xc8 ../../libDaisy/build/libdaisy.a(tim.o)
                0x0800be84                daisy::TimerHandle::Init(daisy::TimerHandle::Config const&)
 .text._ZN5daisy11TimerHandle5StartEv
                0x0800bf4c       0x24 ../../libDaisy/build/libdaisy.a(tim.o)
                0x0800bf4c                daisy::TimerHandle::Start()
 .text.startup._GLOBAL__sub_I__ZN5daisy11TimerHandle4Impl4InitERKNS0_6ConfigE
                0x0800bf70       0x44 ../../libDaisy/build/libdaisy.a(tim.o)
 .text._ZL20UART_CheckRxListenerPN5daisy11UartHandler4ImplE
                0x0800bfb4       0x84 ../../libDaisy/build/libdaisy.a(uart.o)
 .text._ZN5daisy11UartHandler4Impl10StartDmaTxEPhjPFvPvEPFvS3_NS0_6ResultEES3_
                0x0800c038      0x170 ../../libDaisy/build/libdaisy.a(uart.o)
                0x0800c038                daisy::UartHandler::Impl::StartDmaTx(unsigned char*, unsigned int, void (*)(void*), void (*)(void*, daisy::UartHandler::Result), void*)
 .text._ZN5daisy11UartHandler4Impl10StartDmaRxEPhjPFvPvEPFvS3_NS0_6ResultEES3_
                0x0800c1a8      0x170 ../../libDaisy/build/libdaisy.a(uart.o)
                0x0800c1a8                daisy::UartHandler::Impl::StartDmaRx(unsigned char*, unsigned int, void (*)(void*), void (*)(void*, daisy::UartHandler::Result), void*)
 .text._ZN5daisy11UartHandler4Impl19DmaTransferFinishedEP20__UART_HandleTypeDefNS0_6ResultE
                0x0800c318       0xc0 ../../libDaisy/build/libdaisy.a(uart.o)
                0x0800c318                daisy::UartHandler::Impl::DmaTransferFinished(__UART_HandleTypeDef*, daisy::UartHandler::Result)
 .text._ZN5daisy11UartHandler4Impl8InitPinsEv
                0x0800c3d8      0x154 ../../libDaisy/build/libdaisy.a(uart.o)
                0x0800c3d8                daisy::UartHandler::Impl::InitPins()
 .text.HAL_UART_MspInit
                0x0800c52c      0x20c ../../libDaisy/build/libdaisy.a(uart.o)
                0x0800c52c                HAL_UART_MspInit
 .text.dsy_uart_global_init
                0x0800c738       0xfc ../../libDaisy/build/libdaisy.a(uart.o)
                0x0800c738                dsy_uart_global_init
 .text.USART1_IRQHandler
                0x0800c834       0x30 ../../libDaisy/build/libdaisy.a(uart.o)
                0x0800c834                USART1_IRQHandler
 .text.USART2_IRQHandler
                0x0800c864       0x38 ../../libDaisy/build/libdaisy.a(uart.o)
                0x0800c864                USART2_IRQHandler
 .text.USART3_IRQHandler
                0x0800c89c       0x38 ../../libDaisy/build/libdaisy.a(uart.o)
                0x0800c89c                USART3_IRQHandler
 .text.UART4_IRQHandler
                0x0800c8d4       0x38 ../../libDaisy/build/libdaisy.a(uart.o)
                0x0800c8d4                UART4_IRQHandler
 .text.UART5_IRQHandler
                0x0800c90c       0x38 ../../libDaisy/build/libdaisy.a(uart.o)
                0x0800c90c                UART5_IRQHandler
 .text.USART6_IRQHandler
                0x0800c944       0x38 ../../libDaisy/build/libdaisy.a(uart.o)
                0x0800c944                USART6_IRQHandler
 .text.UART7_IRQHandler
                0x0800c97c       0x38 ../../libDaisy/build/libdaisy.a(uart.o)
                0x0800c97c                UART7_IRQHandler
 .text.UART8_IRQHandler
                0x0800c9b4       0x38 ../../libDaisy/build/libdaisy.a(uart.o)
                0x0800c9b4                UART8_IRQHandler
 .text.LPUART1_IRQHandler
                0x0800c9ec       0x38 ../../libDaisy/build/libdaisy.a(uart.o)
                0x0800c9ec                LPUART1_IRQHandler
 .text.DMA1_Stream5_IRQHandler
                0x0800ca24       0x34 ../../libDaisy/build/libdaisy.a(uart.o)
                0x0800ca24                DMA1_Stream5_IRQHandler
 .text.DMA2_Stream4_IRQHandler
                0x0800ca58       0x34 ../../libDaisy/build/libdaisy.a(uart.o)
                0x0800ca58                DMA2_Stream4_IRQHandler
 .text.HAL_UART_TxCpltCallback
                0x0800ca8c        0x8 ../../libDaisy/build/libdaisy.a(uart.o)
                0x0800ca8c                HAL_UART_TxCpltCallback
 .text.HAL_UART_RxCpltCallback
                0x0800ca94       0x94 ../../libDaisy/build/libdaisy.a(uart.o)
                0x0800ca94                HAL_UART_RxCpltCallback
 .text.HAL_UART_RxHalfCpltCallback
                0x0800cb28       0x90 ../../libDaisy/build/libdaisy.a(uart.o)
                0x0800cb28                HAL_UART_RxHalfCpltCallback
 .text.HAL_UART_ErrorCallback
                0x0800cbb8        0x8 ../../libDaisy/build/libdaisy.a(uart.o)
                0x0800cbb8                HAL_UART_ErrorCallback
 .text.startup._GLOBAL__sub_I__Z19MapInstanceToHandleP13USART_TypeDef
                0x0800cbc0      0x19c ../../libDaisy/build/libdaisy.a(uart.o)
 .text.dsy_dma_init
                0x0800cd5c      0x100 ../../libDaisy/build/libdaisy.a(dma.o)
                0x0800cd5c                dsy_dma_init
 .text.dsy_dma_invalidate_cache_for_buffer
                0x0800ce5c       0x2c ../../libDaisy/build/libdaisy.a(dma.o)
                0x0800ce5c                dsy_dma_invalidate_cache_for_buffer
 .text.HAL_MDMA_Abort_IT
                0x0800ce88       0x28 ../../libDaisy/build/libdaisy.a(stm32h7xx_hal_mdma.o)
                0x0800ce88                HAL_MDMA_Abort_IT
 .text.SPI_CloseTransfer
                0x0800ceb0       0xb8 ../../libDaisy/build/libdaisy.a(stm32h7xx_hal_spi.o)
 .text.HAL_SPI_Init
                0x0800cf68      0x150 ../../libDaisy/build/libdaisy.a(stm32h7xx_hal_spi.o)
                0x0800cf68                HAL_SPI_Init
 .text.HAL_SPI_Transmit_DMA
                0x0800d0b8      0x158 ../../libDaisy/build/libdaisy.a(stm32h7xx_hal_spi.o)
                0x0800d0b8                HAL_SPI_Transmit_DMA
 .text.HAL_SPI_TransmitReceive_DMA
                0x0800d210      0x1f0 ../../libDaisy/build/libdaisy.a(stm32h7xx_hal_spi.o)
                0x0800d210                HAL_SPI_TransmitReceive_DMA
 .text.HAL_SPI_Receive_DMA
                0x0800d400      0x188 ../../libDaisy/build/libdaisy.a(stm32h7xx_hal_spi.o)
                0x0800d400                HAL_SPI_Receive_DMA
 .text.SPI_DMATransmitCplt
                0x0800d588       0x28 ../../libDaisy/build/libdaisy.a(stm32h7xx_hal_spi.o)
 .text.SPI_DMAReceiveCplt
                0x0800d5b0       0x28 ../../libDaisy/build/libdaisy.a(stm32h7xx_hal_spi.o)
 .text.SPI_DMATransmitReceiveCplt
                0x0800d5d8       0x28 ../../libDaisy/build/libdaisy.a(stm32h7xx_hal_spi.o)
 .text.HAL_SPI_TxHalfCpltCallback
                0x0800d600        0x4 ../../libDaisy/build/libdaisy.a(stm32h7xx_hal_spi.o)
                0x0800d600                HAL_SPI_TxHalfCpltCallback
 .text.SPI_DMAHalfTransmitCplt
                0x0800d604        0xc ../../libDaisy/build/libdaisy.a(stm32h7xx_hal_spi.o)
 .text.HAL_SPI_RxHalfCpltCallback
                0x0800d610        0x4 ../../libDaisy/build/libdaisy.a(stm32h7xx_hal_spi.o)
                0x0800d610                HAL_SPI_RxHalfCpltCallback
 .text.SPI_DMAHalfReceiveCplt
                0x0800d614        0xc ../../libDaisy/build/libdaisy.a(stm32h7xx_hal_spi.o)
 .text.HAL_SPI_TxRxHalfCpltCallback
                0x0800d620        0x4 ../../libDaisy/build/libdaisy.a(stm32h7xx_hal_spi.o)
                0x0800d620                HAL_SPI_TxRxHalfCpltCallback
 .text.SPI_DMAHalfTransmitReceiveCplt
                0x0800d624        0xc ../../libDaisy/build/libdaisy.a(stm32h7xx_hal_spi.o)
 .text.SPI_DMAError
                0x0800d630       0xd8 ../../libDaisy/build/libdaisy.a(stm32h7xx_hal_spi.o)
 .text.HAL_SPI_IRQHandler
                0x0800d708      0x234 ../../libDaisy/build/libdaisy.a(stm32h7xx_hal_spi.o)
                0x0800d708                HAL_SPI_IRQHandler
 .text.SPI_DMAAbortOnError
                0x0800d93c       0x1c ../../libDaisy/build/libdaisy.a(stm32h7xx_hal_spi.o)
 .text.HAL_SPI_GetState
                0x0800d958        0x8 ../../libDaisy/build/libdaisy.a(stm32h7xx_hal_spi.o)
                0x0800d958                HAL_SPI_GetState
 .text.HAL_TIM_Base_Init
                0x0800d960      0x114 ../../libDaisy/build/libdaisy.a(stm32h7xx_hal_tim.o)
                0x0800d960                HAL_TIM_Base_Init
 .text.HAL_TIM_Base_Start
                0x0800da74       0x34 ../../libDaisy/build/libdaisy.a(stm32h7xx_hal_tim.o)
                0x0800da74                HAL_TIM_Base_Start
 .text.HAL_TIM_Base_Start_IT
                0x0800daa8       0x2c ../../libDaisy/build/libdaisy.a(stm32h7xx_hal_tim.o)
                0x0800daa8                HAL_TIM_Base_Start_IT
 .text.HAL_TIM_ConfigClockSource
                0x0800dad4      0x17c ../../libDaisy/build/libdaisy.a(stm32h7xx_hal_tim.o)
                0x0800dad4                HAL_TIM_ConfigClockSource
 .text.HAL_TIM_OC_DelayElapsedCallback
                0x0800dc50        0x4 ../../libDaisy/build/libdaisy.a(stm32h7xx_hal_tim.o)
                0x0800dc50                HAL_TIM_OC_DelayElapsedCallback
 .text.HAL_TIM_IC_CaptureCallback
                0x0800dc54        0x4 ../../libDaisy/build/libdaisy.a(stm32h7xx_hal_tim.o)
                0x0800dc54                HAL_TIM_IC_CaptureCallback
 .text.HAL_TIM_PWM_PulseFinishedCallback
                0x0800dc58        0x4 ../../libDaisy/build/libdaisy.a(stm32h7xx_hal_tim.o)
                0x0800dc58                HAL_TIM_PWM_PulseFinishedCallback
 .text.HAL_TIM_TriggerCallback
                0x0800dc5c        0x4 ../../libDaisy/build/libdaisy.a(stm32h7xx_hal_tim.o)
                0x0800dc5c                HAL_TIM_TriggerCallback
 .text.HAL_TIM_IRQHandler
                0x0800dc60      0x170 ../../libDaisy/build/libdaisy.a(stm32h7xx_hal_tim.o)
                0x0800dc60                HAL_TIM_IRQHandler
 .text.HAL_TIMEx_MasterConfigSynchronization
                0x0800ddd0       0x64 ../../libDaisy/build/libdaisy.a(stm32h7xx_hal_tim_ex.o)
                0x0800ddd0                HAL_TIMEx_MasterConfigSynchronization
 .text.HAL_TIMEx_CommutCallback
                0x0800de34        0x4 ../../libDaisy/build/libdaisy.a(stm32h7xx_hal_tim_ex.o)
                0x0800de34                HAL_TIMEx_CommutCallback
 .text.HAL_TIMEx_BreakCallback
                0x0800de38        0x4 ../../libDaisy/build/libdaisy.a(stm32h7xx_hal_tim_ex.o)
                0x0800de38                HAL_TIMEx_BreakCallback
 .text.HAL_TIMEx_Break2Callback
                0x0800de3c        0x4 ../../libDaisy/build/libdaisy.a(stm32h7xx_hal_tim_ex.o)
                0x0800de3c                HAL_TIMEx_Break2Callback
 .text.HAL_UART_Transmit_DMA
                0x0800de40       0x90 ../../libDaisy/build/libdaisy.a(stm32h7xx_hal_uart.o)
                0x0800de40                HAL_UART_Transmit_DMA
 .text.HAL_UART_Receive_DMA
                0x0800ded0       0x98 ../../libDaisy/build/libdaisy.a(stm32h7xx_hal_uart.o)
                0x0800ded0                HAL_UART_Receive_DMA
 .text.UART_DMATransmitCplt
                0x0800df68       0x2c ../../libDaisy/build/libdaisy.a(stm32h7xx_hal_uart.o)
 .text.HAL_UART_TxHalfCpltCallback
                0x0800df94        0x4 ../../libDaisy/build/libdaisy.a(stm32h7xx_hal_uart.o)
                0x0800df94                HAL_UART_TxHalfCpltCallback
 .text.UART_DMATxHalfCplt
                0x0800df98        0xc ../../libDaisy/build/libdaisy.a(stm32h7xx_hal_uart.o)
 .text.UART_DMAReceiveCplt
                0x0800dfa4       0x38 ../../libDaisy/build/libdaisy.a(stm32h7xx_hal_uart.o)
 .text.UART_DMARxHalfCplt
                0x0800dfdc        0xc ../../libDaisy/build/libdaisy.a(stm32h7xx_hal_uart.o)
 .text.UART_DMAError
                0x0800dfe8       0x78 ../../libDaisy/build/libdaisy.a(stm32h7xx_hal_uart.o)
 .text.HAL_UART_IRQHandler
                0x0800e060      0x1e0 ../../libDaisy/build/libdaisy.a(stm32h7xx_hal_uart.o)
                0x0800e060                HAL_UART_IRQHandler
 .text.UART_DMAAbortOnError
                0x0800e240       0x14 ../../libDaisy/build/libdaisy.a(stm32h7xx_hal_uart.o)
 .text.HAL_UART_GetState
                0x0800e254        0xc ../../libDaisy/build/libdaisy.a(stm32h7xx_hal_uart.o)
                0x0800e254                HAL_UART_GetState
 .text.UART_SetConfig
                0x0800e260      0xb00 ../../libDaisy/build/libdaisy.a(stm32h7xx_hal_uart.o)
                0x0800e260                UART_SetConfig
 .text.UART_AdvFeatureConfig
                0x0800ed60       0xb0 ../../libDaisy/build/libdaisy.a(stm32h7xx_hal_uart.o)
                0x0800ed60                UART_AdvFeatureConfig
 .text.UART_CheckIdleState
                0x0800ee10       0x80 ../../libDaisy/build/libdaisy.a(stm32h7xx_hal_uart.o)
                0x0800ee10                UART_CheckIdleState
 .text.HAL_UART_Init
                0x0800ee90       0x68 ../../libDaisy/build/libdaisy.a(stm32h7xx_hal_uart.o)
                0x0800ee90                HAL_UART_Init
 .text.HAL_UARTEx_WakeupCallback
                0x0800eef8        0x4 ../../libDaisy/build/libdaisy.a(stm32h7xx_hal_uart_ex.o)
                0x0800eef8                HAL_UARTEx_WakeupCallback
 .text.HAL_UARTEx_RxFifoFullCallback
                0x0800eefc        0x4 ../../libDaisy/build/libdaisy.a(stm32h7xx_hal_uart_ex.o)
                0x0800eefc                HAL_UARTEx_RxFifoFullCallback
 .text.HAL_UARTEx_TxFifoEmptyCallback
                0x0800ef00        0x4 ../../libDaisy/build/libdaisy.a(stm32h7xx_hal_uart_ex.o)
                0x0800ef00                HAL_UARTEx_TxFifoEmptyCallback
 .text.__aeabi_atexit
                0x0800ef04        0xa /Applications/ArmGNUToolchain/14.2.rel1/arm-none-eabi/bin/../lib/gcc/arm-none-eabi/14.2.1/../../../../arm-none-eabi/lib/thumb/v7e-m+dp/hard/libstdc++_nano.a(atexit_arm.o)
                0x0800ef04                __aeabi_atexit
 *fill*         0x0800ef0e        0x2 
 .text.cosf     0x0800ef10      0x1b4 /Applications/ArmGNUToolchain/14.2.rel1/arm-none-eabi/bin/../lib/gcc/arm-none-eabi/14.2.1/../../../../arm-none-eabi/lib/thumb/v7e-m+dp/hard/libm.a(libm_a-cosf.o)
                0x0800ef10                cosf
 .text.with_errnof
                0x0800f0c4       0x1c /Applications/ArmGNUToolchain/14.2.rel1/arm-none-eabi/bin/../lib/gcc/arm-none-eabi/14.2.1/../../../../arm-none-eabi/lib/thumb/v7e-m+dp/hard/libm.a(libm_a-math_errf.o)
 .text.__math_invalidf
                0x0800f0e0       0x20 /Applications/ArmGNUToolchain/14.2.rel1/arm-none-eabi/bin/../lib/gcc/arm-none-eabi/14.2.1/../../../../arm-none-eabi/lib/thumb/v7e-m+dp/hard/libm.a(libm_a-math_errf.o)
                0x0800f0e0                __math_invalidf
 .text.memset   0x0800f100       0x10 /Applications/ArmGNUToolchain/14.2.rel1/arm-none-eabi/bin/../lib/gcc/arm-none-eabi/14.2.1/../../../../arm-none-eabi/lib/thumb/v7e-m+dp/hard/libc_nano.a(libc_a-memset.o)
                0x0800f100                memset
 .text.__errno  0x0800f110        0xc /Applications/ArmGNUToolchain/14.2.rel1/arm-none-eabi/bin/../lib/gcc/arm-none-eabi/14.2.1/../../../../arm-none-eabi/lib/thumb/v7e-m+dp/hard/libc_nano.a(libc_a-errno.o)
                0x0800f110                __errno
 .text.__libc_init_array
                0x0800f11c       0x48 /Applications/ArmGNUToolchain/14.2.rel1/arm-none-eabi/bin/../lib/gcc/arm-none-eabi/14.2.1/../../../../arm-none-eabi/lib/thumb/v7e-m+dp/hard/libc_nano.a(libc_a-init.o)
                0x0800f11c                __libc_init_array
 .text.__cxa_atexit
                0x0800f164       0x1c /Applications/ArmGNUToolchain/14.2.rel1/arm-none-eabi/bin/../lib/gcc/arm-none-eabi/14.2.1/../../../../arm-none-eabi/lib/thumb/v7e-m+dp/hard/libc_nano.a(libc_a-cxa_atexit.o)
                0x0800f164                __cxa_atexit
 .text.memcpy   0x0800f180       0x1c /Applications/ArmGNUToolchain/14.2.rel1/arm-none-eabi/bin/../lib/gcc/arm-none-eabi/14.2.1/../../../../arm-none-eabi/lib/thumb/v7e-m+dp/hard/libc_nano.a(libc_a-memcpy-stub.o)
                0x0800f180                memcpy
 .text.__udivmoddi4
                0x0800f19c      0x2f8 /Applications/ArmGNUToolchain/14.2.rel1/arm-none-eabi/bin/../lib/gcc/arm-none-eabi/14.2.1/thumb/v7e-m+dp/hard/libgcc.a(_udivmoddi4.o)
                0x0800f19c                __udivmoddi4
 *(.rodata)
 .rodata        0x0800f494       0x10 ../../libDaisy/build/libdaisy.a(i2c.o)
 .rodata        0x0800f4a4       0x10 ../../libDaisy/build/libdaisy.a(tim.o)
 .rodata        0x0800f4b4       0x12 ../../libDaisy/build/libdaisy.a(uart.o)
 *(.rodata*)
 *fill*         0x0800f4c6        0x2 
 .rodata.CSWTCH.44
                0x0800f4c8       0x14 ../../libDaisy/build/libdaisy.a(sai.o)
 .rodata.CSWTCH.36
                0x0800f4dc        0xc ../../libDaisy/build/libdaisy.a(sai.o)
 .rodata.CSWTCH.35
                0x0800f4e8        0x3 ../../libDaisy/build/libdaisy.a(sai.o)
 *fill*         0x0800f4eb        0x1 
 .rodata.D1CorePrescTable
                0x0800f4ec       0x10 ../../libDaisy/build/libdaisy.a(system_stm32h7xx.o)
                0x0800f4ec                D1CorePrescTable
 .rodata.gpio_hal_pin_map
                0x0800f4fc       0x20 ../../libDaisy/build/libdaisy.a(hal_map.o)
 .rodata.gpio_hal_port_map
                0x0800f51c       0x30 ../../libDaisy/build/libdaisy.a(hal_map.o)
 .rodata.flagBitshiftOffset.0
                0x0800f54c        0x8 ../../libDaisy/build/libdaisy.a(stm32h7xx_hal_dma.o)
 .rodata._ZL16pins_periphs_spi
                0x0800f554       0x60 ../../libDaisy/build/libdaisy.a(spi.o)
 .rodata._ZL13pins_none_spi
                0x0800f5b4        0x3 ../../libDaisy/build/libdaisy.a(spi.o)
 *fill*         0x0800f5b7        0x1 
 .rodata.CSWTCH.422
                0x0800f5b8       0x58 ../../libDaisy/build/libdaisy.a(stm32h7xx_hal_uart.o)
 .rodata.CSWTCH.418
                0x0800f610       0x2c ../../libDaisy/build/libdaisy.a(stm32h7xx_hal_uart.o)
 .rodata.__inv_pio4
                0x0800f63c       0x60 /Applications/ArmGNUToolchain/14.2.rel1/arm-none-eabi/bin/../lib/gcc/arm-none-eabi/14.2.1/../../../../arm-none-eabi/lib/thumb/v7e-m+dp/hard/libm.a(libm_a-sincosf_data.o)
                0x0800f63c                __inv_pio4
 *fill*         0x0800f69c        0x4 
 .rodata.__sincosf_table
                0x0800f6a0       0xe0 /Applications/ArmGNUToolchain/14.2.rel1/arm-none-eabi/bin/../lib/gcc/arm-none-eabi/14.2.1/../../../../arm-none-eabi/lib/thumb/v7e-m+dp/hard/libm.a(libm_a-sincosf_data.o)
                0x0800f6a0                __sincosf_table
 *(.glue_7)
 .glue_7        0x0800f780        0x0 linker stubs
 *(.glue_7t)
 .glue_7t       0x0800f780        0x0 linker stubs
 *(.init)
 .init          0x0800f780        0x4 /Applications/ArmGNUToolchain/14.2.rel1/arm-none-eabi/bin/../lib/gcc/arm-none-eabi/14.2.1/thumb/v7e-m+dp/hard/crti.o
                0x0800f780                _init
 .init          0x0800f784        0x8 /Applications/ArmGNUToolchain/14.2.rel1/arm-none-eabi/bin/../lib/gcc/arm-none-eabi/14.2.1/thumb/v7e-m+dp/hard/crtn.o
 *(.fini)
 .fini          0x0800f78c        0x4 /Applications/ArmGNUToolchain/14.2.rel1/arm-none-eabi/bin/../lib/gcc/arm-none-eabi/14.2.1/thumb/v7e-m+dp/hard/crti.o
                0x0800f78c                _fini
 .fini          0x0800f790        0x8 /Applications/ArmGNUToolchain/14.2.rel1/arm-none-eabi/bin/../lib/gcc/arm-none-eabi/14.2.1/thumb/v7e-m+dp/hard/crtn.o
                0x0800f798                        . = ALIGN (0x4)
                0x0800f798                        _etext = .

.eh_frame       0x0800f798        0x0
 .eh_frame      0x0800f798        0x0 /Applications/ArmGNUToolchain/14.2.rel1/arm-none-eabi/bin/../lib/gcc/arm-none-eabi/14.2.1/thumb/v7e-m+dp/hard/crtbegin.o

.vfp11_veneer   0x0800f798        0x0
 .vfp11_veneer  0x0800f798        0x0 linker stubs

.v4_bx          0x0800f798        0x0
 .v4_bx         0x0800f798        0x0 linker stubs

.iplt           0x0800f798        0x0
 .iplt          0x0800f798        0x0 /Applications/ArmGNUToolchain/14.2.rel1/arm-none-eabi/bin/../lib/gcc/arm-none-eabi/14.2.1/thumb/v7e-m+dp/hard/crtbegin.o

.ARM.extab      0x0800f798        0x0
                0x0800f798                        . = ALIGN (0x4)
 *(.ARM.extab)
 *(.gnu.linkonce.armextab.*)
                0x0800f798                        . = ALIGN (0x4)

.exidx          0x0800f798        0x8
                0x0800f798                        . = ALIGN (0x4)
                [!provide]                        PROVIDE (__exidx_start = .)
 *(.ARM.exidx*)
 .ARM.exidx.text.__udivmoddi4
                0x0800f798        0x8 /Applications/ArmGNUToolchain/14.2.rel1/arm-none-eabi/bin/../lib/gcc/arm-none-eabi/14.2.1/thumb/v7e-m+dp/hard/libgcc.a(_udivmoddi4.o)
                0x0800f7a0                        . = ALIGN (0x4)
                [!provide]                        PROVIDE (__exidx_end = .)

.rel.dyn        0x0800f7a0        0x0
 .rel.iplt      0x0800f7a0        0x0 /Applications/ArmGNUToolchain/14.2.rel1/arm-none-eabi/bin/../lib/gcc/arm-none-eabi/14.2.1/thumb/v7e-m+dp/hard/crtbegin.o

.ARM.attributes
                0x0800f7a0       0x2e
 *(.ARM.attributes)
 .ARM.attributes
                0x0800f7a0       0x20 /Applications/ArmGNUToolchain/14.2.rel1/arm-none-eabi/bin/../lib/gcc/arm-none-eabi/14.2.1/thumb/v7e-m+dp/hard/crti.o
 .ARM.attributes
                0x0800f7c0       0x32 /Applications/ArmGNUToolchain/14.2.rel1/arm-none-eabi/bin/../lib/gcc/arm-none-eabi/14.2.1/thumb/v7e-m+dp/hard/crtbegin.o
 .ARM.attributes
                0x0800f7f2       0x32 build/startup_stm32h750xx.o
 .ARM.attributes
                0x0800f824       0x32 build/hearing_aid.o
 .ARM.attributes
                0x0800f856       0x32 ../../libDaisy/build/libdaisy.a(daisy_seed.o)
 .ARM.attributes
                0x0800f888       0x32 ../../libDaisy/build/libdaisy.a(codec_ak4556.o)
 .ARM.attributes
                0x0800f8ba       0x32 ../../libDaisy/build/libdaisy.a(codec_wm8731.o)
 .ARM.attributes
                0x0800f8ec       0x32 ../../libDaisy/build/libdaisy.a(sdram.o)
 .ARM.attributes
                0x0800f91e       0x32 ../../libDaisy/build/libdaisy.a(audio.o)
 .ARM.attributes
                0x0800f950       0x32 ../../libDaisy/build/libdaisy.a(gpio.o)
 .ARM.attributes
                0x0800f982       0x32 ../../libDaisy/build/libdaisy.a(i2c.o)
 .ARM.attributes
                0x0800f9b4       0x32 ../../libDaisy/build/libdaisy.a(qspi.o)
 .ARM.attributes
                0x0800f9e6       0x32 ../../libDaisy/build/libdaisy.a(sai.o)
 .ARM.attributes
                0x0800fa18       0x32 ../../libDaisy/build/libdaisy.a(system.o)
 .ARM.attributes
                0x0800fa4a       0x32 ../../libDaisy/build/libdaisy.a(system_stm32h7xx.o)
 .ARM.attributes
                0x0800fa7c       0x32 ../../libDaisy/build/libdaisy.a(usbd_conf.o)
 .ARM.attributes
                0x0800faae       0x32 ../../libDaisy/build/libdaisy.a(usbh_conf.o)
 .ARM.attributes
                0x0800fae0       0x32 ../../libDaisy/build/libdaisy.a(hal_map.o)
 .ARM.attributes
                0x0800fb12       0x32 ../../libDaisy/build/libdaisy.a(stm32h7xx_hal.o)
 .ARM.attributes
                0x0800fb44       0x32 ../../libDaisy/build/libdaisy.a(stm32h7xx_hal_cortex.o)
 .ARM.attributes
                0x0800fb76       0x32 ../../libDaisy/build/libdaisy.a(stm32h7xx_hal_dma.o)
 .ARM.attributes
                0x0800fba8       0x32 ../../libDaisy/build/libdaisy.a(stm32h7xx_hal_gpio.o)
 .ARM.attributes
                0x0800fbda       0x32 ../../libDaisy/build/libdaisy.a(stm32h7xx_hal_hcd.o)
 .ARM.attributes
                0x0800fc0c       0x32 ../../libDaisy/build/libdaisy.a(stm32h7xx_hal_i2c.o)
 .ARM.attributes
                0x0800fc3e       0x32 ../../libDaisy/build/libdaisy.a(stm32h7xx_hal_i2c_ex.o)
 .ARM.attributes
                0x0800fc70       0x32 ../../libDaisy/build/libdaisy.a(stm32h7xx_hal_pcd.o)
 .ARM.attributes
                0x0800fca2       0x32 ../../libDaisy/build/libdaisy.a(stm32h7xx_hal_pcd_ex.o)
 .ARM.attributes
                0x0800fcd4       0x32 ../../libDaisy/build/libdaisy.a(stm32h7xx_hal_pwr_ex.o)
 .ARM.attributes
                0x0800fd06       0x32 ../../libDaisy/build/libdaisy.a(stm32h7xx_hal_qspi.o)
 .ARM.attributes
                0x0800fd38       0x32 ../../libDaisy/build/libdaisy.a(stm32h7xx_hal_rcc.o)
 .ARM.attributes
                0x0800fd6a       0x32 ../../libDaisy/build/libdaisy.a(stm32h7xx_hal_rcc_ex.o)
 .ARM.attributes
                0x0800fd9c       0x32 ../../libDaisy/build/libdaisy.a(stm32h7xx_hal_sai.o)
 .ARM.attributes
                0x0800fdce       0x32 ../../libDaisy/build/libdaisy.a(stm32h7xx_hal_sdram.o)
 .ARM.attributes
                0x0800fe00       0x32 ../../libDaisy/build/libdaisy.a(stm32h7xx_ll_fmc.o)
 .ARM.attributes
                0x0800fe32       0x32 ../../libDaisy/build/libdaisy.a(stm32h7xx_ll_usb.o)
 .ARM.attributes
                0x0800fe64       0x32 ../../libDaisy/build/libdaisy.a(usbd_core.o)
 .ARM.attributes
                0x0800fe96       0x32 ../../libDaisy/build/libdaisy.a(usbd_ctlreq.o)
 .ARM.attributes
                0x0800fec8       0x32 ../../libDaisy/build/libdaisy.a(usbd_ioreq.o)
 .ARM.attributes
                0x0800fefa       0x32 ../../libDaisy/build/libdaisy.a(usbh_core.o)
 .ARM.attributes
                0x0800ff2c       0x32 ../../libDaisy/build/libdaisy.a(usbh_pipes.o)
 .ARM.attributes
                0x0800ff5e       0x32 ../../libDaisy/build/libdaisy.a(rng.o)
 .ARM.attributes
                0x0800ff90       0x32 ../../libDaisy/build/libdaisy.a(spi.o)
 .ARM.attributes
                0x0800ffc2       0x32 ../../libDaisy/build/libdaisy.a(tim.o)
 .ARM.attributes
                0x0800fff4       0x32 ../../libDaisy/build/libdaisy.a(uart.o)
 .ARM.attributes
                0x08010026       0x32 ../../libDaisy/build/libdaisy.a(dma.o)
 .ARM.attributes
                0x08010058       0x32 ../../libDaisy/build/libdaisy.a(stm32h7xx_hal_mdma.o)
 .ARM.attributes
                0x0801008a       0x32 ../../libDaisy/build/libdaisy.a(stm32h7xx_hal_spi.o)
 .ARM.attributes
                0x080100bc       0x32 ../../libDaisy/build/libdaisy.a(stm32h7xx_hal_tim.o)
 .ARM.attributes
                0x080100ee       0x32 ../../libDaisy/build/libdaisy.a(stm32h7xx_hal_tim_ex.o)
 .ARM.attributes
                0x08010120       0x32 ../../libDaisy/build/libdaisy.a(stm32h7xx_hal_uart.o)
 .ARM.attributes
                0x08010152       0x32 ../../libDaisy/build/libdaisy.a(stm32h7xx_hal_uart_ex.o)
 .ARM.attributes
                0x08010184       0x32 /Applications/ArmGNUToolchain/14.2.rel1/arm-none-eabi/bin/../lib/gcc/arm-none-eabi/14.2.1/../../../../arm-none-eabi/lib/thumb/v7e-m+dp/hard/libstdc++_nano.a(atexit_arm.o)
 .ARM.attributes
                0x080101b6       0x32 /Applications/ArmGNUToolchain/14.2.rel1/arm-none-eabi/bin/../lib/gcc/arm-none-eabi/14.2.1/../../../../arm-none-eabi/lib/thumb/v7e-m+dp/hard/libm.a(libm_a-cosf.o)
 .ARM.attributes
                0x080101e8       0x32 /Applications/ArmGNUToolchain/14.2.rel1/arm-none-eabi/bin/../lib/gcc/arm-none-eabi/14.2.1/../../../../arm-none-eabi/lib/thumb/v7e-m+dp/hard/libm.a(libm_a-sincosf_data.o)
 .ARM.attributes
                0x0801021a       0x32 /Applications/ArmGNUToolchain/14.2.rel1/arm-none-eabi/bin/../lib/gcc/arm-none-eabi/14.2.1/../../../../arm-none-eabi/lib/thumb/v7e-m+dp/hard/libm.a(libm_a-math_errf.o)
 .ARM.attributes
                0x0801024c       0x32 /Applications/ArmGNUToolchain/14.2.rel1/arm-none-eabi/bin/../lib/gcc/arm-none-eabi/14.2.1/../../../../arm-none-eabi/lib/thumb/v7e-m+dp/hard/libc_nano.a(libc_a-findfp.o)
 .ARM.attributes
                0x0801027e       0x32 /Applications/ArmGNUToolchain/14.2.rel1/arm-none-eabi/bin/../lib/gcc/arm-none-eabi/14.2.1/../../../../arm-none-eabi/lib/thumb/v7e-m+dp/hard/libc_nano.a(libc_a-memset.o)
 .ARM.attributes
                0x080102b0       0x32 /Applications/ArmGNUToolchain/14.2.rel1/arm-none-eabi/bin/../lib/gcc/arm-none-eabi/14.2.1/../../../../arm-none-eabi/lib/thumb/v7e-m+dp/hard/libc_nano.a(libc_a-errno.o)
 .ARM.attributes
                0x080102e2       0x32 /Applications/ArmGNUToolchain/14.2.rel1/arm-none-eabi/bin/../lib/gcc/arm-none-eabi/14.2.1/../../../../arm-none-eabi/lib/thumb/v7e-m+dp/hard/libc_nano.a(libc_a-init.o)
 .ARM.attributes
                0x08010314       0x32 /Applications/ArmGNUToolchain/14.2.rel1/arm-none-eabi/bin/../lib/gcc/arm-none-eabi/14.2.1/../../../../arm-none-eabi/lib/thumb/v7e-m+dp/hard/libc_nano.a(libc_a-impure.o)
 .ARM.attributes
                0x08010346       0x32 /Applications/ArmGNUToolchain/14.2.rel1/arm-none-eabi/bin/../lib/gcc/arm-none-eabi/14.2.1/../../../../arm-none-eabi/lib/thumb/v7e-m+dp/hard/libc_nano.a(libc_a-cxa_atexit.o)
 .ARM.attributes
                0x08010378       0x32 /Applications/ArmGNUToolchain/14.2.rel1/arm-none-eabi/bin/../lib/gcc/arm-none-eabi/14.2.1/../../../../arm-none-eabi/lib/thumb/v7e-m+dp/hard/libc_nano.a(libc_a-memcpy-stub.o)
 .ARM.attributes
                0x080103aa       0x20 /Applications/ArmGNUToolchain/14.2.rel1/arm-none-eabi/bin/../lib/gcc/arm-none-eabi/14.2.1/thumb/v7e-m+dp/hard/libgcc.a(_arm_addsubdf3.o)
 .ARM.attributes
                0x080103ca       0x20 /Applications/ArmGNUToolchain/14.2.rel1/arm-none-eabi/bin/../lib/gcc/arm-none-eabi/14.2.1/thumb/v7e-m+dp/hard/libgcc.a(_aeabi_uldivmod.o)
 .ARM.attributes
                0x080103ea       0x32 /Applications/ArmGNUToolchain/14.2.rel1/arm-none-eabi/bin/../lib/gcc/arm-none-eabi/14.2.1/thumb/v7e-m+dp/hard/libgcc.a(_udivmoddi4.o)
 .ARM.attributes
                0x0801041c       0x20 /Applications/ArmGNUToolchain/14.2.rel1/arm-none-eabi/bin/../lib/gcc/arm-none-eabi/14.2.1/thumb/v7e-m+dp/hard/libgcc.a(_dvmd_tls.o)
 .ARM.attributes
                0x0801043c       0x32 /Applications/ArmGNUToolchain/14.2.rel1/arm-none-eabi/bin/../lib/gcc/arm-none-eabi/14.2.1/thumb/v7e-m+dp/hard/crtend.o
 .ARM.attributes
                0x0801046e       0x20 /Applications/ArmGNUToolchain/14.2.rel1/arm-none-eabi/bin/../lib/gcc/arm-none-eabi/14.2.1/thumb/v7e-m+dp/hard/crtn.o

.preinit_array  0x0800f7a0        0x0