Archive member included to satisfy reference by file (symbol)

../../libDaisy/build/libdaisy.a(daisy_seed.o)
                              build/hearing_aid.o (daisy::DaisySeed::StartAudio(void (*)(float const* const*, float**, unsigned int)))
../../libDaisy/build/libdaisy.a(codec_ak4556.o)
                              ../../libDaisy/build/libdaisy.a(daisy_seed.o) (daisy::Ak4556::Init(dsy_gpio_pin))
../../libDaisy/build/libdaisy.a(codec_wm8731.o)
                              ../../libDaisy/build/libdaisy.a(daisy_seed.o) (daisy::Wm8731::Init(daisy::Wm8731::Config const&, daisy::I2CHandle))
../../libDaisy/build/libdaisy.a(sdram.o)
                              ../../libDaisy/build/libdaisy.a(daisy_seed.o) (SdramHandle::Init())
../../libDaisy/build/libdaisy.a(audio.o)
                              ../../libDaisy/build/libdaisy.a(daisy_seed.o) (daisy::AudioHandle::Init(daisy::AudioHandle::Config const&, daisy::SaiHandle))
../../libDaisy/build/libdaisy.a(gpio.o)
                              ../../libDaisy/build/libdaisy.a(daisy_seed.o) (daisy::GPIO::Init(daisy::Pin, daisy::GPIO::Mode, daisy::GPIO::Pull, daisy::GPIO::Speed))
../../libDaisy/build/libdaisy.a(i2c.o)
                              ../../libDaisy/build/libdaisy.a(daisy_seed.o) (daisy::I2CHandle::Init(daisy::I2CHandle::Config const&))
../../libDaisy/build/libdaisy.a(qspi.o)
                              ../../libDaisy/build/libdaisy.a(daisy_seed.o) (daisy::QSPIHandle::Init(daisy::QSPIHandle::Config const&))
../../libDaisy/build/libdaisy.a(sai.o)
                              ../../libDaisy/build/libdaisy.a(daisy_seed.o) (daisy::SaiHandle::Init(daisy::SaiHandle::Config const&))
../../libDaisy/build/libdaisy.a(system.o)
                              ../../libDaisy/build/libdaisy.a(daisy_seed.o) (daisy::System::DeInit())
../../libDaisy/build/libdaisy.a(system_stm32h7xx.o)
                              build/startup_stm32h750xx.o (SystemInit)
../../libDaisy/build/libdaisy.a(usbd_conf.o)
                              ../../libDaisy/build/libdaisy.a(system.o) (hpcd_USB_OTG_HS)
../../libDaisy/build/libdaisy.a(usbh_conf.o)
                              ../../libDaisy/build/libdaisy.a(system.o) (hhcd_USB_OTG_HS)
../../libDaisy/build/libdaisy.a(hal_map.o)
                              ../../libDaisy/build/libdaisy.a(gpio.o) (dsy_hal_map_get_port)
../../libDaisy/build/libdaisy.a(stm32h7xx_hal.o)
                              ../../libDaisy/build/libdaisy.a(system.o) (HAL_Init)
../../libDaisy/build/libdaisy.a(stm32h7xx_hal_cortex.o)
                              ../../libDaisy/build/libdaisy.a(stm32h7xx_hal.o) (HAL_NVIC_SetPriorityGrouping)
../../libDaisy/build/libdaisy.a(stm32h7xx_hal_dma.o)
                              ../../libDaisy/build/libdaisy.a(i2c.o) (HAL_DMA_Init)
../../libDaisy/build/libdaisy.a(stm32h7xx_hal_gpio.o)
                              ../../libDaisy/build/libdaisy.a(sdram.o) (HAL_GPIO_Init)
../../libDaisy/build/libdaisy.a(stm32h7xx_hal_hcd.o)
                              ../../libDaisy/build/libdaisy.a(usbh_conf.o) (HAL_HCD_HC_Init)
../../libDaisy/build/libdaisy.a(stm32h7xx_hal_i2c.o)
                              ../../libDaisy/build/libdaisy.a(i2c.o) (HAL_I2C_Init)
../../libDaisy/build/libdaisy.a(stm32h7xx_hal_i2c_ex.o)
                              ../../libDaisy/build/libdaisy.a(i2c.o) (HAL_I2CEx_ConfigAnalogFilter)
../../libDaisy/build/libdaisy.a(stm32h7xx_hal_pcd.o)
                              ../../libDaisy/build/libdaisy.a(usbd_conf.o) (HAL_PCD_Init)
../../libDaisy/build/libdaisy.a(stm32h7xx_hal_pcd_ex.o)
                              ../../libDaisy/build/libdaisy.a(usbd_conf.o) (HAL_PCDEx_SetTxFiFo)
../../libDaisy/build/libdaisy.a(stm32h7xx_hal_pwr_ex.o)
                              ../../libDaisy/build/libdaisy.a(system.o) (HAL_PWREx_ConfigSupply)
../../libDaisy/build/libdaisy.a(stm32h7xx_hal_qspi.o)
                              ../../libDaisy/build/libdaisy.a(qspi.o) (HAL_QSPI_Init)
../../libDaisy/build/libdaisy.a(stm32h7xx_hal_rcc.o)
                              ../../libDaisy/build/libdaisy.a(system.o) (HAL_RCC_OscConfig)
../../libDaisy/build/libdaisy.a(stm32h7xx_hal_rcc_ex.o)
                              ../../libDaisy/build/libdaisy.a(system.o) (HAL_RCCEx_PeriphCLKConfig)
../../libDaisy/build/libdaisy.a(stm32h7xx_hal_sai.o)
                              ../../libDaisy/build/libdaisy.a(sai.o) (HAL_SAI_InitProtocol)
../../libDaisy/build/libdaisy.a(stm32h7xx_hal_sdram.o)
                              ../../libDaisy/build/libdaisy.a(sdram.o) (HAL_SDRAM_Init)
../../libDaisy/build/libdaisy.a(stm32h7xx_ll_fmc.o)
                              ../../libDaisy/build/libdaisy.a(stm32h7xx_hal_sdram.o) (FMC_SDRAM_Init)
../../libDaisy/build/libdaisy.a(stm32h7xx_ll_usb.o)
                              ../../libDaisy/build/libdaisy.a(stm32h7xx_hal_hcd.o) (USB_CoreInit)
../../libDaisy/build/libdaisy.a(usbd_core.o)
                              ../../libDaisy/build/libdaisy.a(usbd_conf.o) (USBD_LL_SetupStage)
[...]
Memory Configuration

Name             Origin             Length             Attributes
FLASH            0x08000000         0x00020000         xr
DTCMRAM          0x20000000         0x00020000         xrw
SRAM             0x24000000         0x00080000         xrw
RAM_D2           0x30000000         0x00048000         xrw
RAM_D3           0x38000000         0x00010000         xrw
BACKUP_SRAM      0x38800000         0x00001000         xrw
ITCMRAM          0x00000000         0x00010000         xrw
SDRAM            0xc0000000         0x04000000         xrw
QSPIFLASH        0x90000000         0x00800000         xr
*default*        0x00000000         0xffffffff

Linker script and memory map

LOAD /Applications/ArmGNUToolchain/14.2.rel1/arm-none-eabi/bin/../lib/gcc/arm-none-eabi/14.2.1/thumb/v7e-m+dp/hard/crti.o
LOAD /Applications/ArmGNUToolchain/14.2.rel1/arm-none-eabi/bin/../lib/gcc/arm-none-eabi/14.2.1/thumb/v7e-m+dp/hard/crtbegin.o
LOAD /Applications/ArmGNUToolchain/14.2.rel1/arm-none-eabi/bin/../lib/gcc/arm-none-eabi/14.2.1/../../../../arm-none-eabi/lib/thumb/v7e-m+dp/hard/crt0.o
LOAD build/arm_fir_init_f32.o
LOAD build/arm_fir_f32.o
LOAD build/startup_stm32h750xx.o
LOAD build/hearing_aid.o
LOAD ../../libDaisy/build/libdaisy.a
LOAD /Applications/ArmGNUToolchain/14.2.rel1/arm-none-eabi/bin/../lib/gcc/arm-none-eabi/14.2.1/../../../../arm-none-eabi/lib/thumb/v7e-m+dp/hard/libnosys.a
LOAD ../../DaisySP/build/libdaisysp.a
LOAD /Applications/ArmGNUToolchain/14.2.rel1/arm-none-eabi/bin/../lib/gcc/arm-none-eabi/14.2.1/../../../../arm-none-eabi/lib/thumb/v7e-m+dp/hard/libstdc++_nano.a
LOAD /Applications/ArmGNUToolchain/14.2.rel1/arm-none-eabi/bin/../lib/gcc/arm-none-eabi/14.2.1/../../../../arm-none-eabi/lib/thumb/v7e-m+dp/hard/libm.a
LOAD /Applications/ArmGNUToolchain/14.2.rel1/arm-none-eabi/bin/../lib/gcc/arm-none-eabi/14.2.1/../../../../arm-none-eabi/lib/thumb/v7e-m+dp/hard/libc_nano.a
START GROUP
LOAD /Applications/ArmGNUToolchain/14.2.rel1/arm-none-eabi/bin/../lib/gcc/arm-none-eabi/14.2.1/thumb/v7e-m+dp/hard/libgcc.a
LOAD /Applications/ArmGNUToolchain/14.2.rel1/arm-none-eabi/bin/../lib/gcc/arm-none-eabi/14.2.1/../../../../arm-none-eabi/lib/thumb/v7e-m+dp/hard/libc_nano.a
END GROUP
START GROUP
LOAD /Applications/ArmGNUToolchain/14.2.rel1/arm-none-eabi/bin/../lib/gcc/arm-none-eabi/14.2.1/thumb/v7e-m+dp/hard/libgcc.a
LOAD /Applications/ArmGNUToolchain/14.2.rel1/arm-none-eabi/bin/../lib/gcc/arm-none-eabi/14.2.1/../../../../arm-none-eabi/lib/thumb/v7e-m+dp/hard/libc_nano.a
LOAD /Applications/ArmGNUToolchain/14.2.rel1/arm-none-eabi/bin/../lib/gcc/arm-none-eabi/14.2.1/../../../../arm-none-eabi/lib/thumb/v7e-m+dp/hard/libnosys.a
END GROUP
START GROUP
LOAD /Applications/ArmGNUToolchain/14.2.rel1/arm-none-eabi/bin/../lib/gcc/arm-none-eabi/14.2.1/thumb/v7e-m+dp/hard/libgcc.a
LOAD /Applications/ArmGNUToolchain/14.2.rel1/arm-none-eabi/bin/../lib/gcc/arm-none-eabi/14.2.1/../../../../arm-none-eabi/lib/thumb/v7e-m+dp/hard/libc_nano.a
LOAD /Applications/ArmGNUToolchain/14.2.rel1/arm-none-eabi/bin/../lib/gcc/arm-none-eabi/14.2.1/../../../../arm-none-eabi/lib/thumb/v7e-m+dp/hard/libnosys.a
END GROUP
LOAD /Applications/ArmGNUToolchain/14.2.rel1/arm-none-eabi/bin/../lib/gcc/arm-none-eabi/14.2.1/thumb/v7e-m+dp/hard/crtend.o
LOAD /Applications/ArmGNUToolchain/14.2.rel1/arm-none-eabi/bin/../lib/gcc/arm-none-eabi/14.2.1/thumb/v7e-m+dp/hard/crtn.o
                0x20020000                        _estack = 0x20020000

.isr_vector     0x08000000      0x298
                0x08000000                        . = ALIGN (0x4)
 *(.isr_vector)
 .isr_vector    0x08000000      0x298 build/startup_stm32h750xx.o
                0x08000000                g_pfnVectors
                0x08000298                        . = ALIGN (0x4)

.text           0x08000298     0xf498
                0x08000298                        . = ALIGN (0x4)
                0x08000298                        _stext = .
 *(.text)
 .text          0x08000298      0x378 /Applications/ArmGNUToolchain/14.2.rel1/arm-none-eabi/bin/../lib/gcc/arm-none-eabi/14.2.1/thumb/v7e-m+dp/hard/libgcc.a(_arm_addsubdf3.o)
                0x08000298                __aeabi_drsub
                0x080002a0                __subdf3
                0x080002a0                __aeabi_dsub
                0x080002a4                __aeabi_dadd
                0x080002a4                __adddf3
                0x0800051c                __aeabi_ui2d
                0x0800051c                __floatunsidf
                0x0800053c                __floatsidf
                0x0800053c                __aeabi_i2d
                0x08000560                __extendsfdf2
                0x08000560                __aeabi_f2d
                0x080005a4                __aeabi_ul2d
                0x080005a4                __floatundidf
                0x080005b4                __aeabi_l2d
                0x080005b4                __floatdidf
 .text          0x08000610       0x30 /Applications/ArmGNUToolchain/14.2.rel1/arm-none-eabi/bin/../lib/gcc/arm-none-eabi/14.2.1/thumb/v7e-m+dp/hard/libgcc.a(_aeabi_uldivmod.o)
                0x08000610                __aeabi_uldivmod
 .text          0x08000640        0x4 /Applications/ArmGNUToolchain/14.2.rel1/arm-none-eabi/bin/../lib/gcc/arm-none-eabi/14.2.1/thumb/v7e-m+dp/hard/libgcc.a(_dvmd_tls.o)
                0x08000640                __aeabi_ldiv0
                0x08000640                __aeabi_idiv0
 *(.text*)
 .text.deregister_tm_clones
                0x08000644       0x1c /Applications/ArmGNUToolchain/14.2.rel1/arm-none-eabi/bin/../lib/gcc/arm-none-eabi/14.2.1/thumb/v7e-m+dp/hard/crtbegin.o
 .text.register_tm_clones
                0x08000660       0x24 /Applications/ArmGNUToolchain/14.2.rel1/arm-none-eabi/bin/../lib/gcc/arm-none-eabi/14.2.1/thumb/v7e-m+dp/hard/crtbegin.o
 .text.__do_global_dtors_aux
                0x08000684       0x28 /Applications/ArmGNUToolchain/14.2.rel1/arm-none-eabi/bin/../lib/gcc/arm-none-eabi/14.2.1/thumb/v7e-m+dp/hard/crtbegin.o
 .text.frame_dummy
                0x080006ac       0x24 /Applications/ArmGNUToolchain/14.2.rel1/arm-none-eabi/bin/../lib/gcc/arm-none-eabi/14.2.1/thumb/v7e-m+dp/hard/crtbegin.o
 .text.Default_Handler
                0x080006d0        0x4 build/startup_stm32h750xx.o
                0x080006d0                SAI1_IRQHandler
                0x080006d0                HASH_RNG_IRQHandler
                0x080006d0                EXTI2_IRQHandler
                0x080006d0                TIM8_CC_IRQHandler
                0x080006d0                HRTIM1_Master_IRQHandler
                0x080006d0                DebugMon_Handler
                0x080006d0                TIM1_CC_IRQHandler
                0x080006d0                BDMA_Channel6_IRQHandler
                0x080006d0                DMA2_Stream5_IRQHandler
                0x080006d0                HRTIM1_FLT_IRQHandler
                0x080006d0                JPEG_IRQHandler
                0x080006d0                BDMA_Channel1_IRQHandler
                0x080006d0                HRTIM1_TIMD_IRQHandler
                0x080006d0                TAMP_STAMP_IRQHandler
                0x080006d0                PendSV_Handler
                0x080006d0                NMI_Handler
                0x080006d0                EXTI3_IRQHandler
                0x080006d0                LPTIM4_IRQHandler
                0x080006d0                TIM8_TRG_COM_TIM14_IRQHandler
                0x080006d0                LPTIM2_IRQHandler
                0x080006d0                DFSDM1_FLT1_IRQHandler
                0x080006d0                DMAMUX2_OVR_IRQHandler
                0x080006d0                TIM8_UP_TIM13_IRQHandler
                0x080006d0                I2C3_ER_IRQHandler
                0x080006d0                DFSDM1_FLT2_IRQHandler
                0x080006d0                MDMA_IRQHandler
                0x080006d0                LPTIM3_IRQHandler
                0x080006d0                HSEM1_IRQHandler
                0x080006d0                EXTI0_IRQHandler
                0x080006d0                DMA1_Stream2_IRQHandler
                0x080006d0                FPU_IRQHandler
                0x080006d0                OTG_HS_WKUP_IRQHandler
                0x080006d0                FDCAN1_IT1_IRQHandler
                0x080006d0                UsageFault_Handler
                0x080006d0                LTDC_ER_IRQHandler
                0x080006d0                HRTIM1_TIME_IRQHandler
                0x080006d0                TIM6_DAC_IRQHandler
                0x080006d0                DCMI_IRQHandler
                0x080006d0                HRTIM1_TIMC_IRQHandler
                0x080006d0                SAI2_IRQHandler
                0x080006d0                DFSDM1_FLT3_IRQHandler
                0x080006d0                TIM17_IRQHandler
                0x080006d0                CRYP_IRQHandler
                0x080006d0                BDMA_Channel7_IRQHandler
                0x080006d0                LPTIM5_IRQHandler
                0x080006d0                ADC3_IRQHandler
                0x080006d0                DMA2_Stream0_IRQHandler
                0x080006d0                BDMA_Channel2_IRQHandler
                0x080006d0                DMAMUX1_OVR_IRQHandler
                0x080006d0                TIM16_IRQHandler
                0x080006d0                BDMA_Channel5_IRQHandler
                0x080006d0                RCC_IRQHandler
                0x080006d0                TIM8_BRK_TIM12_IRQHandler
                0x080006d0                TIM1_TRG_COM_IRQHandler
                0x080006d0                Default_Handler
                0x080006d0                ECC_IRQHandler
                0x080006d0                CEC_IRQHandler
                0x080006d0                EXTI15_10_IRQHandler
                0x080006d0                BDMA_Channel0_IRQHandler
                0x080006d0                ADC_IRQHandler
                0x080006d0                DMA1_Stream7_IRQHandler
                0x080006d0                HRTIM1_TIMA_IRQHandler
                0x080006d0                TIM7_IRQHandler
                0x080006d0                SDMMC1_IRQHandler
                0x080006d0                DMA2_Stream7_IRQHandler
                0x080006d0                TIM15_IRQHandler
                0x080006d0                PVD_AVD_IRQHandler
                0x080006d0                EXTI9_5_IRQHandler
                0x080006d0                RTC_WKUP_IRQHandler
                0x080006d0                LTDC_IRQHandler
                0x080006d0                SAI3_IRQHandler
                0x080006d0                ETH_WKUP_IRQHandler
                0x080006d0                SPDIF_RX_IRQHandler
                0x080006d0                MemManage_Handler
                0x080006d0                SVC_Handler
                0x080006d0                CRS_IRQHandler
                0x080006d0                EXTI4_IRQHandler
                0x080006d0                HRTIM1_TIMB_IRQHandler
                0x080006d0                FDCAN2_IT1_IRQHandler
                0x080006d0                ETH_IRQHandler
                0x080006d0                TIM1_UP_IRQHandler
                0x080006d0                BDMA_Channel4_IRQHandler
                0x080006d0                WWDG_IRQHandler
                0x080006d0                SPI6_IRQHandler
                0x080006d0                I2C4_EV_IRQHandler
                0x080006d0                MDIOS_IRQHandler
                0x080006d0                FDCAN2_IT0_IRQHandler
                0x080006d0                FDCAN1_IT0_IRQHandler
                0x080006d0                OTG_FS_WKUP_IRQHandler
                0x080006d0                DMA2D_IRQHandler
                0x080006d0                TIM1_BRK_IRQHandler
                0x080006d0                EXTI1_IRQHandler
                0x080006d0                SDMMC2_IRQHandler
                0x080006d0                OTG_FS_EP1_OUT_IRQHandler
                0x080006d0                BDMA_Channel3_IRQHandler
                0x080006d0                MDIOS_WKUP_IRQHandler
                0x080006d0                DFSDM1_FLT0_IRQHandler
                0x080006d0                SAI4_IRQHandler
                0x080006d0                I2C2_ER_IRQHandler
                0x080006d0                DMA2_Stream1_IRQHandler
                0x080006d0                FLASH_IRQHandler
                0x080006d0                BusFault_Handler
                0x080006d0                OTG_FS_IRQHandler
                0x080006d0                WAKEUP_PIN_IRQHandler
                0x080006d0                OTG_FS_EP1_IN_IRQHandler
                0x080006d0                I2C1_ER_IRQHandler
                0x080006d0                FMC_IRQHandler
                0x080006d0                FDCAN_CAL_IRQHandler
                0x080006d0                SWPMI1_IRQHandler
                0x080006d0                COMP1_IRQHandler
                0x080006d0                LPTIM1_IRQHandler
                0x080006d0                I2C4_ER_IRQHandler
                0x080006d0                DMA2_Stream6_IRQHandler
                0x080006d0                RTC_Alarm_IRQHandler
 .text.Reset_Handler
                0x080006d4       0x48 build/startup_stm32h750xx.o
                0x080006d4                Reset_Handler
 .text._ZN5daisy9DaisySeedD2Ev
                0x0800071c        0x4 build/hearing_aid.o
                0x0800071c                daisy::DaisySeed::~DaisySeed()
                0x0800071c                daisy::DaisySeed::~DaisySeed()
 .text._Z13AudioCallbackPKPKfPPfj
                0x08000720       0x78 build/hearing_aid.o
                0x08000720                AudioCallback(float const* const*, float**, unsigned int)
 .text._Z21create_hamming_windowPfi
                0x08000798       0x60 build/hearing_aid.o
                0x08000798                create_hamming_window(float*, int)
 .text.startup.main
                0x080007f8       0x3c build/hearing_aid.o
                0x080007f8                main
 .text.startup._GLOBAL__sub_I_band_gains
                0x08000834       0x28 build/hearing_aid.o
 .text._ZN5daisy9DaisySeed10StartAudioEPFvPKPKfPPfjE
                0x0800085c        0x8 ../../libDaisy/build/libdaisy.a(daisy_seed.o)
                0x0800085c                daisy::DaisySeed::StartAudio(void (*)(float const* const*, float**, unsigned int))
 .text._ZN5daisy9DaisySeed18SetAudioSampleRateENS_9SaiHandle6Config10SampleRateE
                0x08000864       0x38 ../../libDaisy/build/libdaisy.a(daisy_seed.o)
                0x08000864                daisy::DaisySeed::SetAudioSampleRate(daisy::SaiHandle::Config::SampleRate)
 .text._ZN5daisy9DaisySeed17SetAudioBlockSizeEj
                0x0800089c       0x38 ../../libDaisy/build/libdaisy.a(daisy_seed.o)
                0x0800089c                daisy::DaisySeed::SetAudioBlockSize(unsigned int)
 .text._ZN5daisy9DaisySeed17CheckBoardVersionEv
                0x080008d4       0x6c ../../libDaisy/build/libdaisy.a(daisy_seed.o)
                0x080008d4                daisy::DaisySeed::CheckBoardVersion()
 .text._ZN5daisy9DaisySeed14ConfigureAudioEv
                0x08000940      0x108 ../../libDaisy/build/libdaisy.a(daisy_seed.o)
                0x08000940                daisy::DaisySeed::ConfigureAudio()
 .text._ZN5daisy9DaisySeed4InitEb
                0x08000a48       0xf4 ../../libDaisy/build/libdaisy.a(daisy_seed.o)
                0x08000a48                daisy::DaisySeed::Init(bool)
 .text._ZN5daisy6Ak45564InitE12dsy_gpio_pin
                0x08000b3c       0x40 ../../libDaisy/build/libdaisy.a(codec_ak4556.o)
                0x08000b3c                daisy::Ak4556::Init(dsy_gpio_pin)
 .text._ZN5daisy6Wm873120WriteControlRegisterEht
                0x08000b7c       0x3c ../../libDaisy/build/libdaisy.a(codec_wm8731.o)
                0x08000b7c                daisy::Wm8731::WriteControlRegister(unsigned char, unsigned short)
 .text._ZN5daisy6Wm87314InitERKNS0_6ConfigENS_9I2CHandleE
                0x08000bb8      0x1ac ../../libDaisy/build/libdaisy.a(codec_wm8731.o)
                0x08000bb8                daisy::Wm8731::Init(daisy::Wm8731::Config const&, daisy::I2CHandle)
 .text._ZN11SdramHandle10DeviceInitEv
                0x08000d64       0x88 ../../libDaisy/build/libdaisy.a(sdram.o)
                0x08000d64                SdramHandle::DeviceInit()
 *fill*         0x08000dec        0x4 
 .text._ZN11SdramHandle4InitEv
                0x08000df0       0x80 ../../libDaisy/build/libdaisy.a(sdram.o)
                0x08000df0                SdramHandle::Init()
 .text.HAL_SDRAM_MspInit
                0x08000e70      0x19c ../../libDaisy/build/libdaisy.a(sdram.o)
                0x08000e70                HAL_SDRAM_MspInit
 .text._ZN5daisy11AudioHandle4Impl16InternalCallbackEPlS2_j
                0x0800100c      0xd14 ../../libDaisy/build/libdaisy.a(audio.o)
                0x0800100c                daisy::AudioHandle::Impl::InternalCallback(long*, long*, unsigned int)
 .text._ZN5daisy11AudioHandle4InitERKNS0_6ConfigENS_9SaiHandleE
                0x08001d20       0x70 ../../libDaisy/build/libdaisy.a(audio.o)
                0x08001d20                daisy::AudioHandle::Init(daisy::AudioHandle::Config const&, daisy::SaiHandle)
 .text._ZNK5daisy11AudioHandle9GetConfigEv
                0x08001d90        0x8 ../../libDaisy/build/libdaisy.a(audio.o)
                0x08001d90                daisy::AudioHandle::GetConfig() const
 .text._ZN5daisy11AudioHandle12SetBlockSizeEj
                0x08001d98       0x1c ../../libDaisy/build/libdaisy.a(audio.o)
                0x08001d98                daisy::AudioHandle::SetBlockSize(unsigned int)
 .text._ZN5daisy11AudioHandle13GetSampleRateEv
                0x08001db4        0x8 ../../libDaisy/build/libdaisy.a(audio.o)
                0x08001db4                daisy::AudioHandle::GetSampleRate()
 .text._ZN5daisy11AudioHandle13SetSampleRateENS_9SaiHandle6Config10SampleRateE
                0x08001dbc       0x84 ../../libDaisy/build/libdaisy.a(audio.o)
                0x08001dbc                daisy::AudioHandle::SetSampleRate(daisy::SaiHandle::Config::SampleRate)
 .text._ZN5daisy11AudioHandle5StartEPFvPKPKfPPfjE
                0x08001e40       0x44 ../../libDaisy/build/libdaisy.a(audio.o)
                0x08001e40                daisy::AudioHandle::Start(void (*)(float const* const*, float**, unsigned int))
 .text.startup._GLOBAL__sub_I__ZN5daisy11AudioHandle4Impl4InitENS0_6ConfigENS_9SaiHandleE
                0x08001e84       0x20 ../../libDaisy/build/libdaisy.a(audio.o)
 .text._ZN5daisy4GPIO4InitENS_3PinENS0_4ModeENS0_4PullENS0_5SpeedE
                0x08001ea4      0x21c ../../libDaisy/build/libdaisy.a(gpio.o)
                0x08001ea4                daisy::GPIO::Init(daisy::Pin, daisy::GPIO::Mode, daisy::GPIO::Pull, daisy::GPIO::Speed)
 .text._ZN5daisy4GPIO4ReadEv
                0x080020c0       0x18 ../../libDaisy/build/libdaisy.a(gpio.o)
                0x080020c0                daisy::GPIO::Read()
 .text._ZN5daisy4GPIO5WriteEb
                0x080020d8       0x14 ../../libDaisy/build/libdaisy.a(gpio.o)
                0x080020d8                daisy::GPIO::Write(bool)
 .text.dsy_gpio_init
                0x080020ec      0x1bc ../../libDaisy/build/libdaisy.a(gpio.o)
                0x080020ec                dsy_gpio_init
 .text.dsy_gpio_write
                0x080022a8       0x24 ../../libDaisy/build/libdaisy.a(gpio.o)
                0x080022a8                dsy_gpio_write
 .text._ZN5daisy9I2CHandle4Impl8InitPinsEv
                0x080022cc       0x58 ../../libDaisy/build/libdaisy.a(i2c.o)
                0x080022cc                daisy::I2CHandle::Impl::InitPins()
 .text.HAL_I2C_MspInit
                0x08002324      0x1b4 ../../libDaisy/build/libdaisy.a(i2c.o)
                0x08002324                HAL_I2C_MspInit
 .text.dsy_i2c_global_init
                0x080024d8       0x70 ../../libDaisy/build/libdaisy.a(i2c.o)
                0x080024d8                dsy_i2c_global_init
 .text.DMA1_Stream6_IRQHandler
                0x08002548       0x30 ../../libDaisy/build/libdaisy.a(i2c.o)
                0x08002548                DMA1_Stream6_IRQHandler
 .text.I2C1_EV_IRQHandler
                0x08002578        0xc ../../libDaisy/build/libdaisy.a(i2c.o)
                0x08002578                I2C1_EV_IRQHandler
 .text.I2C2_EV_IRQHandler
                0x08002584        0xc ../../libDaisy/build/libdaisy.a(i2c.o)
                0x08002584                I2C2_EV_IRQHandler
 .text.I2C3_EV_IRQHandler
                0x08002590        0xc ../../libDaisy/build/libdaisy.a(i2c.o)
                0x08002590                I2C3_EV_IRQHandler
 .text._ZN5daisy9I2CHandle4InitERKNS0_6ConfigE
                0x0800259c      0x120 ../../libDaisy/build/libdaisy.a(i2c.o)
                0x0800259c                daisy::I2CHandle::Init(daisy::I2CHandle::Config const&)
 .text._ZN5daisy9I2CHandle16TransmitBlockingEtPhtm
                0x080026bc       0x50 ../../libDaisy/build/libdaisy.a(i2c.o)
                0x080026bc                daisy::I2CHandle::TransmitBlocking(unsigned short, unsigned char*, unsigned short, unsigned long)
 .text.startup._GLOBAL__sub_I__ZN5daisy9I2CHandle4Impl10GlobalInitEv
                0x0800270c       0x18 ../../libDaisy/build/libdaisy.a(i2c.o)
 .text._ZN5daisy10QSPIHandle4Impl11WriteEnableEv
                0x08002724       0x88 ../../libDaisy/build/libdaisy.a(qspi.o)
                0x08002724                daisy::QSPIHandle::Impl::WriteEnable()
 *fill*         0x080027ac        0x4 
 .text._ZN5daisy10QSPIHandle4Impl17DummyCyclesConfigENS0_6Config6DeviceE
                0x080027b0      0x108 ../../libDaisy/build/libdaisy.a(qspi.o)
                0x080027b0                daisy::QSPIHandle::Impl::DummyCyclesConfig(daisy::QSPIHandle::Config::Device)
 .text._ZN5daisy10QSPIHandle4Impl10QuadEnableEv
                0x080028b8      0x140 ../../libDaisy/build/libdaisy.a(qspi.o)
                0x080028b8                daisy::QSPIHandle::Impl::QuadEnable()
 .text._ZN5daisy10QSPIHandle4InitERKNS0_6ConfigE
                0x080029f8      0x180 ../../libDaisy/build/libdaisy.a(qspi.o)
                0x080029f8                daisy::QSPIHandle::Init(daisy::QSPIHandle::Config const&)
 .text.HAL_QSPI_MspInit
                0x08002b78      0x11c ../../libDaisy/build/libdaisy.a(qspi.o)
                0x08002b78                HAL_QSPI_MspInit
 .text.HAL_QSPI_MspDeInit
                0x08002c94       0x54 ../../libDaisy/build/libdaisy.a(qspi.o)
                0x08002c94                HAL_QSPI_MspDeInit
 .text.QUADSPI_IRQHandler
                0x08002ce8        0xc ../../libDaisy/build/libdaisy.a(qspi.o)
                0x08002ce8                QUADSPI_IRQHandler
 .text.startup._GLOBAL__sub_I__ZN5daisy10QSPIHandle4Impl4InitERKNS0_6ConfigE
                0x08002cf4       0x28 ../../libDaisy/build/libdaisy.a(qspi.o)
 .text._ZN5daisy9SaiHandle4Impl8InitPinsEv
                0x08002d1c       0xa4 ../../libDaisy/build/libdaisy.a(sai.o)
                0x08002d1c                daisy::SaiHandle::Impl::InitPins()
 .text.HAL_SAI_MspInit
                0x08002dc0      0x2a8 ../../libDaisy/build/libdaisy.a(sai.o)
                0x08002dc0                HAL_SAI_MspInit
 .text.DMA1_Stream0_IRQHandler
                0x08003068        0xc ../../libDaisy/build/libdaisy.a(sai.o)
                0x08003068                DMA1_Stream0_IRQHandler
 .text.DMA1_Stream1_IRQHandler
                0x08003074        0xc ../../libDaisy/build/libdaisy.a(sai.o)
                0x08003074                DMA1_Stream1_IRQHandler
 .text.DMA1_Stream3_IRQHandler
                0x08003080        0xc ../../libDaisy/build/libdaisy.a(sai.o)
                0x08003080                DMA1_Stream3_IRQHandler
 .text.DMA1_Stream4_IRQHandler
                0x0800308c        0xc ../../libDaisy/build/libdaisy.a(sai.o)
                0x0800308c                DMA1_Stream4_IRQHandler
 .text.HAL_SAI_RxHalfCpltCallback
                0x08003098       0x78 ../../libDaisy/build/libdaisy.a(sai.o)
                0x08003098                HAL_SAI_RxHalfCpltCallback
 .text.HAL_SAI_RxCpltCallback
                0x08003110       0x70 ../../libDaisy/build/libdaisy.a(sai.o)
                0x08003110                HAL_SAI_RxCpltCallback
 .text._ZN5daisy9SaiHandle4InitERKNS0_6ConfigE
                0x08003180      0x1fc ../../libDaisy/build/libdaisy.a(sai.o)
                0x08003180                daisy::SaiHandle::Init(daisy::SaiHandle::Config const&)
 .text._ZNK5daisy9SaiHandle9GetConfigEv
                0x0800337c        0x4 ../../libDaisy/build/libdaisy.a(sai.o)
                0x0800337c                daisy::SaiHandle::GetConfig() const
 .text._ZN5daisy9SaiHandle8StartDmaEPlS1_jPFvS1_S1_jE
                0x08003380       0xac ../../libDaisy/build/libdaisy.a(sai.o)
                0x08003380                daisy::SaiHandle::StartDma(long*, long*, unsigned int, void (*)(long*, long*, unsigned int))
 .text._ZN5daisy9SaiHandle13GetSampleRateEv
                0x0800342c       0x24 ../../libDaisy/build/libdaisy.a(sai.o)
                0x0800342c                daisy::SaiHandle::GetSampleRate()
 .text._ZNK5daisy9SaiHandle9GetOffsetEv
                0x08003450        0x8 ../../libDaisy/build/libdaisy.a(sai.o)
                0x08003450                daisy::SaiHandle::GetOffset() const
 .text._ZN5daisy11TimerHandleD2Ev
                0x08003458        0x4 ../../libDaisy/build/libdaisy.a(system.o)
                0x08003458                daisy::TimerHandle::~TimerHandle()
                0x08003458                daisy::TimerHandle::~TimerHandle()
 .text.SysTick_Handler
                0x0800345c       0x10 ../../libDaisy/build/libdaisy.a(system.o)
                0x0800345c                SysTick_Handler
 .text.OTG_HS_EP1_OUT_IRQHandler
                0x0800346c       0x24 ../../libDaisy/build/libdaisy.a(system.o)
                0x0800346c                OTG_HS_EP1_OUT_IRQHandler
 .text.OTG_HS_EP1_IN_IRQHandler
                0x08003490       0x24 ../../libDaisy/build/libdaisy.a(system.o)
                0x08003490                OTG_HS_EP1_IN_IRQHandler
 .text.OTG_HS_IRQHandler
                0x080034b4       0x24 ../../libDaisy/build/libdaisy.a(system.o)
                0x080034b4                OTG_HS_IRQHandler
 .text.HardFault_Handler
                0x080034d8       0xe0 ../../libDaisy/build/libdaisy.a(system.o)
                0x080034d8                HardFault_Handler
 .text._ZN5daisy6System5DelayEm
                0x080035b8        0x4 ../../libDaisy/build/libdaisy.a(system.o)
                0x080035b8                daisy::System::Delay(unsigned long)
 .text._ZN5daisy6System20GetBootloaderVersionEv
                0x080035bc       0x34 ../../libDaisy/build/libdaisy.a(system.o)
                0x080035bc                daisy::System::GetBootloaderVersion()
 .text._ZN5daisy6System15ConfigureClocksEv
                0x080035f0      0x194 ../../libDaisy/build/libdaisy.a(system.o)
                0x080035f0                daisy::System::ConfigureClocks()
 .text._ZN5daisy6System12ConfigureMpuEv
                0x08003784       0x7c ../../libDaisy/build/libdaisy.a(system.o)
                0x08003784                daisy::System::ConfigureMpu()
 .text._ZN5daisy6System4InitERKNS0_6ConfigE
                0x08003800       0xec ../../libDaisy/build/libdaisy.a(system.o)
                0x08003800                daisy::System::Init(daisy::System::Config const&)
 .text._ZN5daisy6System12GetPClk1FreqEv
                0x080038ec        0x4 ../../libDaisy/build/libdaisy.a(system.o)
                0x080038ec                daisy::System::GetPClk1Freq()
 .text._ZN5daisy6System22GetProgramMemoryRegionEv
                0x080038f0       0x78 ../../libDaisy/build/libdaisy.a(system.o)
                0x080038f0                daisy::System::GetProgramMemoryRegion()
 .text.startup._GLOBAL__sub_I__ZN5daisy9boot_infoE
                0x08003968       0x20 ../../libDaisy/build/libdaisy.a(system.o)
 .text.SystemInit
                0x08003988       0x98 ../../libDaisy/build/libdaisy.a(system_stm32h7xx.o)
                0x08003988                SystemInit
 .text.HAL_PCD_SetupStageCallback
                0x08003a20        0xc ../../libDaisy/build/libdaisy.a(usbd_conf.o)
                0x08003a20                HAL_PCD_SetupStageCallback
 .text.HAL_PCD_DataOutStageCallback
                0x08003a2c       0x14 ../../libDaisy/build/libdaisy.a(usbd_conf.o)
                0x08003a2c                HAL_PCD_DataOutStageCallback
 .text.HAL_PCD_DataInStageCallback
                0x08003a40       0x14 ../../libDaisy/build/libdaisy.a(usbd_conf.o)
                0x08003a40                HAL_PCD_DataInStageCallback
 .text.HAL_PCD_SOFCallback
                0x08003a54        0x8 ../../libDaisy/build/libdaisy.a(usbd_conf.o)
                0x08003a54                HAL_PCD_SOFCallback
 .text.HAL_PCD_ResetCallback
                0x08003a5c       0x24 ../../libDaisy/build/libdaisy.a(usbd_conf.o)
                0x08003a5c                HAL_PCD_ResetCallback
 .text.HAL_PCD_SuspendCallback
                0x08003a80       0x30 ../../libDaisy/build/libdaisy.a(usbd_conf.o)
                0x08003a80                HAL_PCD_SuspendCallback
 .text.HAL_PCD_ResumeCallback
                0x08003ab0        0x8 ../../libDaisy/build/libdaisy.a(usbd_conf.o)
                0x08003ab0                HAL_PCD_ResumeCallback
 .text.HAL_PCD_ISOOUTIncompleteCallback
                0x08003ab8        0x8 ../../libDaisy/build/libdaisy.a(usbd_conf.o)
                0x08003ab8                HAL_PCD_ISOOUTIncompleteCallback
 .text.HAL_PCD_ISOINIncompleteCallback
                0x08003ac0        0x8 ../../libDaisy/build/libdaisy.a(usbd_conf.o)
                0x08003ac0                HAL_PCD_ISOINIncompleteCallback
 .text.HAL_PCD_ConnectCallback
                0x08003ac8        0x8 ../../libDaisy/build/libdaisy.a(usbd_conf.o)
                0x08003ac8                HAL_PCD_ConnectCallback
 .text.HAL_PCD_DisconnectCallback
                0x08003ad0        0x8 ../../libDaisy/build/libdaisy.a(usbd_conf.o)
                0x08003ad0                HAL_PCD_DisconnectCallback
 .text.USBD_LL_OpenEP
                0x08003ad8       0x1c ../../libDaisy/build/libdaisy.a(usbd_conf.o)
                0x08003ad8                USBD_LL_OpenEP
 .text.USBD_LL_StallEP
                0x08003af4       0x18 ../../libDaisy/build/libdaisy.a(usbd_conf.o)
                0x08003af4                USBD_LL_StallEP
 .text.USBD_LL_ClearStallEP
                0x08003b0c       0x18 ../../libDaisy/build/libdaisy.a(usbd_conf.o)
                0x08003b0c                USBD_LL_ClearStallEP
 .text.USBD_LL_IsStallEP
                0x08003b24       0x28 ../../libDaisy/build/libdaisy.a(usbd_conf.o)
                0x08003b24                USBD_LL_IsStallEP
 .text.USBD_LL_SetUSBAddress
                0x08003b4c       0x18 ../../libDaisy/build/libdaisy.a(usbd_conf.o)
                0x08003b4c                USBD_LL_SetUSBAddress
 .text.USBD_LL_Transmit
                0x08003b64       0x18 ../../libDaisy/build/libdaisy.a(usbd_conf.o)
                0x08003b64                USBD_LL_Transmit
 .text.USBD_LL_PrepareReceive
                0x08003b7c       0x18 ../../libDaisy/build/libdaisy.a(usbd_conf.o)
                0x08003b7c                USBD_LL_PrepareReceive
 .text.HAL_HCD_SOF_Callback
                0x08003b94        0x8 ../../libDaisy/build/libdaisy.a(usbh_conf.o)
                0x08003b94                HAL_HCD_SOF_Callback
 .text.HAL_HCD_Connect_Callback
                0x08003b9c        0x8 ../../libDaisy/build/libdaisy.a(usbh_conf.o)
                0x08003b9c                HAL_HCD_Connect_Callback
 .text.HAL_HCD_Disconnect_Callback
                0x08003ba4        0x8 ../../libDaisy/build/libdaisy.a(usbh_conf.o)
                0x08003ba4                HAL_HCD_Disconnect_Callback
 .text.HAL_HCD_HC_NotifyURBChange_Callback
                0x08003bac        0x4 ../../libDaisy/build/libdaisy.a(usbh_conf.o)
                0x08003bac                HAL_HCD_HC_NotifyURBChange_Callback
 .text.HAL_HCD_PortEnabled_Callback
                0x08003bb0        0x8 ../../libDaisy/build/libdaisy.a(usbh_conf.o)
                0x08003bb0                HAL_HCD_PortEnabled_Callback
 .text.HAL_HCD_PortDisabled_Callback
                0x08003bb8        0x8 ../../libDaisy/build/libdaisy.a(usbh_conf.o)
                0x08003bb8                HAL_HCD_PortDisabled_Callback
 .text.USBH_LL_Stop
                0x08003bc0       0x18 ../../libDaisy/build/libdaisy.a(usbh_conf.o)
                0x08003bc0                USBH_LL_Stop
 .text.dsy_hal_map_get_port
                0x08003bd8       0x10 ../../libDaisy/build/libdaisy.a(hal_map.o)
                0x08003bd8                dsy_hal_map_get_port
 .text.dsy_hal_map_get_pin
                0x08003be8       0x10 ../../libDaisy/build/libdaisy.a(hal_map.o)
                0x08003be8                dsy_hal_map_get_pin
 .text.dsy_hal_map_gpio_clk_enable
                0x08003bf8      0x150 ../../libDaisy/build/libdaisy.a(hal_map.o)
                0x08003bf8                dsy_hal_map_gpio_clk_enable
 .text.HAL_MspInit
                0x08003d48        0x4 ../../libDaisy/build/libdaisy.a(stm32h7xx_hal.o)
                0x08003d48                HAL_MspInit
 .text.HAL_InitTick
                0x08003d4c       0x4c ../../libDaisy/build/libdaisy.a(stm32h7xx_hal.o)
                0x08003d4c                HAL_InitTick
 .text.HAL_Init
                0x08003d98       0x60 ../../libDaisy/build/libdaisy.a(stm32h7xx_hal.o)
                0x08003d98                HAL_Init
 .text.HAL_IncTick
                0x08003df8       0x18 ../../libDaisy/build/libdaisy.a(stm32h7xx_hal.o)
                0x08003df8                HAL_IncTick
 .text.HAL_GetTick
                0x08003e10        0xc ../../libDaisy/build/libdaisy.a(stm32h7xx_hal.o)
                0x08003e10                HAL_GetTick
 .text.HAL_Delay
                0x08003e1c       0x24 ../../libDaisy/build/libdaisy.a(stm32h7xx_hal.o)
                0x08003e1c                HAL_Delay
 .text.HAL_GetREVID
                0x08003e40        0xc ../../libDaisy/build/libdaisy.a(stm32h7xx_hal.o)
                0x08003e40                HAL_GetREVID
 .text.HAL_NVIC_SetPriorityGrouping
                0x08003e4c       0x24 ../../libDaisy/build/libdaisy.a(stm32h7xx_hal_cortex.o)
                0x08003e4c                HAL_NVIC_SetPriorityGrouping
 .text.HAL_NVIC_SetPriority
                0x08003e70       0x78 ../../libDaisy/build/libdaisy.a(stm32h7xx_hal_cortex.o)
                0x08003e70                HAL_NVIC_SetPriority
 .text.HAL_NVIC_EnableIRQ
                0x08003ee8       0x1c ../../libDaisy/build/libdaisy.a(stm32h7xx_hal_cortex.o)
                0x08003ee8                HAL_NVIC_EnableIRQ
 .text.HAL_NVIC_DisableIRQ
                0x08003f04       0x24 ../../libDaisy/build/libdaisy.a(stm32h7xx_hal_cortex.o)
                0x08003f04                HAL_NVIC_DisableIRQ
 .text.HAL_SYSTICK_Config
                0x08003f28       0x2c ../../libDaisy/build/libdaisy.a(stm32h7xx_hal_cortex.o)
                0x08003f28                HAL_SYSTICK_Config
 .text.HAL_MPU_Disable
                0x08003f54       0x1c ../../libDaisy/build/libdaisy.a(stm32h7xx_hal_cortex.o)
                0x08003f54                HAL_MPU_Disable
 .text.HAL_MPU_Enable
                0x08003f70       0x20 ../../libDaisy/build/libdaisy.a(stm32h7xx_hal_cortex.o)
                0x08003f70                HAL_MPU_Enable
 .text.HAL_MPU_ConfigRegion
                0x08003f90       0x64 ../../libDaisy/build/libdaisy.a(stm32h7xx_hal_cortex.o)
                0x08003f90                HAL_MPU_ConfigRegion
 .text.HAL_SYSTICK_Callback
                0x08003ff4        0x4 ../../libDaisy/build/libdaisy.a(stm32h7xx_hal_cortex.o)
                0x08003ff4                HAL_SYSTICK_Callback
 .text.HAL_SYSTICK_IRQHandler
                0x08003ff8        0x8 ../../libDaisy/build/libdaisy.a(stm32h7xx_hal_cortex.o)
                0x08003ff8                HAL_SYSTICK_IRQHandler
 .text.DMA_CalcBaseAndBitshift
                0x08004000      0x100 ../../libDaisy/build/libdaisy.a(stm32h7xx_hal_dma.o)
 .text.DMA_CalcDMAMUXChannelBaseAndMask
                0x08004100       0xd4 ../../libDaisy/build/libdaisy.a(stm32h7xx_hal_dma.o)
 .text.HAL_DMA_Init
                0x080041d4      0x360 ../../libDaisy/build/libdaisy.a(stm32h7xx_hal_dma.o)
                0x080041d4                HAL_DMA_Init
 .text.HAL_DMA_Start_IT
                0x08004534      0x26c ../../libDaisy/build/libdaisy.a(stm32h7xx_hal_dma.o)
                0x08004534                HAL_DMA_Start_IT
 .text.HAL_DMA_Abort_IT
                0x080047a0      0x134 ../../libDaisy/build/libdaisy.a(stm32h7xx_hal_dma.o)
                0x080047a0                HAL_DMA_Abort_IT
 .text.HAL_DMA_IRQHandler
                0x080048d4      0x424 ../../libDaisy/build/libdaisy.a(stm32h7xx_hal_dma.o)
                0x080048d4                HAL_DMA_IRQHandler
 .text.HAL_DMA_GetError
                0x08004cf8        0x4 ../../libDaisy/build/libdaisy.a(stm32h7xx_hal_dma.o)
                0x08004cf8                HAL_DMA_GetError
 .text.HAL_GPIO_Init
                0x08004cfc      0x41c ../../libDaisy/build/libdaisy.a(stm32h7xx_hal_gpio.o)
                0x08004cfc                HAL_GPIO_Init
 .text.HAL_GPIO_DeInit
                0x08005118      0x258 ../../libDaisy/build/libdaisy.a(stm32h7xx_hal_gpio.o)
                0x08005118                HAL_GPIO_DeInit
 .text.HAL_GPIO_ReadPin
                0x08005370        0xc ../../libDaisy/build/libdaisy.a(stm32h7xx_hal_gpio.o)
                0x08005370                HAL_GPIO_ReadPin
 .text.HAL_GPIO_WritePin
                0x0800537c        0x8 ../../libDaisy/build/libdaisy.a(stm32h7xx_hal_gpio.o)
                0x0800537c                HAL_GPIO_WritePin
 .text.HAL_HCD_IRQHandler
                0x08005384      0x768 ../../libDaisy/build/libdaisy.a(stm32h7xx_hal_hcd.o)
                0x08005384                HAL_HCD_IRQHandler
 .text.HAL_HCD_Stop
                0x08005aec       0x28 ../../libDaisy/build/libdaisy.a(stm32h7xx_hal_hcd.o)
                0x08005aec                HAL_HCD_Stop
 .text.I2C_WaitOnTXISFlagUntilTimeout
                0x08005b14       0xcc ../../libDaisy/build/libdaisy.a(stm32h7xx_hal_i2c.o)
 .text.I2C_WaitOnSTOPFlagUntilTimeout
                0x08005be0       0xa8 ../../libDaisy/build/libdaisy.a(stm32h7xx_hal_i2c.o)
 .text.HAL_I2C_Init
                0x08005c88       0xac ../../libDaisy/build/libdaisy.a(stm32h7xx_hal_i2c.o)
                0x08005c88                HAL_I2C_Init
 .text.HAL_I2C_Master_Transmit
                0x08005d34      0x1a8 ../../libDaisy/build/libdaisy.a(stm32h7xx_hal_i2c.o)
                0x08005d34                HAL_I2C_Master_Transmit
 .text.HAL_I2C_Slave_Transmit
                0x08005edc      0x1e4 ../../libDaisy/build/libdaisy.a(stm32h7xx_hal_i2c.o)
                0x08005edc                HAL_I2C_Slave_Transmit
 .text.HAL_I2C_EV_IRQHandler
                0x080060c0       0x10 ../../libDaisy/build/libdaisy.a(stm32h7xx_hal_i2c.o)
                0x080060c0                HAL_I2C_EV_IRQHandler
 .text.HAL_I2C_GetState
                0x080060d0        0x8 ../../libDaisy/build/libdaisy.a(stm32h7xx_hal_i2c.o)
                0x080060d0                HAL_I2C_GetState
 .text.HAL_I2CEx_ConfigAnalogFilter
                0x080060d8       0x54 ../../libDaisy/build/libdaisy.a(stm32h7xx_hal_i2c_ex.o)
                0x080060d8                HAL_I2CEx_ConfigAnalogFilter
 .text.HAL_I2CEx_ConfigDigitalFilter
                0x0800612c       0x58 ../../libDaisy/build/libdaisy.a(stm32h7xx_hal_i2c_ex.o)
                0x0800612c                HAL_I2CEx_ConfigDigitalFilter
 .text.HAL_PCD_IRQHandler
                0x08006184      0x6f8 ../../libDaisy/build/libdaisy.a(stm32h7xx_hal_pcd.o)
                0x08006184                HAL_PCD_IRQHandler
 .text.HAL_PCD_SetAddress
                0x0800687c       0x2c ../../libDaisy/build/libdaisy.a(stm32h7xx_hal_pcd.o)
                0x0800687c                HAL_PCD_SetAddress
 .text.HAL_PCD_EP_Open
                0x080068a8       0x70 ../../libDaisy/build/libdaisy.a(stm32h7xx_hal_pcd.o)
                0x080068a8                HAL_PCD_EP_Open
 .text.HAL_PCD_EP_Receive
                0x08006918       0x4c ../../libDaisy/build/libdaisy.a(stm32h7xx_hal_pcd.o)
                0x08006918                HAL_PCD_EP_Receive
 .text.HAL_PCD_EP_Transmit
                0x08006964       0x50 ../../libDaisy/build/libdaisy.a(stm32h7xx_hal_pcd.o)
                0x08006964                HAL_PCD_EP_Transmit
 .text.HAL_PCD_EP_SetStall
                0x080069b4       0x84 ../../libDaisy/build/libdaisy.a(stm32h7xx_hal_pcd.o)
                0x080069b4                HAL_PCD_EP_SetStall
 .text.HAL_PCD_EP_ClrStall
                0x08006a38       0x70 ../../libDaisy/build/libdaisy.a(stm32h7xx_hal_pcd.o)
                0x08006a38                HAL_PCD_EP_ClrStall
 .text.HAL_PCDEx_LPM_Callback
                0x08006aa8        0x4 ../../libDaisy/build/libdaisy.a(stm32h7xx_hal_pcd_ex.o)
                0x08006aa8                HAL_PCDEx_LPM_Callback
 .text.HAL_PWREx_ConfigSupply
                0x08006aac       0x4c ../../libDaisy/build/libdaisy.a(stm32h7xx_hal_pwr_ex.o)
                0x08006aac                HAL_PWREx_ConfigSupply
 .text.HAL_PWREx_EnableUSBVoltageDetector
                0x08006af8       0x10 ../../libDaisy/build/libdaisy.a(stm32h7xx_hal_pwr_ex.o)
                0x08006af8                HAL_PWREx_EnableUSBVoltageDetector
 .text.QSPI_Config
                0x08006b08      0x188 ../../libDaisy/build/libdaisy.a(stm32h7xx_hal_qspi.o)
 .text.HAL_QSPI_Init
                0x08006c90       0xe8 ../../libDaisy/build/libdaisy.a(stm32h7xx_hal_qspi.o)
                0x08006c90                HAL_QSPI_Init
 .text.HAL_QSPI_DeInit
                0x08006d78       0x3c ../../libDaisy/build/libdaisy.a(stm32h7xx_hal_qspi.o)
                0x08006d78                HAL_QSPI_DeInit
 .text.HAL_QSPI_Command
                0x08006db4       0xf8 ../../libDaisy/build/libdaisy.a(stm32h7xx_hal_qspi.o)
                0x08006db4                HAL_QSPI_Command
 .text.HAL_QSPI_Transmit
                0x08006eac      0x11c ../../libDaisy/build/libdaisy.a(stm32h7xx_hal_qspi.o)
                0x08006eac                HAL_QSPI_Transmit
 .text.HAL_QSPI_Receive
                0x08006fc8      0x124 ../../libDaisy/build/libdaisy.a(stm32h7xx_hal_qspi.o)
                0x08006fc8                HAL_QSPI_Receive
 .text.HAL_QSPI_AutoPolling
                0x080070ec      0x11c ../../libDaisy/build/libdaisy.a(stm32h7xx_hal_qspi.o)
                0x080070ec                HAL_QSPI_AutoPolling
 .text.HAL_QSPI_MemoryMapped
                0x08007208       0xc4 ../../libDaisy/build/libdaisy.a(stm32h7xx_hal_qspi.o)
                0x08007208                HAL_QSPI_MemoryMapped
 .text.HAL_QSPI_ErrorCallback
                0x080072cc        0x4 ../../libDaisy/build/libdaisy.a(stm32h7xx_hal_qspi.o)
                0x080072cc                HAL_QSPI_ErrorCallback
 .text.QSPI_DMAAbortCplt
                0x080072d0       0x38 ../../libDaisy/build/libdaisy.a(stm32h7xx_hal_qspi.o)
 .text.HAL_QSPI_AbortCpltCallback
                0x08007308        0x4 ../../libDaisy/build/libdaisy.a(stm32h7xx_hal_qspi.o)
                0x08007308                HAL_QSPI_AbortCpltCallback
 .text.HAL_QSPI_CmdCpltCallback
                0x0800730c        0x4 ../../libDaisy/build/libdaisy.a(stm32h7xx_hal_qspi.o)
                0x0800730c                HAL_QSPI_CmdCpltCallback
 .text.HAL_QSPI_RxCpltCallback
                0x08007310        0x4 ../../libDaisy/build/libdaisy.a(stm32h7xx_hal_qspi.o)
                0x08007310                HAL_QSPI_RxCpltCallback
 .text.HAL_QSPI_TxCpltCallback
                0x08007314        0x4 ../../libDaisy/build/libdaisy.a(stm32h7xx_hal_qspi.o)
                0x08007314                HAL_QSPI_TxCpltCallback
 .text.HAL_QSPI_FifoThresholdCallback
                0x08007318        0x4 ../../libDaisy/build/libdaisy.a(stm32h7xx_hal_qspi.o)
                0x08007318                HAL_QSPI_FifoThresholdCallback
 .text.HAL_QSPI_StatusMatchCallback
                0x0800731c        0x4 ../../libDaisy/build/libdaisy.a(stm32h7xx_hal_qspi.o)
                0x0800731c                HAL_QSPI_StatusMatchCallback
 .text.HAL_QSPI_TimeOutCallback
                0x08007320        0x4 ../../libDaisy/build/libdaisy.a(stm32h7xx_hal_qspi.o)
                0x08007320                HAL_QSPI_TimeOutCallback
 .text.HAL_QSPI_IRQHandler
                0x08007324      0x210 ../../libDaisy/build/libdaisy.a(stm32h7xx_hal_qspi.o)
                0x08007324                HAL_QSPI_IRQHandler
 .text.HAL_RCC_OscConfig
                0x08007534      0x518 ../../libDaisy/build/libdaisy.a(stm32h7xx_hal_rcc.o)
                0x08007534                HAL_RCC_OscConfig
 .text.HAL_RCC_GetSysClockFreq
                0x08007a4c      0x11c ../../libDaisy/build/libdaisy.a(stm32h7xx_hal_rcc.o)
                0x08007a4c                HAL_RCC_GetSysClockFreq
 .text.HAL_RCC_ClockConfig
                0x08007b68      0x238 ../../libDaisy/build/libdaisy.a(stm32h7xx_hal_rcc.o)
                0x08007b68                HAL_RCC_ClockConfig
 .text.HAL_RCC_GetHCLKFreq
                0x08007da0       0x2c ../../libDaisy/build/libdaisy.a(stm32h7xx_hal_rcc.o)
                0x08007da0                HAL_RCC_GetHCLKFreq
 .text.HAL_RCC_GetPCLK1Freq
                0x08007dcc       0x38 ../../libDaisy/build/libdaisy.a(stm32h7xx_hal_rcc.o)
                0x08007dcc                HAL_RCC_GetPCLK1Freq
 .text.HAL_RCC_GetPCLK2Freq
                0x08007e04       0x38 ../../libDaisy/build/libdaisy.a(stm32h7xx_hal_rcc.o)
                0x08007e04                HAL_RCC_GetPCLK2Freq
 .text.RCCEx_PLL2_Config.part.0
                0x08007e3c       0xe0 ../../libDaisy/build/libdaisy.a(stm32h7xx_hal_rcc_ex.o)
 .text.RCCEx_PLL3_Config.part.0
                0x08007f1c       0xe0 ../../libDaisy/build/libdaisy.a(stm32h7xx_hal_rcc_ex.o)
 .text.HAL_RCCEx_PeriphCLKConfig
                0x08007ffc      0xcd8 ../../libDaisy/build/libdaisy.a(stm32h7xx_hal_rcc_ex.o)
                0x08007ffc                HAL_RCCEx_PeriphCLKConfig
 .text.HAL_RCCEx_GetD3PCLK1Freq
                0x08008cd4       0x24 ../../libDaisy/build/libdaisy.a(stm32h7xx_hal_rcc_ex.o)
                0x08008cd4                HAL_RCCEx_GetD3PCLK1Freq
 .text.HAL_RCCEx_GetPLL2ClockFreq
                0x08008cf8      0x134 ../../libDaisy/build/libdaisy.a(stm32h7xx_hal_rcc_ex.o)
                0x08008cf8                HAL_RCCEx_GetPLL2ClockFreq
 .text.HAL_RCCEx_GetPLL3ClockFreq
                0x08008e2c      0x134 ../../libDaisy/build/libdaisy.a(stm32h7xx_hal_rcc_ex.o)
                0x08008e2c                HAL_RCCEx_GetPLL3ClockFreq
 .text.HAL_RCCEx_GetPLL1ClockFreq
                0x08008f60      0x134 ../../libDaisy/build/libdaisy.a(stm32h7xx_hal_rcc_ex.o)
                0x08008f60                HAL_RCCEx_GetPLL1ClockFreq
 .text.HAL_RCCEx_GetPeriphCLKFreq
                0x08009094      0x164 ../../libDaisy/build/libdaisy.a(stm32h7xx_hal_rcc_ex.o)
                0x08009094                HAL_RCCEx_GetPeriphCLKFreq
 .text.HAL_RCCEx_GetD1SysClockFreq
                0x080091f8       0x2c ../../libDaisy/build/libdaisy.a(stm32h7xx_hal_rcc_ex.o)
                0x080091f8                HAL_RCCEx_GetD1SysClockFreq
 .text.HAL_SAI_Init
                0x08009224      0x38c ../../libDaisy/build/libdaisy.a(stm32h7xx_hal_sai.o)
                0x08009224                HAL_SAI_Init
 .text.HAL_SAI_InitProtocol
                0x080095b0      0x164 ../../libDaisy/build/libdaisy.a(stm32h7xx_hal_sai.o)
                0x080095b0                HAL_SAI_InitProtocol
 .text.HAL_SAI_Transmit_DMA
                0x08009714      0x110 ../../libDaisy/build/libdaisy.a(stm32h7xx_hal_sai.o)
                0x08009714                HAL_SAI_Transmit_DMA
 .text.HAL_SAI_Receive_DMA
                0x08009824       0xc4 ../../libDaisy/build/libdaisy.a(stm32h7xx_hal_sai.o)
                0x08009824                HAL_SAI_Receive_DMA
 .text.HAL_SAI_TxCpltCallback
                0x080098e8        0x4 ../../libDaisy/build/libdaisy.a(stm32h7xx_hal_sai.o)
                0x080098e8                HAL_SAI_TxCpltCallback
 .text.SAI_DMATxCplt
                0x080098ec       0x5c ../../libDaisy/build/libdaisy.a(stm32h7xx_hal_sai.o)
 .text.HAL_SAI_TxHalfCpltCallback
                0x08009948        0x4 ../../libDaisy/build/libdaisy.a(stm32h7xx_hal_sai.o)
                0x08009948                HAL_SAI_TxHalfCpltCallback
 .text.SAI_DMATxHalfCplt
                0x0800994c        0xc ../../libDaisy/build/libdaisy.a(stm32h7xx_hal_sai.o)
 .text.SAI_DMARxCplt
                0x08009958       0x5c ../../libDaisy/build/libdaisy.a(stm32h7xx_hal_sai.o)
 .text.SAI_DMARxHalfCplt
                0x080099b4        0xc ../../libDaisy/build/libdaisy.a(stm32h7xx_hal_sai.o)
 .text.HAL_SAI_ErrorCallback
                0x080099c0        0x4 ../../libDaisy/build/libdaisy.a(stm32h7xx_hal_sai.o)
                0x080099c0                HAL_SAI_ErrorCallback
 .text.SAI_DMAError
                0x080099c4       0x6c ../../libDaisy/build/libdaisy.a(stm32h7xx_hal_sai.o)
 .text.HAL_SDRAM_Init
                0x08009a30       0x54 ../../libDaisy/build/libdaisy.a(stm32h7xx_hal_sdram.o)
                0x08009a30                HAL_SDRAM_Init
 .text.HAL_SDRAM_SendCommand
                0x08009a84       0x40 ../../libDaisy/build/libdaisy.a(stm32h7xx_hal_sdram.o)
                0x08009a84                HAL_SDRAM_SendCommand
 .text.HAL_SDRAM_ProgramRefreshRate
                0x08009ac4       0x30 ../../libDaisy/build/libdaisy.a(stm32h7xx_hal_sdram.o)
                0x08009ac4                HAL_SDRAM_ProgramRefreshRate
 .text.FMC_SDRAM_Init
                0x08009af4       0x6c ../../libDaisy/build/libdaisy.a(stm32h7xx_ll_fmc.o)
                0x08009af4                FMC_SDRAM_Init
 .text.FMC_SDRAM_Timing_Init
                0x08009b60       0x7c ../../libDaisy/build/libdaisy.a(stm32h7xx_ll_fmc.o)
                0x08009b60                FMC_SDRAM_Timing_Init
 .text.FMC_SDRAM_SendCommand
                0x08009bdc       0x28 ../../libDaisy/build/libdaisy.a(stm32h7xx_ll_fmc.o)
                0x08009bdc                FMC_SDRAM_SendCommand
 .text.FMC_SDRAM_ProgramRefreshRate
                0x08009c04       0x14 ../../libDaisy/build/libdaisy.a(stm32h7xx_ll_fmc.o)
                0x08009c04                FMC_SDRAM_ProgramRefreshRate
 .text.USB_SetTurnaroundTime
                0x08009c18      0x104 ../../libDaisy/build/libdaisy.a(stm32h7xx_ll_usb.o)
                0x08009c18                USB_SetTurnaroundTime
 .text.USB_FlushTxFifo
                0x08009d1c       0x34 ../../libDaisy/build/libdaisy.a(stm32h7xx_ll_usb.o)
                0x08009d1c                USB_FlushTxFifo
 .text.USB_GetDevSpeed
                0x08009d50       0x24 ../../libDaisy/build/libdaisy.a(stm32h7xx_ll_usb.o)
                0x08009d50                USB_GetDevSpeed
 .text.USB_ActivateEndpoint
                0x08009d74       0x8c ../../libDaisy/build/libdaisy.a(stm32h7xx_ll_usb.o)
                0x08009d74                USB_ActivateEndpoint
 .text.USB_EPStartXfer
                0x08009e00      0x210 ../../libDaisy/build/libdaisy.a(stm32h7xx_ll_usb.o)
                0x08009e00                USB_EPStartXfer
 .text.USB_EP0StartXfer
                0x0800a010       0xf8 ../../libDaisy/build/libdaisy.a(stm32h7xx_ll_usb.o)
                0x0800a010                USB_EP0StartXfer
 .text.USB_WritePacket
                0x0800a108       0x2c ../../libDaisy/build/libdaisy.a(stm32h7xx_ll_usb.o)
                0x0800a108                USB_WritePacket
 .text.USB_ReadPacket
                0x0800a134       0x28 ../../libDaisy/build/libdaisy.a(stm32h7xx_ll_usb.o)
                0x0800a134                USB_ReadPacket
 .text.USB_EPSetStall
                0x0800a15c       0x70 ../../libDaisy/build/libdaisy.a(stm32h7xx_ll_usb.o)
                0x0800a15c                USB_EPSetStall
 .text.USB_EPClearStall
                0x0800a1cc       0x58 ../../libDaisy/build/libdaisy.a(stm32h7xx_ll_usb.o)
                0x0800a1cc                USB_EPClearStall
 .text.USB_SetDevAddress
                0x0800a224       0x24 ../../libDaisy/build/libdaisy.a(stm32h7xx_ll_usb.o)
                0x0800a224                USB_SetDevAddress
 .text.USB_ReadInterrupts
                0x0800a248       0x14 ../../libDaisy/build/libdaisy.a(stm32h7xx_ll_usb.o)
                0x0800a248                USB_ReadInterrupts
 .text.USB_ReadDevAllOutEpInterrupt
                0x0800a25c       0x1c ../../libDaisy/build/libdaisy.a(stm32h7xx_ll_usb.o)
                0x0800a25c                USB_ReadDevAllOutEpInterrupt
 .text.USB_ReadDevAllInEpInterrupt
                0x0800a278       0x1c ../../libDaisy/build/libdaisy.a(stm32h7xx_ll_usb.o)
                0x0800a278                USB_ReadDevAllInEpInterrupt
 .text.USB_ReadDevOutEPInterrupt
                0x0800a294       0x1c ../../libDaisy/build/libdaisy.a(stm32h7xx_ll_usb.o)
                0x0800a294                USB_ReadDevOutEPInterrupt
 .text.USB_ReadDevInEPInterrupt
                0x0800a2b0       0x38 ../../libDaisy/build/libdaisy.a(stm32h7xx_ll_usb.o)
                0x0800a2b0                USB_ReadDevInEPInterrupt
 .text.USB_GetMode
                0x0800a2e8        0x8 ../../libDaisy/build/libdaisy.a(stm32h7xx_ll_usb.o)
                0x0800a2e8                USB_GetMode
 .text.USB_ActivateSetup
                0x0800a2f0       0x34 ../../libDaisy/build/libdaisy.a(stm32h7xx_ll_usb.o)
                0x0800a2f0                USB_ActivateSetup
 .text.USB_EP0_OutStart
                0x0800a324       0x50 ../../libDaisy/build/libdaisy.a(stm32h7xx_ll_usb.o)
                0x0800a324                USB_EP0_OutStart
 .text.USB_InitFSLSPClkSel
                0x0800a374       0x44 ../../libDaisy/build/libdaisy.a(stm32h7xx_ll_usb.o)
                0x0800a374                USB_InitFSLSPClkSel
 .text.USB_HC_ReadInterrupt
                0x0800a3b8        0x8 ../../libDaisy/build/libdaisy.a(stm32h7xx_ll_usb.o)
                0x0800a3b8                USB_HC_ReadInterrupt
 .text.USB_HC_Halt
                0x0800a3c0       0xc0 ../../libDaisy/build/libdaisy.a(stm32h7xx_ll_usb.o)
                0x0800a3c0                USB_HC_Halt
 .text.USB_StopHost
                0x0800a480      0x2f0 ../../libDaisy/build/libdaisy.a(stm32h7xx_ll_usb.o)
                0x0800a480                USB_StopHost
 .text.USBD_SetClassConfig
                0x0800a770       0x1c ../../libDaisy/build/libdaisy.a(usbd_core.o)
                0x0800a770                USBD_SetClassConfig
 .text.USBD_ClrClassConfig
                0x0800a78c       0x10 ../../libDaisy/build/libdaisy.a(usbd_core.o)
                0x0800a78c                USBD_ClrClassConfig
 .text.USBD_LL_SetupStage
                0x0800a79c       0x5c ../../libDaisy/build/libdaisy.a(usbd_core.o)
                0x0800a79c                USBD_LL_SetupStage
 .text.USBD_LL_DataOutStage
                0x0800a7f8       0x70 ../../libDaisy/build/libdaisy.a(usbd_core.o)
                0x0800a7f8                USBD_LL_DataOutStage
 .text.USBD_LL_DataInStage
                0x0800a868       0xc4 ../../libDaisy/build/libdaisy.a(usbd_core.o)
                0x0800a868                USBD_LL_DataInStage
 .text.USBD_LL_Reset
                0x0800a92c       0x50 ../../libDaisy/build/libdaisy.a(usbd_core.o)
                0x0800a92c                USBD_LL_Reset
 .text.USBD_LL_SetSpeed
                0x0800a97c        0x8 ../../libDaisy/build/libdaisy.a(usbd_core.o)
                0x0800a97c                USBD_LL_SetSpeed
 .text.USBD_LL_Suspend
                0x0800a984       0x14 ../../libDaisy/build/libdaisy.a(usbd_core.o)
                0x0800a984                USBD_LL_Suspend
 .text.USBD_LL_Resume
                0x0800a998       0x10 ../../libDaisy/build/libdaisy.a(usbd_core.o)
                0x0800a998                USBD_LL_Resume
 .text.USBD_LL_SOF
                0x0800a9a8       0x1c ../../libDaisy/build/libdaisy.a(usbd_core.o)
                0x0800a9a8                USBD_LL_SOF
 .text.USBD_LL_IsoINIncomplete
                0x0800a9c4        0x4 ../../libDaisy/build/libdaisy.a(usbd_core.o)
                0x0800a9c4                USBD_LL_IsoINIncomplete
 .text.USBD_LL_IsoOUTIncomplete
                0x0800a9c8        0x4 ../../libDaisy/build/libdaisy.a(usbd_core.o)
                0x0800a9c8                USBD_LL_IsoOUTIncomplete
 .text.USBD_LL_DevConnected
                0x0800a9cc        0x4 ../../libDaisy/build/libdaisy.a(usbd_core.o)
                0x0800a9cc                USBD_LL_DevConnected
 .text.USBD_LL_DevDisconnected
                0x0800a9d0       0x18 ../../libDaisy/build/libdaisy.a(usbd_core.o)
                0x0800a9d0                USBD_LL_DevDisconnected
 .text.USBD_StdDevReq
                0x0800a9e8      0x300 ../../libDaisy/build/libdaisy.a(usbd_ctlreq.o)
                0x0800a9e8                USBD_StdDevReq
 .text.USBD_StdItfReq
                0x0800ace8       0x68 ../../libDaisy/build/libdaisy.a(usbd_ctlreq.o)
                0x0800ace8                USBD_StdItfReq
 .text.USBD_StdEPReq
                0x0800ad50      0x138 ../../libDaisy/build/libdaisy.a(usbd_ctlreq.o)
                0x0800ad50                USBD_StdEPReq
 .text.USBD_ParseSetupRequest
                0x0800ae88       0x18 ../../libDaisy/build/libdaisy.a(usbd_ctlreq.o)
                0x0800ae88                USBD_ParseSetupRequest
 .text.USBD_CtlSendData
                0x0800aea0       0x1c ../../libDaisy/build/libdaisy.a(usbd_ioreq.o)
                0x0800aea0                USBD_CtlSendData
 .text.USBD_CtlContinueSendData
                0x0800aebc       0x14 ../../libDaisy/build/libdaisy.a(usbd_ioreq.o)
                0x0800aebc                USBD_CtlContinueSendData
 .text.USBD_CtlContinueRx
                0x0800aed0       0x14 ../../libDaisy/build/libdaisy.a(usbd_ioreq.o)
                0x0800aed0                USBD_CtlContinueRx
 .text.USBD_CtlSendStatus
                0x0800aee4       0x18 ../../libDaisy/build/libdaisy.a(usbd_ioreq.o)
                0x0800aee4                USBD_CtlSendStatus
 .text.USBD_CtlReceiveStatus
                0x0800aefc       0x18 ../../libDaisy/build/libdaisy.a(usbd_ioreq.o)
                0x0800aefc                USBD_CtlReceiveStatus
 .text.USBH_LL_IncTimer
                0x0800af14       0x20 ../../libDaisy/build/libdaisy.a(usbh_core.o)
                0x0800af14                USBH_LL_IncTimer
 .text.USBH_LL_PortEnabled
                0x0800af34        0x8 ../../libDaisy/build/libdaisy.a(usbh_core.o)
                0x0800af34                USBH_LL_PortEnabled
 .text.USBH_LL_PortDisabled
                0x0800af3c        0x8 ../../libDaisy/build/libdaisy.a(usbh_core.o)
                0x0800af3c                USBH_LL_PortDisabled
 .text.USBH_LL_Connect
                0x0800af44       0x18 ../../libDaisy/build/libdaisy.a(usbh_core.o)
                0x0800af44                USBH_LL_Connect
 .text.USBH_LL_Disconnect
                0x0800af5c       0x2c ../../libDaisy/build/libdaisy.a(usbh_core.o)
                0x0800af5c                USBH_LL_Disconnect
 .text.USBH_FreePipe
                0x0800af88       0x18 ../../libDaisy/build/libdaisy.a(usbh_pipes.o)
                0x0800af88                USBH_FreePipe
 .text._ZN5daisy6Random4InitEv
                0x0800afa0       0x3c ../../libDaisy/build/libdaisy.a(rng.o)
                0x0800afa0                daisy::Random::Init()
 .text._ZN5daisy9SpiHandle4Impl7InitDmaEv
                0x0800afdc       0xec ../../libDaisy/build/libdaisy.a(spi.o)
                0x0800afdc                daisy::SpiHandle::Impl::InitDma()
 .text._ZN5daisy9SpiHandle4Impl10StartDmaTxEPhjPFvPvEPFvS3_NS0_6ResultEES3_
                0x0800b0c8       0x84 ../../libDaisy/build/libdaisy.a(spi.o)
                0x0800b0c8                daisy::SpiHandle::Impl::StartDmaTx(unsigned char*, unsigned int, void (*)(void*), void (*)(void*, daisy::SpiHandle::Result), void*)
 .text._ZN5daisy9SpiHandle4Impl10StartDmaRxEPhjPFvPvEPFvS3_NS0_6ResultEES3_
                0x0800b14c       0x84 ../../libDaisy/build/libdaisy.a(spi.o)
                0x0800b14c                daisy::SpiHandle::Impl::StartDmaRx(unsigned char*, unsigned int, void (*)(void*), void (*)(void*, daisy::SpiHandle::Result), void*)
 .text._ZN5daisy9SpiHandle4Impl12StartDmaRxTxEPhS2_jPFvPvEPFvS3_NS0_6ResultEES3_
                0x0800b1d0       0x88 ../../libDaisy/build/libdaisy.a(spi.o)
                0x0800b1d0                daisy::SpiHandle::Impl::StartDmaRxTx(unsigned char*, unsigned char*, unsigned int, void (*)(void*), void (*)(void*, daisy::SpiHandle::Result), void*)
 .text._ZN5daisy9SpiHandle4Impl8InitPinsEv
                0x0800b258      0x220 ../../libDaisy/build/libdaisy.a(spi.o)
                0x0800b258                daisy::SpiHandle::Impl::InitPins()
 .text.HAL_SPI_MspInit
                0x0800b478      0x1a8 ../../libDaisy/build/libdaisy.a(spi.o)
                0x0800b478                HAL_SPI_MspInit
 .text.dsy_spi_global_init
                0x0800b620       0x80 ../../libDaisy/build/libdaisy.a(spi.o)
                0x0800b620                dsy_spi_global_init
 .text.SPI1_IRQHandler
                0x0800b6a0        0xc ../../libDaisy/build/libdaisy.a(spi.o)
                0x0800b6a0                SPI1_IRQHandler
 .text.SPI2_IRQHandler
                0x0800b6ac        0xc ../../libDaisy/build/libdaisy.a(spi.o)
                0x0800b6ac                SPI2_IRQHandler
 .text.SPI3_IRQHandler
                0x0800b6b8        0xc ../../libDaisy/build/libdaisy.a(spi.o)
                0x0800b6b8                SPI3_IRQHandler
 .text.SPI4_IRQHandler
                0x0800b6c4        0xc ../../libDaisy/build/libdaisy.a(spi.o)
                0x0800b6c4                SPI4_IRQHandler
 .text.SPI5_IRQHandler
                0x0800b6d0        0xc ../../libDaisy/build/libdaisy.a(spi.o)
                0x0800b6d0                SPI5_IRQHandler
 .text.DMA2_Stream2_IRQHandler
                0x0800b6dc       0x34 ../../libDaisy/build/libdaisy.a(spi.o)
                0x0800b6dc                DMA2_Stream2_IRQHandler
 .text.DMA2_Stream3_IRQHandler
                0x0800b710       0x34 ../../libDaisy/build/libdaisy.a(spi.o)
                0x0800b710                DMA2_Stream3_IRQHandler
 .text.HAL_SPI_TxCpltCallback
                0x0800b744       0xc0 ../../libDaisy/build/libdaisy.a(spi.o)
                0x0800b744                HAL_SPI_TxCpltCallback
 .text.HAL_SPI_RxCpltCallback
                0x0800b804       0xc0 ../../libDaisy/build/libdaisy.a(spi.o)
                0x0800b804                HAL_SPI_RxCpltCallback
 .text.HAL_SPI_TxRxCpltCallback
                0x0800b8c4       0xc0 ../../libDaisy/build/libdaisy.a(spi.o)
                0x0800b8c4                HAL_SPI_TxRxCpltCallback
 .text.HAL_SPI_ErrorCallback
                0x0800b984       0xc8 ../../libDaisy/build/libdaisy.a(spi.o)
                0x0800b984                HAL_SPI_ErrorCallback
 *fill*         0x0800ba4c        0x4 
 .text.startup._GLOBAL__sub_I__Z19MapInstanceToHandleP11SPI_TypeDef
                0x0800ba50      0x1bc ../../libDaisy/build/libdaisy.a(spi.o)
 .text.HAL_TIM_Base_MspInit
                0x0800bc0c      0x19c ../../libDaisy/build/libdaisy.a(tim.o)
                0x0800bc0c                HAL_TIM_Base_MspInit
 .text.HAL_TIM_PeriodElapsedCallback
                0x0800bda8       0x44 ../../libDaisy/build/libdaisy.a(tim.o)
                0x0800bda8                HAL_TIM_PeriodElapsedCallback
 .text.TIM2_IRQHandler
                0x0800bdec        0xc ../../libDaisy/build/libdaisy.a(tim.o)
                0x0800bdec                TIM2_IRQHandler
 .text.TIM3_IRQHandler
                0x0800bdf8        0xc ../../libDaisy/build/libdaisy.a(tim.o)
                0x0800bdf8                TIM3_IRQHandler
 .text.TIM4_IRQHandler
                0x0800be04        0xc ../../libDaisy/build/libdaisy.a(tim.o)
                0x0800be04                TIM4_IRQHandler
 .text.TIM5_IRQHandler
                0x0800be10        0xc ../../libDaisy/build/libdaisy.a(tim.o)
                0x0800be10                TIM5_IRQHandler
 .text._ZN5daisy11TimerHandle4InitERKNS0_6ConfigE
                0x0800be1c       0xc8 ../../libDaisy/build/libdaisy.a(tim.o)
                0x0800be1c                daisy::TimerHandle::Init(daisy::TimerHandle::Config const&)
 .text._ZN5daisy11TimerHandle5StartEv
                0x0800bee4       0x24 ../../libDaisy/build/libdaisy.a(tim.o)
                0x0800bee4                daisy::TimerHandle::Start()
 .text.startup._GLOBAL__sub_I__ZN5daisy11TimerHandle4Impl4InitERKNS0_6ConfigE
                0x0800bf08       0x44 ../../libDaisy/build/libdaisy.a(tim.o)
 .text._ZL20UART_CheckRxListenerPN5daisy11UartHandler4ImplE
                0x0800bf4c       0x84 ../../libDaisy/build/libdaisy.a(uart.o)
 .text._ZN5daisy11UartHandler4Impl10StartDmaTxEPhjPFvPvEPFvS3_NS0_6ResultEES3_
                0x0800bfd0      0x170 ../../libDaisy/build/libdaisy.a(uart.o)
                0x0800bfd0                daisy::UartHandler::Impl::StartDmaTx(unsigned char*, unsigned int, void (*)(void*), void (*)(void*, daisy::UartHandler::Result), void*)
 .text._ZN5daisy11UartHandler4Impl10StartDmaRxEPhjPFvPvEPFvS3_NS0_6ResultEES3_
                0x0800c140      0x170 ../../libDaisy/build/libdaisy.a(uart.o)
                0x0800c140                daisy::UartHandler::Impl::StartDmaRx(unsigned char*, unsigned int, void (*)(void*), void (*)(void*, daisy::UartHandler::Result), void*)
 .text._ZN5daisy11UartHandler4Impl19DmaTransferFinishedEP20__UART_HandleTypeDefNS0_6ResultE
                0x0800c2b0       0xc0 ../../libDaisy/build/libdaisy.a(uart.o)
                0x0800c2b0                daisy::UartHandler::Impl::DmaTransferFinished(__UART_HandleTypeDef*, daisy::UartHandler::Result)
 .text._ZN5daisy11UartHandler4Impl8InitPinsEv
                0x0800c370      0x154 ../../libDaisy/build/libdaisy.a(uart.o)
                0x0800c370                daisy::UartHandler::Impl::InitPins()
 .text.HAL_UART_MspInit
                0x0800c4c4      0x20c ../../libDaisy/build/libdaisy.a(uart.o)
                0x0800c4c4                HAL_UART_MspInit
 .text.dsy_uart_global_init
                0x0800c6d0       0xfc ../../libDaisy/build/libdaisy.a(uart.o)
                0x0800c6d0                dsy_uart_global_init
 .text.USART1_IRQHandler
                0x0800c7cc       0x30 ../../libDaisy/build/libdaisy.a(uart.o)
                0x0800c7cc                USART1_IRQHandler
 .text.USART2_IRQHandler
                0x0800c7fc       0x38 ../../libDaisy/build/libdaisy.a(uart.o)
                0x0800c7fc                USART2_IRQHandler
 .text.USART3_IRQHandler
                0x0800c834       0x38 ../../libDaisy/build/libdaisy.a(uart.o)
                0x0800c834                USART3_IRQHandler
 .text.UART4_IRQHandler
                0x0800c86c       0x38 ../../libDaisy/build/libdaisy.a(uart.o)
                0x0800c86c                UART4_IRQHandler
 .text.UART5_IRQHandler
                0x0800c8a4       0x38 ../../libDaisy/build/libdaisy.a(uart.o)
                0x0800c8a4                UART5_IRQHandler
 .text.USART6_IRQHandler
                0x0800c8dc       0x38 ../../libDaisy/build/libdaisy.a(uart.o)
                0x0800c8dc                USART6_IRQHandler
 .text.UART7_IRQHandler
                0x0800c914       0x38 ../../libDaisy/build/libdaisy.a(uart.o)
                0x0800c914                UART7_IRQHandler
 .text.UART8_IRQHandler
                0x0800c94c       0x38 ../../libDaisy/build/libdaisy.a(uart.o)
                0x0800c94c                UART8_IRQHandler
 .text.LPUART1_IRQHandler
                0x0800c984       0x38 ../../libDaisy/build/libdaisy.a(uart.o)
                0x0800c984                LPUART1_IRQHandler
 .text.DMA1_Stream5_IRQHandler
                0x0800c9bc       0x34 ../../libDaisy/build/libdaisy.a(uart.o)
                0x0800c9bc                DMA1_Stream5_IRQHandler
 .text.DMA2_Stream4_IRQHandler
                0x0800c9f0       0x34 ../../libDaisy/build/libdaisy.a(uart.o)
                0x0800c9f0                DMA2_Stream4_IRQHandler
 .text.HAL_UART_TxCpltCallback
                0x0800ca24        0x8 ../../libDaisy/build/libdaisy.a(uart.o)
                0x0800ca24                HAL_UART_TxCpltCallback
 .text.HAL_UART_RxCpltCallback
                0x0800ca2c       0x94 ../../libDaisy/build/libdaisy.a(uart.o)
                0x0800ca2c                HAL_UART_RxCpltCallback
 .text.HAL_UART_RxHalfCpltCallback
                0x0800cac0       0x90 ../../libDaisy/build/libdaisy.a(uart.o)
                0x0800cac0                HAL_UART_RxHalfCpltCallback
 .text.HAL_UART_ErrorCallback
                0x0800cb50        0x8 ../../libDaisy/build/libdaisy.a(uart.o)
                0x0800cb50                HAL_UART_ErrorCallback
 .text.startup._GLOBAL__sub_I__Z19MapInstanceToHandleP13USART_TypeDef
                0x0800cb58      0x19c ../../libDaisy/build/libdaisy.a(uart.o)
 .text.dsy_dma_init
                0x0800ccf4      0x100 ../../libDaisy/build/libdaisy.a(dma.o)
                0x0800ccf4                dsy_dma_init
 .text.dsy_dma_invalidate_cache_for_buffer
                0x0800cdf4       0x2c ../../libDaisy/build/libdaisy.a(dma.o)
                0x0800cdf4                dsy_dma_invalidate_cache_for_buffer
 .text.HAL_MDMA_Abort_IT
                0x0800ce20       0x28 ../../libDaisy/build/libdaisy.a(stm32h7xx_hal_mdma.o)
                0x0800ce20                HAL_MDMA_Abort_IT
 .text.SPI_CloseTransfer
                0x0800ce48       0xb8 ../../libDaisy/build/libdaisy.a(stm32h7xx_hal_spi.o)
 .text.HAL_SPI_Init
                0x0800cf00      0x150 ../../libDaisy/build/libdaisy.a(stm32h7xx_hal_spi.o)
                0x0800cf00                HAL_SPI_Init
 .text.HAL_SPI_Transmit_DMA
                0x0800d050      0x158 ../../libDaisy/build/libdaisy.a(stm32h7xx_hal_spi.o)
                0x0800d050                HAL_SPI_Transmit_DMA
 .text.HAL_SPI_TransmitReceive_DMA
                0x0800d1a8      0x1f0 ../../libDaisy/build/libdaisy.a(stm32h7xx_hal_spi.o)
                0x0800d1a8                HAL_SPI_TransmitReceive_DMA
 .text.HAL_SPI_Receive_DMA
                0x0800d398      0x188 ../../libDaisy/build/libdaisy.a(stm32h7xx_hal_spi.o)
                0x0800d398                HAL_SPI_Receive_DMA
 .text.SPI_DMATransmitCplt
                0x0800d520       0x28 ../../libDaisy/build/libdaisy.a(stm32h7xx_hal_spi.o)
 .text.SPI_DMAReceiveCplt
                0x0800d548       0x28 ../../libDaisy/build/libdaisy.a(stm32h7xx_hal_spi.o)
 .text.SPI_DMATransmitReceiveCplt
                0x0800d570       0x28 ../../libDaisy/build/libdaisy.a(stm32h7xx_hal_spi.o)
 .text.HAL_SPI_TxHalfCpltCallback
                0x0800d598        0x4 ../../libDaisy/build/libdaisy.a(stm32h7xx_hal_spi.o)
                0x0800d598                HAL_SPI_TxHalfCpltCallback
 .text.SPI_DMAHalfTransmitCplt
                0x0800d59c        0xc ../../libDaisy/build/libdaisy.a(stm32h7xx_hal_spi.o)
 .text.HAL_SPI_RxHalfCpltCallback
                0x0800d5a8        0x4 ../../libDaisy/build/libdaisy.a(stm32h7xx_hal_spi.o)
                0x0800d5a8                HAL_SPI_RxHalfCpltCallback
 .text.SPI_DMAHalfReceiveCplt
                0x0800d5ac        0xc ../../libDaisy/build/libdaisy.a(stm32h7xx_hal_spi.o)
 .text.HAL_SPI_TxRxHalfCpltCallback
                0x0800d5b8        0x4 ../../libDaisy/build/libdaisy.a(stm32h7xx_hal_spi.o)
                0x0800d5b8                HAL_SPI_TxRxHalfCpltCallback
 .text.SPI_DMAHalfTransmitReceiveCplt
                0x0800d5bc        0xc ../../libDaisy/build/libdaisy.a(stm32h7xx_hal_spi.o)
 .text.SPI_DMAError
                0x0800d5c8       0xd8 ../../libDaisy/build/libdaisy.a(stm32h7xx_hal_spi.o)
 .text.HAL_SPI_IRQHandler
                0x0800d6a0      0x234 ../../libDaisy/build/libdaisy.a(stm32h7xx_hal_spi.o)
                0x0800d6a0                HAL_SPI_IRQHandler
 .text.SPI_DMAAbortOnError
                0x0800d8d4       0x1c ../../libDaisy/build/libdaisy.a(stm32h7xx_hal_spi.o)
 .text.HAL_SPI_GetState
                0x0800d8f0        0x8 ../../libDaisy/build/libdaisy.a(stm32h7xx_hal_spi.o)
                0x0800d8f0                HAL_SPI_GetState
 .text.HAL_TIM_Base_Init
                0x0800d8f8      0x114 ../../libDaisy/build/libdaisy.a(stm32h7xx_hal_tim.o)
                0x0800d8f8                HAL_TIM_Base_Init
 .text.HAL_TIM_Base_Start
                0x0800da0c       0x34 ../../libDaisy/build/libdaisy.a(stm32h7xx_hal_tim.o)
                0x0800da0c                HAL_TIM_Base_Start
 .text.HAL_TIM_Base_Start_IT
                0x0800da40       0x2c ../../libDaisy/build/libdaisy.a(stm32h7xx_hal_tim.o)
                0x0800da40                HAL_TIM_Base_Start_IT
 .text.HAL_TIM_ConfigClockSource
                0x0800da6c      0x17c ../../libDaisy/build/libdaisy.a(stm32h7xx_hal_tim.o)
                0x0800da6c                HAL_TIM_ConfigClockSource
 .text.HAL_TIM_OC_DelayElapsedCallback
                0x0800dbe8        0x4 ../../libDaisy/build/libdaisy.a(stm32h7xx_hal_tim.o)
                0x0800dbe8                HAL_TIM_OC_DelayElapsedCallback
 .text.HAL_TIM_IC_CaptureCallback
                0x0800dbec        0x4 ../../libDaisy/build/libdaisy.a(stm32h7xx_hal_tim.o)
                0x0800dbec                HAL_TIM_IC_CaptureCallback
 .text.HAL_TIM_PWM_PulseFinishedCallback
                0x0800dbf0        0x4 ../../libDaisy/build/libdaisy.a(stm32h7xx_hal_tim.o)
                0x0800dbf0                HAL_TIM_PWM_PulseFinishedCallback
 .text.HAL_TIM_TriggerCallback
                0x0800dbf4        0x4 ../../libDaisy/build/libdaisy.a(stm32h7xx_hal_tim.o)
                0x0800dbf4                HAL_TIM_TriggerCallback
 .text.HAL_TIM_IRQHandler
                0x0800dbf8      0x170 ../../libDaisy/build/libdaisy.a(stm32h7xx_hal_tim.o)
                0x0800dbf8                HAL_TIM_IRQHandler
 .text.HAL_TIMEx_MasterConfigSynchronization
                0x0800dd68       0x64 ../../libDaisy/build/libdaisy.a(stm32h7xx_hal_tim_ex.o)
                0x0800dd68                HAL_TIMEx_MasterConfigSynchronization
 .text.HAL_TIMEx_CommutCallback
                0x0800ddcc        0x4 ../../libDaisy/build/libdaisy.a(stm32h7xx_hal_tim_ex.o)
                0x0800ddcc                HAL_TIMEx_CommutCallback
 .text.HAL_TIMEx_BreakCallback
                0x0800ddd0        0x4 ../../libDaisy/build/libdaisy.a(stm32h7xx_hal_tim_ex.o)
                0x0800ddd0                HAL_TIMEx_BreakCallback
 .text.HAL_TIMEx_Break2Callback
                0x0800ddd4        0x4 ../../libDaisy/build/libdaisy.a(stm32h7xx_hal_tim_ex.o)
                0x0800ddd4                HAL_TIMEx_Break2Callback
 .text.HAL_UART_Transmit_DMA
                0x0800ddd8       0x90 ../../libDaisy/build/libdaisy.a(stm32h7xx_hal_uart.o)
                0x0800ddd8                HAL_UART_Transmit_DMA
 .text.HAL_UART_Receive_DMA
                0x0800de68       0x98 ../../libDaisy/build/libdaisy.a(stm32h7xx_hal_uart.o)
                0x0800de68                HAL_UART_Receive_DMA
 .text.UART_DMATransmitCplt
                0x0800df00       0x2c ../../libDaisy/build/libdaisy.a(stm32h7xx_hal_uart.o)
 .text.HAL_UART_TxHalfCpltCallback
                0x0800df2c        0x4 ../../libDaisy/build/libdaisy.a(stm32h7xx_hal_uart.o)
                0x0800df2c                HAL_UART_TxHalfCpltCallback
 .text.UART_DMATxHalfCplt
                0x0800df30        0xc ../../libDaisy/build/libdaisy.a(stm32h7xx_hal_uart.o)
 .text.UART_DMAReceiveCplt
                0x0800df3c       0x38 ../../libDaisy/build/libdaisy.a(stm32h7xx_hal_uart.o)
 .text.UART_DMARxHalfCplt
                0x0800df74        0xc ../../libDaisy/build/libdaisy.a(stm32h7xx_hal_uart.o)
 .text.UART_DMAError
                0x0800df80       0x78 ../../libDaisy/build/libdaisy.a(stm32h7xx_hal_uart.o)
 .text.HAL_UART_IRQHandler
                0x0800dff8      0x1e0 ../../libDaisy/build/libdaisy.a(stm32h7xx_hal_uart.o)
                0x0800dff8                HAL_UART_IRQHandler
 .text.UART_DMAAbortOnError
                0x0800e1d8       0x14 ../../libDaisy/build/libdaisy.a(stm32h7xx_hal_uart.o)
 .text.HAL_UART_GetState
                0x0800e1ec        0xc ../../libDaisy/build/libdaisy.a(stm32h7xx_hal_uart.o)
                0x0800e1ec                HAL_UART_GetState
 .text.UART_SetConfig
                0x0800e1f8      0xb00 ../../libDaisy/build/libdaisy.a(stm32h7xx_hal_uart.o)
                0x0800e1f8                UART_SetConfig
 .text.UART_AdvFeatureConfig
                0x0800ecf8       0xb0 ../../libDaisy/build/libdaisy.a(stm32h7xx_hal_uart.o)
                0x0800ecf8                UART_AdvFeatureConfig
 .text.UART_CheckIdleState
                0x0800eda8       0x80 ../../libDaisy/build/libdaisy.a(stm32h7xx_hal_uart.o)
                0x0800eda8                UART_CheckIdleState
 .text.HAL_UART_Init
                0x0800ee28       0x68 ../../libDaisy/build/libdaisy.a(stm32h7xx_hal_uart.o)
                0x0800ee28                HAL_UART_Init
 .text.HAL_UARTEx_WakeupCallback
                0x0800ee90        0x4 ../../libDaisy/build/libdaisy.a(stm32h7xx_hal_uart_ex.o)
                0x0800ee90                HAL_UARTEx_WakeupCallback
 .text.HAL_UARTEx_RxFifoFullCallback
                0x0800ee94        0x4 ../../libDaisy/build/libdaisy.a(stm32h7xx_hal_uart_ex.o)
                0x0800ee94                HAL_UARTEx_RxFifoFullCallback
 .text.HAL_UARTEx_TxFifoEmptyCallback
                0x0800ee98        0x4 ../../libDaisy/build/libdaisy.a(stm32h7xx_hal_uart_ex.o)
                0x0800ee98                HAL_UARTEx_TxFifoEmptyCallback
 .text.__aeabi_atexit
                0x0800ee9c        0xa /Applications/ArmGNUToolchain/14.2.rel1/arm-none-eabi/bin/../lib/gcc/arm-none-eabi/14.2.1/../../../../arm-none-eabi/lib/thumb/v7e-m+dp/hard/libstdc++_nano.a(atexit_arm.o)
                0x0800ee9c                __aeabi_atexit
 *fill*         0x0800eea6        0x2 
 .text.cosf     0x0800eea8      0x1b4 /Applications/ArmGNUToolchain/14.2.rel1/arm-none-eabi/bin/../lib/gcc/arm-none-eabi/14.2.1/../../../../arm-none-eabi/lib/thumb/v7e-m+dp/hard/libm.a(libm_a-cosf.o)
                0x0800eea8                cosf
 .text.with_errnof
                0x0800f05c       0x1c /Applications/ArmGNUToolchain/14.2.rel1/arm-none-eabi/bin/../lib/gcc/arm-none-eabi/14.2.1/../../../../arm-none-eabi/lib/thumb/v7e-m+dp/hard/libm.a(libm_a-math_errf.o)
 .text.__math_invalidf
                0x0800f078       0x20 /Applications/ArmGNUToolchain/14.2.rel1/arm-none-eabi/bin/../lib/gcc/arm-none-eabi/14.2.1/../../../../arm-none-eabi/lib/thumb/v7e-m+dp/hard/libm.a(libm_a-math_errf.o)
                0x0800f078                __math_invalidf
 .text.memset   0x0800f098       0x10 /Applications/ArmGNUToolchain/14.2.rel1/arm-none-eabi/bin/../lib/gcc/arm-none-eabi/14.2.1/../../../../arm-none-eabi/lib/thumb/v7e-m+dp/hard/libc_nano.a(libc_a-memset.o)
                0x0800f098                memset
 .text.__errno  0x0800f0a8        0xc /Applications/ArmGNUToolchain/14.2.rel1/arm-none-eabi/bin/../lib/gcc/arm-none-eabi/14.2.1/../../../../arm-none-eabi/lib/thumb/v7e-m+dp/hard/libc_nano.a(libc_a-errno.o)
                0x0800f0a8                __errno
 .text.__libc_init_array
                0x0800f0b4       0x48 /Applications/ArmGNUToolchain/14.2.rel1/arm-none-eabi/bin/../lib/gcc/arm-none-eabi/14.2.1/../../../../arm-none-eabi/lib/thumb/v7e-m+dp/hard/libc_nano.a(libc_a-init.o)
                0x0800f0b4                __libc_init_array
 .text.__cxa_atexit
                0x0800f0fc       0x1c /Applications/ArmGNUToolchain/14.2.rel1/arm-none-eabi/bin/../lib/gcc/arm-none-eabi/14.2.1/../../../../arm-none-eabi/lib/thumb/v7e-m+dp/hard/libc_nano.a(libc_a-cxa_atexit.o)
                0x0800f0fc                __cxa_atexit
 .text.memcpy   0x0800f118       0x1c /Applications/ArmGNUToolchain/14.2.rel1/arm-none-eabi/bin/../lib/gcc/arm-none-eabi/14.2.1/../../../../arm-none-eabi/lib/thumb/v7e-m+dp/hard/libc_nano.a(libc_a-memcpy-stub.o)
                0x0800f118                memcpy
 .text.__udivmoddi4
                0x0800f134      0x2f8 /Applications/ArmGNUToolchain/14.2.rel1/arm-none-eabi/bin/../lib/gcc/arm-none-eabi/14.2.1/thumb/v7e-m+dp/hard/libgcc.a(_udivmoddi4.o)
                0x0800f134                __udivmoddi4
 *(.rodata)
 .rodata        0x0800f42c       0x10 ../../libDaisy/build/libdaisy.a(i2c.o)
 .rodata        0x0800f43c       0x10 ../../libDaisy/build/libdaisy.a(tim.o)
 .rodata        0x0800f44c       0x12 ../../libDaisy/build/libdaisy.a(uart.o)
 *(.rodata*)
 *fill*         0x0800f45e        0x2 
 .rodata.CSWTCH.44
                0x0800f460       0x14 ../../libDaisy/build/libdaisy.a(sai.o)
 .rodata.CSWTCH.36
                0x0800f474        0xc ../../libDaisy/build/libdaisy.a(sai.o)
 .rodata.CSWTCH.35
                0x0800f480        0x3 ../../libDaisy/build/libdaisy.a(sai.o)
 *fill*         0x0800f483        0x1 
 .rodata.D1CorePrescTable
                0x0800f484       0x10 ../../libDaisy/build/libdaisy.a(system_stm32h7xx.o)
                0x0800f484                D1CorePrescTable
 .rodata.gpio_hal_pin_map
                0x0800f494       0x20 ../../libDaisy/build/libdaisy.a(hal_map.o)
 .rodata.gpio_hal_port_map
                0x0800f4b4       0x30 ../../libDaisy/build/libdaisy.a(hal_map.o)
 .rodata.flagBitshiftOffset.0
                0x0800f4e4        0x8 ../../libDaisy/build/libdaisy.a(stm32h7xx_hal_dma.o)
 .rodata._ZL16pins_periphs_spi
                0x0800f4ec       0x60 ../../libDaisy/build/libdaisy.a(spi.o)
 .rodata._ZL13pins_none_spi
                0x0800f54c        0x3 ../../libDaisy/build/libdaisy.a(spi.o)
 *fill*         0x0800f54f        0x1 
 .rodata.CSWTCH.422
                0x0800f550       0x58 ../../libDaisy/build/libdaisy.a(stm32h7xx_hal_uart.o)
 .rodata.CSWTCH.418
                0x0800f5a8       0x2c ../../libDaisy/build/libdaisy.a(stm32h7xx_hal_uart.o)
 .rodata.__inv_pio4
                0x0800f5d4       0x60 /Applications/ArmGNUToolchain/14.2.rel1/arm-none-eabi/bin/../lib/gcc/arm-none-eabi/14.2.1/../../../../arm-none-eabi/lib/thumb/v7e-m+dp/hard/libm.a(libm_a-sincosf_data.o)
                0x0800f5d4                __inv_pio4
 *fill*         0x0800f634        0x4 
 .rodata.__sincosf_table
                0x0800f638       0xe0 /Applications/ArmGNUToolchain/14.2.rel1/arm-none-eabi/bin/../lib/gcc/arm-none-eabi/14.2.1/../../../../arm-none-eabi/lib/thumb/v7e-m+dp/hard/libm.a(libm_a-sincosf_data.o)
                0x0800f638                __sincosf_table
 *(.glue_7)
 .glue_7        0x0800f718        0x0 linker stubs
 *(.glue_7t)
 .glue_7t       0x0800f718        0x0 linker stubs
 *(.init)
 .init          0x0800f718        0x4 /Applications/ArmGNUToolchain/14.2.rel1/arm-none-eabi/bin/../lib/gcc/arm-none-eabi/14.2.1/thumb/v7e-m+dp/hard/crti.o
                0x0800f718                _init
 .init          0x0800f71c        0x8 /Applications/ArmGNUToolchain/14.2.rel1/arm-none-eabi/bin/../lib/gcc/arm-none-eabi/14.2.1/thumb/v7e-m+dp/hard/crtn.o
 *(.fini)
 .fini          0x0800f724        0x4 /Applications/ArmGNUToolchain/14.2.rel1/arm-none-eabi/bin/../lib/gcc/arm-none-eabi/14.2.1/thumb/v7e-m+dp/hard/crti.o
                0x0800f724                _fini
 .fini          0x0800f728        0x8 /Applications/ArmGNUToolchain/14.2.rel1/arm-none-eabi/bin/../lib/gcc/arm-none-eabi/14.2.1/thumb/v7e-m+dp/hard/crtn.o
                0x0800f730                        . = ALIGN (0x4)
                0x0800f730                        _etext = .

.eh_frame       0x0800f730        0x0
 .eh_frame      0x0800f730        0x0 /Applications/ArmGNUToolchain/14.2.rel1/arm-none-eabi/bin/../lib/gcc/arm-none-eabi/14.2.1/thumb/v7e-m+dp/hard/crtbegin.o

.vfp11_veneer   0x0800f730        0x0
 .vfp11_veneer  0x0800f730        0x0 linker stubs

.v4_bx          0x0800f730        0x0
 .v4_bx         0x0800f730        0x0 linker stubs

.iplt           0x0800f730        0x0
 .iplt          0x0800f730        0x0 /Applications/ArmGNUToolchain/14.2.rel1/arm-none-eabi/bin/../lib/gcc/arm-none-eabi/14.2.1/thumb/v7e-m+dp/hard/crtbegin.o

.ARM.extab      0x0800f730        0x0
                0x0800f730                        . = ALIGN (0x4)
 *(.ARM.extab)
 *(.gnu.linkonce.armextab.*)
                0x0800f730                        . = ALIGN (0x4)

.exidx          0x0800f730        0x8
                0x0800f730                        . = ALIGN (0x4)
                [!provide]                        PROVIDE (__exidx_start = .)
 *(.ARM.exidx*)
 .ARM.exidx.text.__udivmoddi4
                0x0800f730        0x8 /Applications/ArmGNUToolchain/14.2.rel1/arm-none-eabi/bin/../lib/gcc/arm-none-eabi/14.2.1/thumb/v7e-m+dp/hard/libgcc.a(_udivmoddi4.o)
                0x0800f738                        . = ALIGN (0x4)
                [!provide]                        PROVIDE (__exidx_end = .)

.rel.dyn        0x0800f738        0x0
 .rel.iplt      0x0800f738        0x0 /Applications/ArmGNUToolchain/14.2.rel1/arm-none-eabi/bin/../lib/gcc/arm-none-eabi/14.2.1/thumb/v7e-m+dp/hard/crtbegin.o

.ARM.attributes
                0x0800f738       0x2e
 *(.ARM.attributes)
 .ARM.attributes
                0x0800f738       0x20 /Applications/ArmGNUToolchain/14.2.rel1/arm-none-eabi/bin/../lib/gcc/arm-none-eabi/14.2.1/thumb/v7e-m+dp/hard/crti.o
 .ARM.attributes
                0x0800f758       0x32 /Applications/ArmGNUToolchain/14.2.rel1/arm-none-eabi/bin/../lib/gcc/arm-none-eabi/14.2.1/thumb/v7e-m+dp/hard/crtbegin.o
 .ARM.attributes
                0x0800f78a       0x32 build/startup_stm32h750xx.o
 .ARM.attributes
                0x0800f7bc       0x32 build/hearing_aid.o
 .ARM.attributes
                0x0800f7ee       0x32 ../../libDaisy/build/libdaisy.a(daisy_seed.o)
 .ARM.attributes
                0x0800f820       0x32 ../../libDaisy/build/libdaisy.a(codec_ak4556.o)
 .ARM.attributes
                0x0800f852       0x32 ../../libDaisy/build/libdaisy.a(codec_wm8731.o)
 .ARM.attributes
                0x0800f884       0x32 ../../libDaisy/build/libdaisy.a(sdram.o)
 .ARM.attributes
                0x0800f8b6       0x32 ../../libDaisy/build/libdaisy.a(audio.o)
 .ARM.attributes
                0x0800f8e8       0x32 ../../libDaisy/build/libdaisy.a(gpio.o)
 .ARM.attributes
                0x0800f91a       0x32 ../../libDaisy/build/libdaisy.a(i2c.o)
 .ARM.attributes
                0x0800f94c       0x32 ../../libDaisy/build/libdaisy.a(qspi.o)
 .ARM.attributes
                0x0800f97e       0x32 ../../libDaisy/build/libdaisy.a(sai.o)
 .ARM.attributes
                0x0800f9b0       0x32 ../../libDaisy/build/libdaisy.a(system.o)
 .ARM.attributes
                0x0800f9e2       0x32 ../../libDaisy/build/libdaisy.a(system_stm32h7xx.o)
 .ARM.attributes
                0x0800fa14       0x32 ../../libDaisy/build/libdaisy.a(usbd_conf.o)
 .ARM.attributes
                0x0800fa46       0x32 ../../libDaisy/build/libdaisy.a(usbh_conf.o)
 .ARM.attributes
                0x0800fa78       0x32 ../../libDaisy/build/libdaisy.a(hal_map.o)
 .ARM.attributes
                0x0800faaa       0x32 ../../libDaisy/build/libdaisy.a(stm32h7xx_hal.o)
 .ARM.attributes
                0x0800fadc       0x32 ../../libDaisy/build/libdaisy.a(stm32h7xx_hal_cortex.o)
 .ARM.attributes
                0x0800fb0e       0x32 ../../libDaisy/build/libdaisy.a(stm32h7xx_hal_dma.o)
 .ARM.attributes
                0x0800fb40       0x32 ../../libDaisy/build/libdaisy.a(stm32h7xx_hal_gpio.o)
 .ARM.attributes
                0x0800fb72       0x32 ../../libDaisy/build/libdaisy.a(stm32h7xx_hal_hcd.o)
 .ARM.attributes
                0x0800fba4       0x32 ../../libDaisy/build/libdaisy.a(stm32h7xx_hal_i2c.o)
 .ARM.attributes
                0x0800fbd6       0x32 ../../libDaisy/build/libdaisy.a(stm32h7xx_hal_i2c_ex.o)
 .ARM.attributes
                0x0800fc08       0x32 ../../libDaisy/build/libdaisy.a(stm32h7xx_hal_pcd.o)
 .ARM.attributes
                0x0800fc3a       0x32 ../../libDaisy/build/libdaisy.a(stm32h7xx_hal_pcd_ex.o)
 .ARM.attributes
                0x0800fc6c       0x32 ../../libDaisy/build/libdaisy.a(stm32h7xx_hal_pwr_ex.o)
 .ARM.attributes
                0x0800fc9e       0x32 ../../libDaisy/build/libdaisy.a(stm32h7xx_hal_qspi.o)
 .ARM.attributes
                0x0800fcd0       0x32 ../../libDaisy/build/libdaisy.a(stm32h7xx_hal_rcc.o)
 .ARM.attributes
                0x0800fd02       0x32 ../../libDaisy/build/libdaisy.a(stm32h7xx_hal_rcc_ex.o)
 .ARM.attributes
                0x0800fd34       0x32 ../../libDaisy/build/libdaisy.a(stm32h7xx_hal_sai.o)
 .ARM.attributes
                0x0800fd66       0x32 ../../libDaisy/build/libdaisy.a(stm32h7xx_hal_sdram.o)
 .ARM.attributes
                0x0800fd98       0x32 ../../libDaisy/build/libdaisy.a(stm32h7xx_ll_fmc.o)
 .ARM.attributes
                0x0800fdca       0x32 ../../libDaisy/build/libdaisy.a(stm32h7xx_ll_usb.o)
 .ARM.attributes
                0x0800fdfc       0x32 ../../libDaisy/build/libdaisy.a(usbd_core.o)
 .ARM.attributes
                0x0800fe2e       0x32 ../../libDaisy/build/libdaisy.a(usbd_ctlreq.o)
 .ARM.attributes
                0x0800fe60       0x32 ../../libDaisy/build/libdaisy.a(usbd_ioreq.o)
 .ARM.attributes
                0x0800fe92       0x32 ../../libDaisy/build/libdaisy.a(usbh_core.o)
 .ARM.attributes
                0x0800fec4       0x32 ../../libDaisy/build/libdaisy.a(usbh_pipes.o)
 .ARM.attributes
                0x0800fef6       0x32 ../../libDaisy/build/libdaisy.a(rng.o)
 .ARM.attributes
                0x0800ff28       0x32 ../../libDaisy/build/libdaisy.a(spi.o)
 .ARM.attributes
                0x0800ff5a       0x32 ../../libDaisy/build/libdaisy.a(tim.o)
 .ARM.attributes
                0x0800ff8c       0x32 ../../libDaisy/build/libdaisy.a(uart.o)
 .ARM.attributes
                0x0800ffbe       0x32 ../../libDaisy/build/libdaisy.a(dma.o)
 .ARM.attributes
                0x0800fff0       0x32 ../../libDaisy/build/libdaisy.a(stm32h7xx_hal_mdma.o)
 .ARM.attributes
                0x08010022       0x32 ../../libDaisy/build/libdaisy.a(stm32h7xx_hal_spi.o)
 .ARM.attributes
                0x08010054       0x32 ../../libDaisy/build/libdaisy.a(stm32h7xx_hal_tim.o)
 .ARM.attributes
                0x08010086       0x32 ../../libDaisy/build/libdaisy.a(stm32h7xx_hal_tim_ex.o)
 .ARM.attributes
                0x080100b8       0x32 ../../libDaisy/build/libdaisy.a(stm32h7xx_hal_uart.o)
 .ARM.attributes
                0x080100ea       0x32 ../../libDaisy/build/libdaisy.a(stm32h7xx_hal_uart_ex.o)
 .ARM.attributes
                0x0801011c       0x32 /Applications/ArmGNUToolchain/14.2.rel1/arm-none-eabi/bin/../lib/gcc/arm-none-eabi/14.2.1/../../../../arm-none-eabi/lib/thumb/v7e-m+dp/hard/libstdc++_nano.a(atexit_arm.o)
 .ARM.attributes
                0x0801014e       0x32 /Applications/ArmGNUToolchain/14.2.rel1/arm-none-eabi/bin/../lib/gcc/arm-none-eabi/14.2.1/../../../../arm-none-eabi/lib/thumb/v7e-m+dp/hard/libm.a(libm_a-cosf.o)
 .ARM.attributes
                0x08010180       0x32 /Applications/ArmGNUToolchain/14.2.rel1/arm-none-eabi/bin/../lib/gcc/arm-none-eabi/14.2.1/../../../../arm-none-eabi/lib/thumb/v7e-m+dp/hard/libm.a(libm_a-sincosf_data.o)
 .ARM.attributes
                0x080101b2       0x32 /Applications/ArmGNUToolchain/14.2.rel1/arm-none-eabi/bin/../lib/gcc/arm-none-eabi/14.2.1/../../../../arm-none-eabi/lib/thumb/v7e-m+dp/hard/libm.a(libm_a-math_errf.o)
 .ARM.attributes
                0x080101e4       0x32 /Applications/ArmGNUToolchain/14.2.rel1/arm-none-eabi/bin/../lib/gcc/arm-none-eabi/14.2.1/../../../../arm-none-eabi/lib/thumb/v7e-m+dp/hard/libc_nano.a(libc_a-findfp.o)
 .ARM.attributes
                0x08010216       0x32 /Applications/ArmGNUToolchain/14.2.rel1/arm-none-eabi/bin/../lib/gcc/arm-none-eabi/14.2.1/../../../../arm-none-eabi/lib/thumb/v7e-m+dp/hard/libc_nano.a(libc_a-memset.o)
 .ARM.attributes
                0x08010248       0x32 /Applications/ArmGNUToolchain/14.2.rel1/arm-none-eabi/bin/../lib/gcc/arm-none-eabi/14.2.1/../../../../arm-none-eabi/lib/thumb/v7e-m+dp/hard/libc_nano.a(libc_a-errno.o)
 .ARM.attributes
                0x0801027a       0x32 /Applications/ArmGNUToolchain/14.2.rel1/arm-none-eabi/bin/../lib/gcc/arm-none-eabi/14.2.1/../../../../arm-none-eabi/lib/thumb/v7e-m+dp/hard/libc_nano.a(libc_a-init.o)
 .ARM.attributes
                0x080102ac       0x32 /Applications/ArmGNUToolchain/14.2.rel1/arm-none-eabi/bin/../lib/gcc/arm-none-eabi/14.2.1/../../../../arm-none-eabi/lib/thumb/v7e-m+dp/hard/libc_nano.a(libc_a-impure.o)
 .ARM.attributes
                0x080102de       0x32 /Applications/ArmGNUToolchain/14.2.rel1/arm-none-eabi/bin/../lib/gcc/arm-none-eabi/14.2.1/../../../../arm-none-eabi/lib/thumb/v7e-m+dp/hard/libc_nano.a(libc_a-cxa_atexit.o)
 .ARM.attributes
                0x08010310       0x32 /Applications/ArmGNUToolchain/14.2.rel1/arm-none-eabi/bin/../lib/gcc/arm-none-eabi/14.2.1/../../../../arm-none-eabi/lib/thumb/v7e-m+dp/hard/libc_nano.a(libc_a-memcpy-stub.o)
 .ARM.attributes
                0x08010342       0x20 /Applications/ArmGNUToolchain/14.2.rel1/arm-none-eabi/bin/../lib/gcc/arm-none-eabi/14.2.1/thumb/v7e-m+dp/hard/libgcc.a(_arm_addsubdf3.o)
 .ARM.attributes
                0x08010362       0x20 /Applications/ArmGNUToolchain/14.2.rel1/arm-none-eabi/bin/../lib/gcc/arm-none-eabi/14.2.1/thumb/v7e-m+dp/hard/libgcc.a(_aeabi_uldivmod.o)
 .ARM.attributes
                0x08010382       0x32 /Applications/ArmGNUToolchain/14.2.rel1/arm-none-eabi/bin/../lib/gcc/arm-none-eabi/14.2.1/thumb/v7e-m+dp/hard/libgcc.a(_udivmoddi4.o)
 .ARM.attributes
                0x080103b4       0x20 /Applications/ArmGNUToolchain/14.2.rel1/arm-none-eabi/bin/../lib/gcc/arm-none-eabi/14.2.1/thumb/v7e-m+dp/hard/libgcc.a(_dvmd_tls.o)
 .ARM.attributes
                0x080103d4       0x32 /Applications/ArmGNUToolchain/14.2.rel1/arm-none-eabi/bin/../lib/gcc/arm-none-eabi/14.2.1/thumb/v7e-m+dp/hard/crtend.o
 .ARM.attributes
                0x08010406       0x20 /Applications/ArmGNUToolchain/14.2.rel1/arm-none-eabi/bin/../lib/gcc/arm-none-eabi/14.2.1/thumb/v7e-m+dp/hard/crtn.o

.preinit_array  0x0800f738        0x0
                0x0800f738                        PROVIDE (__preinit_array_start = .)